Archive member included because of file (symbol)

/usr/local/gcc-arm-none-eabi-4_9-2015q3/bin/../lib/gcc/arm-none-eabi/4.9.3/../../../../arm-none-eabi/lib/armv7e-m/softfp/libc_nano.a(lib_a-exit.o)
                              /usr/local/gcc-arm-none-eabi-4_9-2015q3/bin/../lib/gcc/arm-none-eabi/4.9.3/../../../../arm-none-eabi/lib/armv7e-m/softfp/crt0.o (exit)
/usr/local/gcc-arm-none-eabi-4_9-2015q3/bin/../lib/gcc/arm-none-eabi/4.9.3/../../../../arm-none-eabi/lib/armv7e-m/softfp/libc_nano.a(lib_a-impure.o)
                              /usr/local/gcc-arm-none-eabi-4_9-2015q3/bin/../lib/gcc/arm-none-eabi/4.9.3/../../../../arm-none-eabi/lib/armv7e-m/softfp/libc_nano.a(lib_a-exit.o) (_global_impure_ptr)
/usr/local/gcc-arm-none-eabi-4_9-2015q3/bin/../lib/gcc/arm-none-eabi/4.9.3/../../../../arm-none-eabi/lib/armv7e-m/softfp/libc_nano.a(lib_a-init.o)
                              /usr/local/gcc-arm-none-eabi-4_9-2015q3/bin/../lib/gcc/arm-none-eabi/4.9.3/../../../../arm-none-eabi/lib/armv7e-m/softfp/crt0.o (__libc_init_array)
/usr/local/gcc-arm-none-eabi-4_9-2015q3/bin/../lib/gcc/arm-none-eabi/4.9.3/../../../../arm-none-eabi/lib/armv7e-m/softfp/libc_nano.a(lib_a-memcmp.o)
                              STM32Cube_FW_F4_V1.9.0/Middlewares/Third_Party/LwIP/src/netif/etharp.o (memcmp)
/usr/local/gcc-arm-none-eabi-4_9-2015q3/bin/../lib/gcc/arm-none-eabi/4.9.3/../../../../arm-none-eabi/lib/armv7e-m/softfp/libc_nano.a(lib_a-memcpy.o)
                              Src/ethernetif.o (memcpy)
/usr/local/gcc-arm-none-eabi-4_9-2015q3/bin/../lib/gcc/arm-none-eabi/4.9.3/../../../../arm-none-eabi/lib/armv7e-m/softfp/libc_nano.a(lib_a-memset.o)
                              /usr/local/gcc-arm-none-eabi-4_9-2015q3/bin/../lib/gcc/arm-none-eabi/4.9.3/../../../../arm-none-eabi/lib/armv7e-m/softfp/crt0.o (memset)
/usr/local/gcc-arm-none-eabi-4_9-2015q3/bin/../lib/gcc/arm-none-eabi/4.9.3/../../../../arm-none-eabi/lib/armv7e-m/softfp/libc_nano.a(lib_a-nano-vfprintf_float.o)
                              (_printf_float)
/usr/local/gcc-arm-none-eabi-4_9-2015q3/bin/../lib/gcc/arm-none-eabi/4.9.3/../../../../arm-none-eabi/lib/armv7e-m/softfp/libc_nano.a(lib_a-nano-vfprintf_i.o)
                              /usr/local/gcc-arm-none-eabi-4_9-2015q3/bin/../lib/gcc/arm-none-eabi/4.9.3/../../../../arm-none-eabi/lib/armv7e-m/softfp/libc_nano.a(lib_a-nano-vfprintf_float.o) (_printf_common)
/usr/local/gcc-arm-none-eabi-4_9-2015q3/bin/../lib/gcc/arm-none-eabi/4.9.3/../../../../arm-none-eabi/lib/armv7e-m/softfp/libc_nano.a(lib_a-nano-vfscanf_float.o)
                              (_scanf_float)
/usr/local/gcc-arm-none-eabi-4_9-2015q3/bin/../lib/gcc/arm-none-eabi/4.9.3/../../../../arm-none-eabi/lib/armv7e-m/softfp/libc_nano.a(lib_a-s_fpclassify.o)
                              /usr/local/gcc-arm-none-eabi-4_9-2015q3/bin/../lib/gcc/arm-none-eabi/4.9.3/../../../../arm-none-eabi/lib/armv7e-m/softfp/libc_nano.a(lib_a-nano-vfprintf_float.o) (__fpclassifyd)
/usr/local/gcc-arm-none-eabi-4_9-2015q3/bin/../lib/gcc/arm-none-eabi/4.9.3/../../../../arm-none-eabi/lib/armv7e-m/softfp/libc_nano.a(lib_a-sf_nan.o)
                              /usr/local/gcc-arm-none-eabi-4_9-2015q3/bin/../lib/gcc/arm-none-eabi/4.9.3/../../../../arm-none-eabi/lib/armv7e-m/softfp/libc_nano.a(lib_a-nano-vfscanf_float.o) (nanf)
/usr/local/gcc-arm-none-eabi-4_9-2015q3/bin/../lib/gcc/arm-none-eabi/4.9.3/../../../../arm-none-eabi/lib/armv7e-m/softfp/libc_nano.a(lib_a-sprintf.o)
                              /usr/local/gcc-arm-none-eabi-4_9-2015q3/bin/../lib/gcc/arm-none-eabi/4.9.3/../../../../arm-none-eabi/lib/armv7e-m/softfp/libc_nano.a(lib_a-nano-vfscanf_float.o) (sprintf)
/usr/local/gcc-arm-none-eabi-4_9-2015q3/bin/../lib/gcc/arm-none-eabi/4.9.3/../../../../arm-none-eabi/lib/armv7e-m/softfp/libc_nano.a(lib_a-strlen.o)
                              STM32Cube_FW_F4_V1.9.0/Middlewares/Third_Party/LwIP/src/core/pbuf.o (strlen)
/usr/local/gcc-arm-none-eabi-4_9-2015q3/bin/../lib/gcc/arm-none-eabi/4.9.3/../../../../arm-none-eabi/lib/armv7e-m/softfp/libc_nano.a(lib_a-strtod.o)
                              /usr/local/gcc-arm-none-eabi-4_9-2015q3/bin/../lib/gcc/arm-none-eabi/4.9.3/../../../../arm-none-eabi/lib/armv7e-m/softfp/libc_nano.a(lib_a-nano-vfscanf_float.o) (_strtod_r)
/usr/local/gcc-arm-none-eabi-4_9-2015q3/bin/../lib/gcc/arm-none-eabi/4.9.3/../../../../arm-none-eabi/lib/armv7e-m/softfp/libc_nano.a(lib_a-strtol.o)
                              /usr/local/gcc-arm-none-eabi-4_9-2015q3/bin/../lib/gcc/arm-none-eabi/4.9.3/../../../../arm-none-eabi/lib/armv7e-m/softfp/libc_nano.a(lib_a-nano-vfscanf_float.o) (_strtol_r)
/usr/local/gcc-arm-none-eabi-4_9-2015q3/bin/../lib/gcc/arm-none-eabi/4.9.3/../../../../arm-none-eabi/lib/armv7e-m/softfp/libc_nano.a(lib_a-ctype_.o)
                              /usr/local/gcc-arm-none-eabi-4_9-2015q3/bin/../lib/gcc/arm-none-eabi/4.9.3/../../../../arm-none-eabi/lib/armv7e-m/softfp/libc_nano.a(lib_a-strtol.o) (__ctype_ptr__)
[...]
Memory Configuration

Name             Origin             Length             Attributes
FLASH            0x0000000008000000 0x0000000000100000 xr
CCM              0x0000000010000000 0x0000000000010000 xrw
RAM              0x0000000020000188 0x000000000001fe78 xrw
*default*        0x0000000000000000 0xffffffffffffffff

Linker script and memory map

LOAD /usr/local/gcc-arm-none-eabi-4_9-2015q3/bin/../lib/gcc/arm-none-eabi/4.9.3/armv7e-m/softfp/crti.o
LOAD /usr/local/gcc-arm-none-eabi-4_9-2015q3/bin/../lib/gcc/arm-none-eabi/4.9.3/armv7e-m/softfp/crtbegin.o
LOAD /usr/local/gcc-arm-none-eabi-4_9-2015q3/bin/../lib/gcc/arm-none-eabi/4.9.3/../../../../arm-none-eabi/lib/armv7e-m/softfp/crt0.o
LOAD main.o
LOAD canbus.o
LOAD uart.o
LOAD leds.o
LOAD STM32Cube_FW_F4_V1.9.0/Drivers/STM32F4xx_HAL_Driver/Src/stm32f4xx_hal.o
LOAD STM32Cube_FW_F4_V1.9.0/Drivers/STM32F4xx_HAL_Driver/Src/stm32f4xx_hal_crc.o
LOAD STM32Cube_FW_F4_V1.9.0/Drivers/STM32F4xx_HAL_Driver/Src/stm32f4xx_hal_can.o
LOAD STM32Cube_FW_F4_V1.9.0/Drivers/STM32F4xx_HAL_Driver/Src/stm32f4xx_hal_uart.o
LOAD STM32Cube_FW_F4_V1.9.0/Drivers/STM32F4xx_HAL_Driver/Src/stm32f4xx_hal_usart.o
LOAD STM32Cube_FW_F4_V1.9.0/Drivers/STM32F4xx_HAL_Driver/Src/stm32f4xx_hal_cortex.o
LOAD STM32Cube_FW_F4_V1.9.0/Drivers/STM32F4xx_HAL_Driver/Src/stm32f4xx_hal_gpio.o
LOAD STM32Cube_FW_F4_V1.9.0/Drivers/STM32F4xx_HAL_Driver/Src/stm32f4xx_hal_rcc.o
LOAD STM32Cube_FW_F4_V1.9.0/Drivers/STM32F4xx_HAL_Driver/Src/stm32f4xx_hal_dma.o
LOAD STM32Cube_FW_F4_V1.9.0/Drivers/STM32F4xx_HAL_Driver/Src/stm32f4xx_hal_spi.o
LOAD STM32Cube_FW_F4_V1.9.0/Drivers/STM32F4xx_HAL_Driver/Src/stm32f4xx_hal_i2c.o
LOAD STM32Cube_FW_F4_V1.9.0/Drivers/STM32F4xx_HAL_Driver/Src/stm32f4xx_hal_i2c_ex.o
LOAD STM32Cube_FW_F4_V1.9.0/Drivers/STM32F4xx_HAL_Driver/Src/stm32f4xx_hal_i2s.o
LOAD STM32Cube_FW_F4_V1.9.0/Drivers/STM32F4xx_HAL_Driver/Src/stm32f4xx_hal_i2s_ex.o
LOAD STM32Cube_FW_F4_V1.9.0/Drivers/CMSIS/Device/ST/STM32F4xx/Source/Templates/system_stm32f4xx.o
LOAD STM32Cube_FW_F4_V1.9.0/Drivers/CMSIS/Device/ST/STM32F4xx/Source/Templates/gcc/startup_stm32f407xx.o
LOAD Src/lwip.o
LOAD Src/ethernetif.o
LOAD Src/stm32f4xx_it.o
LOAD Src/stm32f4xx_hal_msp.o
LOAD STM32Cube_FW_F4_V1.9.0/Middlewares/Third_Party/LwIP/src/netif/etharp.o
LOAD STM32Cube_FW_F4_V1.9.0/Middlewares/Third_Party/LwIP/src/netif/slipif.o
LOAD STM32Cube_FW_F4_V1.9.0/Middlewares/Third_Party/LwIP/src/netif/ppp/auth.o
LOAD STM32Cube_FW_F4_V1.9.0/Middlewares/Third_Party/LwIP/src/netif/ppp/chap.o
LOAD STM32Cube_FW_F4_V1.9.0/Middlewares/Third_Party/LwIP/src/netif/ppp/chpms.o
LOAD STM32Cube_FW_F4_V1.9.0/Middlewares/Third_Party/LwIP/src/netif/ppp/fsm.o
LOAD STM32Cube_FW_F4_V1.9.0/Middlewares/Third_Party/LwIP/src/netif/ppp/ipcp.o
LOAD STM32Cube_FW_F4_V1.9.0/Middlewares/Third_Party/LwIP/src/netif/ppp/lcp.o
LOAD STM32Cube_FW_F4_V1.9.0/Middlewares/Third_Party/LwIP/src/netif/ppp/magic.o
LOAD STM32Cube_FW_F4_V1.9.0/Middlewares/Third_Party/LwIP/src/netif/ppp/md5.o
LOAD STM32Cube_FW_F4_V1.9.0/Middlewares/Third_Party/LwIP/src/netif/ppp/pap.o
LOAD STM32Cube_FW_F4_V1.9.0/Middlewares/Third_Party/LwIP/src/netif/ppp/ppp.o
LOAD STM32Cube_FW_F4_V1.9.0/Middlewares/Third_Party/LwIP/src/netif/ppp/ppp_oe.o
LOAD STM32Cube_FW_F4_V1.9.0/Middlewares/Third_Party/LwIP/src/netif/ppp/randm.o
LOAD STM32Cube_FW_F4_V1.9.0/Middlewares/Third_Party/LwIP/src/netif/ppp/vj.o
LOAD STM32Cube_FW_F4_V1.9.0/Middlewares/Third_Party/LwIP/src/api/api_lib.o
LOAD STM32Cube_FW_F4_V1.9.0/Middlewares/Third_Party/LwIP/src/api/api_msg.o
LOAD STM32Cube_FW_F4_V1.9.0/Middlewares/Third_Party/LwIP/src/api/err.o
LOAD STM32Cube_FW_F4_V1.9.0/Middlewares/Third_Party/LwIP/src/api/netbuf.o
LOAD STM32Cube_FW_F4_V1.9.0/Middlewares/Third_Party/LwIP/src/api/netdb.o
LOAD STM32Cube_FW_F4_V1.9.0/Middlewares/Third_Party/LwIP/src/api/netifapi.o
LOAD STM32Cube_FW_F4_V1.9.0/Middlewares/Third_Party/LwIP/src/api/sockets.o
LOAD STM32Cube_FW_F4_V1.9.0/Middlewares/Third_Party/LwIP/src/api/tcpip.o
LOAD STM32Cube_FW_F4_V1.9.0/Middlewares/Third_Party/LwIP/src/core/def.o
LOAD STM32Cube_FW_F4_V1.9.0/Middlewares/Third_Party/LwIP/src/core/dhcp.o
LOAD STM32Cube_FW_F4_V1.9.0/Middlewares/Third_Party/LwIP/src/core/dns.o
LOAD STM32Cube_FW_F4_V1.9.0/Middlewares/Third_Party/LwIP/src/core/init.o
LOAD STM32Cube_FW_F4_V1.9.0/Middlewares/Third_Party/LwIP/src/core/lwip_timers.o
LOAD STM32Cube_FW_F4_V1.9.0/Middlewares/Third_Party/LwIP/src/core/mem.o
LOAD STM32Cube_FW_F4_V1.9.0/Middlewares/Third_Party/LwIP/src/core/memp.o
LOAD STM32Cube_FW_F4_V1.9.0/Middlewares/Third_Party/LwIP/src/core/netif.o
LOAD STM32Cube_FW_F4_V1.9.0/Middlewares/Third_Party/LwIP/src/core/pbuf.o
LOAD STM32Cube_FW_F4_V1.9.0/Middlewares/Third_Party/LwIP/src/core/raw.o
LOAD STM32Cube_FW_F4_V1.9.0/Middlewares/Third_Party/LwIP/src/core/stats.o
LOAD STM32Cube_FW_F4_V1.9.0/Middlewares/Third_Party/LwIP/src/core/sys.o
LOAD STM32Cube_FW_F4_V1.9.0/Middlewares/Third_Party/LwIP/src/core/tcp.o
LOAD STM32Cube_FW_F4_V1.9.0/Middlewares/Third_Party/LwIP/src/core/tcp_in.o
LOAD STM32Cube_FW_F4_V1.9.0/Middlewares/Third_Party/LwIP/src/core/tcp_out.o
LOAD STM32Cube_FW_F4_V1.9.0/Middlewares/Third_Party/LwIP/src/core/udp.o
LOAD STM32Cube_FW_F4_V1.9.0/Middlewares/Third_Party/LwIP/src/core/snmp/asn1_dec.o
LOAD STM32Cube_FW_F4_V1.9.0/Middlewares/Third_Party/LwIP/src/core/snmp/asn1_enc.o
LOAD STM32Cube_FW_F4_V1.9.0/Middlewares/Third_Party/LwIP/src/core/snmp/mib2.o
LOAD STM32Cube_FW_F4_V1.9.0/Middlewares/Third_Party/LwIP/src/core/snmp/mib_structs.o
LOAD STM32Cube_FW_F4_V1.9.0/Middlewares/Third_Party/LwIP/src/core/snmp/msg_in.o
LOAD STM32Cube_FW_F4_V1.9.0/Middlewares/Third_Party/LwIP/src/core/snmp/msg_out.o
LOAD STM32Cube_FW_F4_V1.9.0/Middlewares/Third_Party/LwIP/src/core/ipv4/autoip.o
LOAD STM32Cube_FW_F4_V1.9.0/Middlewares/Third_Party/LwIP/src/core/ipv4/icmp.o
LOAD STM32Cube_FW_F4_V1.9.0/Middlewares/Third_Party/LwIP/src/core/ipv4/igmp.o
LOAD STM32Cube_FW_F4_V1.9.0/Middlewares/Third_Party/LwIP/src/core/ipv4/inet.o
LOAD STM32Cube_FW_F4_V1.9.0/Middlewares/Third_Party/LwIP/src/core/ipv4/inet_chksum.o
LOAD STM32Cube_FW_F4_V1.9.0/Middlewares/Third_Party/LwIP/src/core/ipv4/ip.o
LOAD STM32Cube_FW_F4_V1.9.0/Middlewares/Third_Party/LwIP/src/core/ipv4/ip_addr.o
LOAD STM32Cube_FW_F4_V1.9.0/Middlewares/Third_Party/LwIP/src/core/ipv4/ip_frag.o
LOAD /var/folders/l5/3m63tqh12vxbk04wkcsyx37h0000gn/T//cc5qwwyN.o
LOAD /usr/local/gcc-arm-none-eabi-4_9-2015q3/bin/../lib/gcc/arm-none-eabi/4.9.3/../../../../arm-none-eabi/lib/armv7e-m/softfp/libstdc++_nano.a
LOAD /usr/local/gcc-arm-none-eabi-4_9-2015q3/bin/../lib/gcc/arm-none-eabi/4.9.3/../../../../arm-none-eabi/lib/armv7e-m/softfp/libsupc++_nano.a
LOAD /usr/local/gcc-arm-none-eabi-4_9-2015q3/bin/../lib/gcc/arm-none-eabi/4.9.3/../../../../arm-none-eabi/lib/armv7e-m/softfp/libm.a
LOAD /usr/local/gcc-arm-none-eabi-4_9-2015q3/bin/../lib/gcc/arm-none-eabi/4.9.3/../../../../arm-none-eabi/lib/armv7e-m/softfp/libc_nano.a
LOAD /usr/local/gcc-arm-none-eabi-4_9-2015q3/bin/../lib/gcc/arm-none-eabi/4.9.3/armv7e-m/softfp/libgcc.a
LOAD /usr/local/gcc-arm-none-eabi-4_9-2015q3/bin/../lib/gcc/arm-none-eabi/4.9.3/../../../../arm-none-eabi/lib/armv7e-m/softfp/libnosys.a
LOAD /usr/local/gcc-arm-none-eabi-4_9-2015q3/bin/../lib/gcc/arm-none-eabi/4.9.3/../../../../arm-none-eabi/lib/armv7e-m/softfp/libstdc++_nano.a
LOAD /usr/local/gcc-arm-none-eabi-4_9-2015q3/bin/../lib/gcc/arm-none-eabi/4.9.3/../../../../arm-none-eabi/lib/armv7e-m/softfp/libsupc++_nano.a
LOAD /usr/local/gcc-arm-none-eabi-4_9-2015q3/bin/../lib/gcc/arm-none-eabi/4.9.3/../../../../arm-none-eabi/lib/armv7e-m/softfp/libm.a
LOAD /usr/local/gcc-arm-none-eabi-4_9-2015q3/bin/../lib/gcc/arm-none-eabi/4.9.3/../../../../arm-none-eabi/lib/armv7e-m/softfp/libc_nano.a
LOAD /usr/local/gcc-arm-none-eabi-4_9-2015q3/bin/../lib/gcc/arm-none-eabi/4.9.3/armv7e-m/softfp/libgcc.a
LOAD /usr/local/gcc-arm-none-eabi-4_9-2015q3/bin/../lib/gcc/arm-none-eabi/4.9.3/../../../../arm-none-eabi/lib/armv7e-m/softfp/libnosys.a
START GROUP
LOAD /usr/local/gcc-arm-none-eabi-4_9-2015q3/bin/../lib/gcc/arm-none-eabi/4.9.3/armv7e-m/softfp/libgcc.a
LOAD /usr/local/gcc-arm-none-eabi-4_9-2015q3/bin/../lib/gcc/arm-none-eabi/4.9.3/../../../../arm-none-eabi/lib/armv7e-m/softfp/libc_nano.a
END GROUP
START GROUP
LOAD /usr/local/gcc-arm-none-eabi-4_9-2015q3/bin/../lib/gcc/arm-none-eabi/4.9.3/armv7e-m/softfp/libgcc.a
LOAD /usr/local/gcc-arm-none-eabi-4_9-2015q3/bin/../lib/gcc/arm-none-eabi/4.9.3/../../../../arm-none-eabi/lib/armv7e-m/softfp/libc_nano.a
END GROUP
LOAD /usr/local/gcc-arm-none-eabi-4_9-2015q3/bin/../lib/gcc/arm-none-eabi/4.9.3/armv7e-m/softfp/crtend.o
LOAD /usr/local/gcc-arm-none-eabi-4_9-2015q3/bin/../lib/gcc/arm-none-eabi/4.9.3/armv7e-m/softfp/crtn.o

.text           0x0000000008000000     0x5744
 *(.isr_vector)
 .isr_vector    0x0000000008000000      0x188 STM32Cube_FW_F4_V1.9.0/Drivers/CMSIS/Device/ST/STM32F4xx/Source/Templates/gcc/startup_stm32f407xx.o
                0x0000000008000000                g_pfnVectors
 *(.text*)
 .text          0x0000000008000188       0x5c /usr/local/gcc-arm-none-eabi-4_9-2015q3/bin/../lib/gcc/arm-none-eabi/4.9.3/armv7e-m/softfp/crtbegin.o
 .text.startup.main
                0x00000000080001e4       0x98 main.o
                0x00000000080001e4                main
 .text.InitializeCANBUS1
                0x000000000800027c       0xe0 canbus.o
                0x000000000800027c                InitializeCANBUS1
 .text.CAN1SendMessage
                0x000000000800035c       0x2c canbus.o
                0x000000000800035c                CAN1SendMessage
 .text.CAN1_RX0_IRQHandler
                0x0000000008000388       0x40 canbus.o
                0x0000000008000388                CAN1_RX0_IRQHandler
 .text.USART2_IRQHandler
                0x00000000080003c8       0x4c uart.o
                0x00000000080003c8                USART2_IRQHandler
 .text.InitializeLEDS
                0x0000000008000414       0x40 leds.o
                0x0000000008000414                InitializeLEDS
 .text.LedState
                0x0000000008000454       0x2c leds.o
                0x0000000008000454                LedState
 .text.HAL_InitTick
                0x0000000008000480       0x24 STM32Cube_FW_F4_V1.9.0/Drivers/STM32F4xx_HAL_Driver/Src/stm32f4xx_hal.o
                0x0000000008000480                HAL_InitTick
 .text.HAL_Init
                0x00000000080004a4       0x34 STM32Cube_FW_F4_V1.9.0/Drivers/STM32F4xx_HAL_Driver/Src/stm32f4xx_hal.o
                0x00000000080004a4                HAL_Init
 .text.HAL_IncTick
                0x00000000080004d8       0x10 STM32Cube_FW_F4_V1.9.0/Drivers/STM32F4xx_HAL_Driver/Src/stm32f4xx_hal.o
                0x00000000080004d8                HAL_IncTick
 .text.HAL_GetTick
                0x00000000080004e8        0xc STM32Cube_FW_F4_V1.9.0/Drivers/STM32F4xx_HAL_Driver/Src/stm32f4xx_hal.o
                0x00000000080004e8                HAL_GetTick
 .text.HAL_CAN_ConfigFilter
                0x00000000080004f4       0xf0 STM32Cube_FW_F4_V1.9.0/Drivers/STM32F4xx_HAL_Driver/Src/stm32f4xx_hal_can.o
                0x00000000080004f4                HAL_CAN_ConfigFilter
 .text.HAL_CAN_Init
                0x00000000080005e4      0x12c STM32Cube_FW_F4_V1.9.0/Drivers/STM32F4xx_HAL_Driver/Src/stm32f4xx_hal_can.o
                0x00000000080005e4                HAL_CAN_Init
 .text.HAL_CAN_Transmit
                0x0000000008000710      0x164 STM32Cube_FW_F4_V1.9.0/Drivers/STM32F4xx_HAL_Driver/Src/stm32f4xx_hal_can.o
                0x0000000008000710                HAL_CAN_Transmit
 .text.HAL_CAN_Receive
                0x0000000008000874      0x14c STM32Cube_FW_F4_V1.9.0/Drivers/STM32F4xx_HAL_Driver/Src/stm32f4xx_hal_can.o
                0x0000000008000874                HAL_CAN_Receive
 .text.UART_WaitOnFlagUntilTimeout.constprop.0
                0x00000000080009c0       0x60 STM32Cube_FW_F4_V1.9.0/Drivers/STM32F4xx_HAL_Driver/Src/stm32f4xx_hal_uart.o
 .text.HAL_UART_Receive
                0x0000000008000a20       0xbc STM32Cube_FW_F4_V1.9.0/Drivers/STM32F4xx_HAL_Driver/Src/stm32f4xx_hal_uart.o
                0x0000000008000a20                HAL_UART_Receive
 .text.HAL_NVIC_SetPriorityGrouping
                0x0000000008000adc       0x24 STM32Cube_FW_F4_V1.9.0/Drivers/STM32F4xx_HAL_Driver/Src/stm32f4xx_hal_cortex.o
                0x0000000008000adc                HAL_NVIC_SetPriorityGrouping
 .text.HAL_NVIC_SetPriority
                0x0000000008000b00       0x60 STM32Cube_FW_F4_V1.9.0/Drivers/STM32F4xx_HAL_Driver/Src/stm32f4xx_hal_cortex.o
                0x0000000008000b00                HAL_NVIC_SetPriority
 .text.HAL_NVIC_EnableIRQ
                0x0000000008000b60       0x18 STM32Cube_FW_F4_V1.9.0/Drivers/STM32F4xx_HAL_Driver/Src/stm32f4xx_hal_cortex.o
                0x0000000008000b60                HAL_NVIC_EnableIRQ
 .text.HAL_SYSTICK_Config
                0x0000000008000b78       0x2c STM32Cube_FW_F4_V1.9.0/Drivers/STM32F4xx_HAL_Driver/Src/stm32f4xx_hal_cortex.o
                0x0000000008000b78                HAL_SYSTICK_Config
 .text.HAL_SYSTICK_Callback
                0x0000000008000ba4        0x2 STM32Cube_FW_F4_V1.9.0/Drivers/STM32F4xx_HAL_Driver/Src/stm32f4xx_hal_cortex.o
                0x0000000008000ba4                HAL_SYSTICK_Callback
 .text.HAL_SYSTICK_IRQHandler
                0x0000000008000ba6        0x8 STM32Cube_FW_F4_V1.9.0/Drivers/STM32F4xx_HAL_Driver/Src/stm32f4xx_hal_cortex.o
                0x0000000008000ba6                HAL_SYSTICK_IRQHandler
 *fill*         0x0000000008000bae        0x2 
 .text.HAL_GPIO_Init
                0x0000000008000bb0      0x1c8 STM32Cube_FW_F4_V1.9.0/Drivers/STM32F4xx_HAL_Driver/Src/stm32f4xx_hal_gpio.o
                0x0000000008000bb0                HAL_GPIO_Init
 .text.HAL_GPIO_WritePin
                0x0000000008000d78        0x8 STM32Cube_FW_F4_V1.9.0/Drivers/STM32F4xx_HAL_Driver/Src/stm32f4xx_hal_gpio.o
                0x0000000008000d78                HAL_GPIO_WritePin
 .text.HAL_GPIO_TogglePin
                0x0000000008000d80        0x8 STM32Cube_FW_F4_V1.9.0/Drivers/STM32F4xx_HAL_Driver/Src/stm32f4xx_hal_gpio.o
                0x0000000008000d80                HAL_GPIO_TogglePin
 .text.HAL_RCC_GetSysClockFreq
                0x0000000008000d88       0x80 STM32Cube_FW_F4_V1.9.0/Drivers/STM32F4xx_HAL_Driver/Src/stm32f4xx_hal_rcc.o
                0x0000000008000d88                HAL_RCC_GetSysClockFreq
 .text.HAL_RCC_GetHCLKFreq
                0x0000000008000e08       0x34 STM32Cube_FW_F4_V1.9.0/Drivers/STM32F4xx_HAL_Driver/Src/stm32f4xx_hal_rcc.o
                0x0000000008000e08                HAL_RCC_GetHCLKFreq
 .text.SystemInit
                0x0000000008000e3c       0x4c STM32Cube_FW_F4_V1.9.0/Drivers/CMSIS/Device/ST/STM32F4xx/Source/Templates/system_stm32f4xx.o
                0x0000000008000e3c                SystemInit
 .text.Reset_Handler
                0x0000000008000e88       0x50 STM32Cube_FW_F4_V1.9.0/Drivers/CMSIS/Device/ST/STM32F4xx/Source/Templates/gcc/startup_stm32f407xx.o
                0x0000000008000e88                Reset_Handler
 .text.Default_Handler
                0x0000000008000ed8        0x2 STM32Cube_FW_F4_V1.9.0/Drivers/CMSIS/Device/ST/STM32F4xx/Source/Templates/gcc/startup_stm32f407xx.o
                0x0000000008000ed8                DMA1_Stream3_IRQHandler
                0x0000000008000ed8                HASH_RNG_IRQHandler
                0x0000000008000ed8                EXTI2_IRQHandler
                0x0000000008000ed8                TIM8_CC_IRQHandler
                0x0000000008000ed8                DebugMon_Handler
                0x0000000008000ed8                TIM1_CC_IRQHandler
                0x0000000008000ed8                DMA2_Stream5_IRQHandler
                0x0000000008000ed8                HardFault_Handler
                0x0000000008000ed8                DMA1_Stream5_IRQHandler
                0x0000000008000ed8                PVD_IRQHandler
                0x0000000008000ed8                SDIO_IRQHandler
                0x0000000008000ed8                TAMP_STAMP_IRQHandler
                0x0000000008000ed8                PendSV_Handler
                0x0000000008000ed8                NMI_Handler
                0x0000000008000ed8                CAN2_RX1_IRQHandler
                0x0000000008000ed8                EXTI3_IRQHandler
                0x0000000008000ed8                TIM8_TRG_COM_TIM14_IRQHandler
                0x0000000008000ed8                TIM1_UP_TIM10_IRQHandler
                0x0000000008000ed8                TIM8_UP_TIM13_IRQHandler
                0x0000000008000ed8                I2C3_ER_IRQHandler
                0x0000000008000ed8                EXTI0_IRQHandler
                0x0000000008000ed8                I2C2_EV_IRQHandler
                0x0000000008000ed8                DMA1_Stream2_IRQHandler
                0x0000000008000ed8                FPU_IRQHandler
                0x0000000008000ed8                OTG_HS_WKUP_IRQHandler
                0x0000000008000ed8                UsageFault_Handler
                0x0000000008000ed8                CAN2_SCE_IRQHandler
                0x0000000008000ed8                DMA2_Stream2_IRQHandler
                0x0000000008000ed8                SPI1_IRQHandler
                0x0000000008000ed8                TIM6_DAC_IRQHandler
                0x0000000008000ed8                TIM1_BRK_TIM9_IRQHandler
                0x0000000008000ed8                DCMI_IRQHandler
                0x0000000008000ed8                CAN2_RX0_IRQHandler
                0x0000000008000ed8                DMA2_Stream3_IRQHandler
                0x0000000008000ed8                USART6_IRQHandler
                0x0000000008000ed8                USART3_IRQHandler
                0x0000000008000ed8                CAN1_RX1_IRQHandler
                0x0000000008000ed8                UART5_IRQHandler
                0x0000000008000ed8                DMA2_Stream0_IRQHandler
                0x0000000008000ed8                TIM4_IRQHandler
                0x0000000008000ed8                I2C1_EV_IRQHandler
                0x0000000008000ed8                DMA1_Stream6_IRQHandler
                0x0000000008000ed8                DMA1_Stream1_IRQHandler
                0x0000000008000ed8                UART4_IRQHandler
                0x0000000008000ed8                TIM3_IRQHandler
                0x0000000008000ed8                RCC_IRQHandler
                0x0000000008000ed8                TIM8_BRK_TIM12_IRQHandler
                0x0000000008000ed8                Default_Handler
                0x0000000008000ed8                EXTI15_10_IRQHandler
                0x0000000008000ed8                ADC_IRQHandler
                0x0000000008000ed8                DMA1_Stream7_IRQHandler
                0x0000000008000ed8                TIM7_IRQHandler
                0x0000000008000ed8                CAN2_TX_IRQHandler
                0x0000000008000ed8                TIM5_IRQHandler
                0x0000000008000ed8                DMA2_Stream7_IRQHandler
                0x0000000008000ed8                I2C3_EV_IRQHandler
                0x0000000008000ed8                EXTI9_5_IRQHandler
                0x0000000008000ed8                RTC_WKUP_IRQHandler
                0x0000000008000ed8                ETH_WKUP_IRQHandler
                0x0000000008000ed8                SPI2_IRQHandler
                0x0000000008000ed8                OTG_HS_EP1_IN_IRQHandler
                0x0000000008000ed8                MemManage_Handler
                0x0000000008000ed8                DMA1_Stream0_IRQHandler
                0x0000000008000ed8                CAN1_TX_IRQHandler
                0x0000000008000ed8                SVC_Handler
                0x0000000008000ed8                EXTI4_IRQHandler
                0x0000000008000ed8                FSMC_IRQHandler
                0x0000000008000ed8                ETH_IRQHandler
                0x0000000008000ed8                OTG_HS_EP1_OUT_IRQHandler
                0x0000000008000ed8                WWDG_IRQHandler
                0x0000000008000ed8                TIM2_IRQHandler
                0x0000000008000ed8                OTG_FS_WKUP_IRQHandler
                0x0000000008000ed8                TIM1_TRG_COM_TIM11_IRQHandler
                0x0000000008000ed8                OTG_HS_IRQHandler
                0x0000000008000ed8                EXTI1_IRQHandler
                0x0000000008000ed8                I2C2_ER_IRQHandler
                0x0000000008000ed8                DMA2_Stream1_IRQHandler
                0x0000000008000ed8                CAN1_SCE_IRQHandler
                0x0000000008000ed8                FLASH_IRQHandler
                0x0000000008000ed8                DMA2_Stream4_IRQHandler
                0x0000000008000ed8                BusFault_Handler
                0x0000000008000ed8                USART1_IRQHandler
                0x0000000008000ed8                OTG_FS_IRQHandler
                0x0000000008000ed8                SPI3_IRQHandler
                0x0000000008000ed8                DMA1_Stream4_IRQHandler
                0x0000000008000ed8                I2C1_ER_IRQHandler
                0x0000000008000ed8                DMA2_Stream6_IRQHandler
                0x0000000008000ed8                RTC_Alarm_IRQHandler
 .text.SysTick_Handler
                0x0000000008000eda        0xe Src/stm32f4xx_it.o
                0x0000000008000eda                SysTick_Handler
 .text.HAL_MspInit
                0x0000000008000ee8       0x18 Src/stm32f4xx_hal_msp.o
                0x0000000008000ee8                HAL_MspInit
 .text.HAL_CAN_MspInit
                0x0000000008000f00       0x48 Src/stm32f4xx_hal_msp.o
                0x0000000008000f00                HAL_CAN_MspInit
 .text.__libc_init_array
                0x0000000008000f48       0x4c /usr/local/gcc-arm-none-eabi-4_9-2015q3/bin/../lib/gcc/arm-none-eabi/4.9.3/../../../../arm-none-eabi/lib/armv7e-m/softfp/libc_nano.a(lib_a-init.o)
                0x0000000008000f48                __libc_init_array
 .text.memcpy   0x0000000008000f94       0x16 /usr/local/gcc-arm-none-eabi-4_9-2015q3/bin/../lib/gcc/arm-none-eabi/4.9.3/../../../../arm-none-eabi/lib/armv7e-m/softfp/libc_nano.a(lib_a-memcpy.o)
                0x0000000008000f94                memcpy
 .text.memset   0x0000000008000faa       0x10 /usr/local/gcc-arm-none-eabi-4_9-2015q3/bin/../lib/gcc/arm-none-eabi/4.9.3/../../../../arm-none-eabi/lib/armv7e-m/softfp/libc_nano.a(lib_a-memset.o)
                0x0000000008000faa                memset
 .text.__cvt    0x0000000008000fba       0xc0 /usr/local/gcc-arm-none-eabi-4_9-2015q3/bin/../lib/gcc/arm-none-eabi/4.9.3/../../../../arm-none-eabi/lib/armv7e-m/softfp/libc_nano.a(lib_a-nano-vfprintf_float.o)
                0x0000000008000fba                __cvt
 .text.__exponent
                0x000000000800107a       0x60 /usr/local/gcc-arm-none-eabi-4_9-2015q3/bin/../lib/gcc/arm-none-eabi/4.9.3/../../../../arm-none-eabi/lib/armv7e-m/softfp/libc_nano.a(lib_a-nano-vfprintf_float.o)
                0x000000000800107a                __exponent
 *fill*         0x00000000080010da        0x2 
 .text._printf_float
                0x00000000080010dc      0x48c /usr/local/gcc-arm-none-eabi-4_9-2015q3/bin/../lib/gcc/arm-none-eabi/4.9.3/../../../../arm-none-eabi/lib/armv7e-m/softfp/libc_nano.a(lib_a-nano-vfprintf_float.o)
                0x00000000080010dc                _printf_float
 .text._printf_common
                0x0000000008001568       0xea /usr/local/gcc-arm-none-eabi-4_9-2015q3/bin/../lib/gcc/arm-none-eabi/4.9.3/../../../../arm-none-eabi/lib/armv7e-m/softfp/libc_nano.a(lib_a-nano-vfprintf_i.o)
                0x0000000008001568                _printf_common
 *fill*         0x0000000008001652        0x2 
 .text._printf_i
                0x0000000008001654      0x240 /usr/local/gcc-arm-none-eabi-4_9-2015q3/bin/../lib/gcc/arm-none-eabi/4.9.3/../../../../arm-none-eabi/lib/armv7e-m/softfp/libc_nano.a(lib_a-nano-vfprintf_i.o)
                0x0000000008001654                _printf_i
 .text._scanf_float
                0x0000000008001894      0x3cc /usr/local/gcc-arm-none-eabi-4_9-2015q3/bin/../lib/gcc/arm-none-eabi/4.9.3/../../../../arm-none-eabi/lib/armv7e-m/softfp/libc_nano.a(lib_a-nano-vfscanf_float.o)
                0x0000000008001894                _scanf_float
 .text.__fpclassifyd
                0x0000000008001c60       0x54 /usr/local/gcc-arm-none-eabi-4_9-2015q3/bin/../lib/gcc/arm-none-eabi/4.9.3/../../../../arm-none-eabi/lib/armv7e-m/softfp/libc_nano.a(lib_a-s_fpclassify.o)
                0x0000000008001c60                __fpclassifyd
 .text.nanf     0x0000000008001cb4        0x8 /usr/local/gcc-arm-none-eabi-4_9-2015q3/bin/../lib/gcc/arm-none-eabi/4.9.3/../../../../arm-none-eabi/lib/armv7e-m/softfp/libc_nano.a(lib_a-sf_nan.o)
                0x0000000008001cb4                nanf
 .text.sprintf  0x0000000008001cbc       0x48 /usr/local/gcc-arm-none-eabi-4_9-2015q3/bin/../lib/gcc/arm-none-eabi/4.9.3/../../../../arm-none-eabi/lib/armv7e-m/softfp/libc_nano.a(lib_a-sprintf.o)
                0x0000000008001cbc                sprintf
                0x0000000008001cbc                siprintf
 .text.strlen   0x0000000008001d04       0x10 /usr/local/gcc-arm-none-eabi-4_9-2015q3/bin/../lib/gcc/arm-none-eabi/4.9.3/../../../../arm-none-eabi/lib/armv7e-m/softfp/libc_nano.a(lib_a-strlen.o)
                0x0000000008001d04                strlen
 .text.match    0x0000000008001d14       0x26 /usr/local/gcc-arm-none-eabi-4_9-2015q3/bin/../lib/gcc/arm-none-eabi/4.9.3/../../../../arm-none-eabi/lib/armv7e-m/softfp/libc_nano.a(lib_a-strtod.o)
 .text.sulp     0x0000000008001d3a       0x42 /usr/local/gcc-arm-none-eabi-4_9-2015q3/bin/../lib/gcc/arm-none-eabi/4.9.3/../../../../arm-none-eabi/lib/armv7e-m/softfp/libc_nano.a(lib_a-strtod.o)
 *fill*         0x0000000008001d7c        0x4 
 .text._strtod_r
                0x0000000008001d80      0xc24 /usr/local/gcc-arm-none-eabi-4_9-2015q3/bin/../lib/gcc/arm-none-eabi/4.9.3/../../../../arm-none-eabi/lib/armv7e-m/softfp/libc_nano.a(lib_a-strtod.o)
                0x0000000008001d80                _strtod_r
 .text._strtol_r
                0x00000000080029a4      0x10c /usr/local/gcc-arm-none-eabi-4_9-2015q3/bin/../lib/gcc/arm-none-eabi/4.9.3/../../../../arm-none-eabi/lib/armv7e-m/softfp/libc_nano.a(lib_a-strtol.o)
                0x00000000080029a4                _strtol_r
 .text.quorem   0x0000000008002ab0      0x11a /usr/local/gcc-arm-none-eabi-4_9-2015q3/bin/../lib/gcc/arm-none-eabi/4.9.3/../../../../arm-none-eabi/lib/armv7e-m/softfp/libc_nano.a(lib_a-dtoa.o)
 *fill*         0x0000000008002bca        0x6 
 .text._dtoa_r  0x0000000008002bd0      0xb88 /usr/local/gcc-arm-none-eabi-4_9-2015q3/bin/../lib/gcc/arm-none-eabi/4.9.3/../../../../arm-none-eabi/lib/armv7e-m/softfp/libc_nano.a(lib_a-dtoa.o)
                0x0000000008002bd0                _dtoa_r
 .text.rshift   0x0000000008003758       0x6c /usr/local/gcc-arm-none-eabi-4_9-2015q3/bin/../lib/gcc/arm-none-eabi/4.9.3/../../../../arm-none-eabi/lib/armv7e-m/softfp/libc_nano.a(lib_a-gdtoa-gethex.o)
 .text.__hexdig_fun
                0x00000000080037c4       0x2a /usr/local/gcc-arm-none-eabi-4_9-2015q3/bin/../lib/gcc/arm-none-eabi/4.9.3/../../../../arm-none-eabi/lib/armv7e-m/softfp/libc_nano.a(lib_a-gdtoa-gethex.o)
                0x00000000080037c4                __hexdig_fun
 .text.__gethex
                0x00000000080037ee      0x44a /usr/local/gcc-arm-none-eabi-4_9-2015q3/bin/../lib/gcc/arm-none-eabi/4.9.3/../../../../arm-none-eabi/lib/armv7e-m/softfp/libc_nano.a(lib_a-gdtoa-gethex.o)
                0x00000000080037ee                __gethex
 .text.L_shift  0x0000000008003c38       0x24 /usr/local/gcc-arm-none-eabi-4_9-2015q3/bin/../lib/gcc/arm-none-eabi/4.9.3/../../../../arm-none-eabi/lib/armv7e-m/softfp/libc_nano.a(lib_a-gdtoa-hexnan.o)
 .text.__hexnan
                0x0000000008003c5c      0x114 /usr/local/gcc-arm-none-eabi-4_9-2015q3/bin/../lib/gcc/arm-none-eabi/4.9.3/../../../../arm-none-eabi/lib/armv7e-m/softfp/libc_nano.a(lib_a-gdtoa-hexnan.o)
                0x0000000008003c5c                __hexnan
 .text._localeconv_r
                0x0000000008003d70        0x8 /usr/local/gcc-arm-none-eabi-4_9-2015q3/bin/../lib/gcc/arm-none-eabi/4.9.3/../../../../arm-none-eabi/lib/armv7e-m/softfp/libc_nano.a(lib_a-locale.o)
                0x0000000008003d70                _localeconv_r
 .text.malloc   0x0000000008003d78       0x10 /usr/local/gcc-arm-none-eabi-4_9-2015q3/bin/../lib/gcc/arm-none-eabi/4.9.3/../../../../arm-none-eabi/lib/armv7e-m/softfp/libc_nano.a(lib_a-malloc.o)
                0x0000000008003d78                malloc
 .text.memchr   0x0000000008003d88       0x1e /usr/local/gcc-arm-none-eabi-4_9-2015q3/bin/../lib/gcc/arm-none-eabi/4.9.3/../../../../arm-none-eabi/lib/armv7e-m/softfp/libc_nano.a(lib_a-memchr.o)
                0x0000000008003d88                memchr
 .text._Balloc  0x0000000008003da6       0x6a /usr/local/gcc-arm-none-eabi-4_9-2015q3/bin/../lib/gcc/arm-none-eabi/4.9.3/../../../../arm-none-eabi/lib/armv7e-m/softfp/libc_nano.a(lib_a-mprec.o)
                0x0000000008003da6                _Balloc
 .text._Bfree   0x0000000008003e10       0x2e /usr/local/gcc-arm-none-eabi-4_9-2015q3/bin/../lib/gcc/arm-none-eabi/4.9.3/../../../../arm-none-eabi/lib/armv7e-m/softfp/libc_nano.a(lib_a-mprec.o)
                0x0000000008003e10                _Bfree
 .text.__multadd
                0x0000000008003e3e       0x7c /usr/local/gcc-arm-none-eabi-4_9-2015q3/bin/../lib/gcc/arm-none-eabi/4.9.3/../../../../arm-none-eabi/lib/armv7e-m/softfp/libc_nano.a(lib_a-mprec.o)
                0x0000000008003e3e                __multadd
 .text.__s2b    0x0000000008003eba       0x80 /usr/local/gcc-arm-none-eabi-4_9-2015q3/bin/../lib/gcc/arm-none-eabi/4.9.3/../../../../arm-none-eabi/lib/armv7e-m/softfp/libc_nano.a(lib_a-mprec.o)
                0x0000000008003eba                __s2b
 .text.__hi0bits
                0x0000000008003f3a       0x40 /usr/local/gcc-arm-none-eabi-4_9-2015q3/bin/../lib/gcc/arm-none-eabi/4.9.3/../../../../arm-none-eabi/lib/armv7e-m/softfp/libc_nano.a(lib_a-mprec.o)
                0x0000000008003f3a                __hi0bits
 .text.__lo0bits
                0x0000000008003f7a       0x5a /usr/local/gcc-arm-none-eabi-4_9-2015q3/bin/../lib/gcc/arm-none-eabi/4.9.3/../../../../arm-none-eabi/lib/armv7e-m/softfp/libc_nano.a(lib_a-mprec.o)
                0x0000000008003f7a                __lo0bits
 .text.__i2b    0x0000000008003fd4       0x12 /usr/local/gcc-arm-none-eabi-4_9-2015q3/bin/../lib/gcc/arm-none-eabi/4.9.3/../../../../arm-none-eabi/lib/armv7e-m/softfp/libc_nano.a(lib_a-mprec.o)
                0x0000000008003fd4                __i2b
 .text.__multiply
                0x0000000008003fe6      0x122 /usr/local/gcc-arm-none-eabi-4_9-2015q3/bin/../lib/gcc/arm-none-eabi/4.9.3/../../../../arm-none-eabi/lib/armv7e-m/softfp/libc_nano.a(lib_a-mprec.o)
                0x0000000008003fe6                __multiply
 .text.__pow5mult
                0x0000000008004108       0x9c /usr/local/gcc-arm-none-eabi-4_9-2015q3/bin/../lib/gcc/arm-none-eabi/4.9.3/../../../../arm-none-eabi/lib/armv7e-m/softfp/libc_nano.a(lib_a-mprec.o)
                0x0000000008004108                __pow5mult
 .text.__lshift
                0x00000000080041a4       0xa6 /usr/local/gcc-arm-none-eabi-4_9-2015q3/bin/../lib/gcc/arm-none-eabi/4.9.3/../../../../arm-none-eabi/lib/armv7e-m/softfp/libc_nano.a(lib_a-mprec.o)
                0x00000000080041a4                __lshift
 .text.__mcmp   0x000000000800424a       0x38 /usr/local/gcc-arm-none-eabi-4_9-2015q3/bin/../lib/gcc/arm-none-eabi/4.9.3/../../../../arm-none-eabi/lib/armv7e-m/softfp/libc_nano.a(lib_a-mprec.o)
                0x000000000800424a                __mcmp
 .text.__mdiff  0x0000000008004282       0xbe /usr/local/gcc-arm-none-eabi-4_9-2015q3/bin/../lib/gcc/arm-none-eabi/4.9.3/../../../../arm-none-eabi/lib/armv7e-m/softfp/libc_nano.a(lib_a-mprec.o)
                0x0000000008004282                __mdiff
 .text.__ulp    0x0000000008004340       0x48 /usr/local/gcc-arm-none-eabi-4_9-2015q3/bin/../lib/gcc/arm-none-eabi/4.9.3/../../../../arm-none-eabi/lib/armv7e-m/softfp/libc_nano.a(lib_a-mprec.o)
                0x0000000008004340                __ulp
 .text.__b2d    0x0000000008004388       0x9e /usr/local/gcc-arm-none-eabi-4_9-2015q3/bin/../lib/gcc/arm-none-eabi/4.9.3/../../../../arm-none-eabi/lib/armv7e-m/softfp/libc_nano.a(lib_a-mprec.o)
                0x0000000008004388                __b2d
 .text.__d2b    0x0000000008004426       0xa4 /usr/local/gcc-arm-none-eabi-4_9-2015q3/bin/../lib/gcc/arm-none-eabi/4.9.3/../../../../arm-none-eabi/lib/armv7e-m/softfp/libc_nano.a(lib_a-mprec.o)
                0x0000000008004426                __d2b
 .text.__ratio  0x00000000080044ca       0x52 /usr/local/gcc-arm-none-eabi-4_9-2015q3/bin/../lib/gcc/arm-none-eabi/4.9.3/../../../../arm-none-eabi/lib/armv7e-m/softfp/libc_nano.a(lib_a-mprec.o)
                0x00000000080044ca                __ratio
 .text.__copybits
                0x000000000800451c       0x34 /usr/local/gcc-arm-none-eabi-4_9-2015q3/bin/../lib/gcc/arm-none-eabi/4.9.3/../../../../arm-none-eabi/lib/armv7e-m/softfp/libc_nano.a(lib_a-mprec.o)
                0x000000000800451c                __copybits
 .text.__any_on
                0x0000000008004550       0x44 /usr/local/gcc-arm-none-eabi-4_9-2015q3/bin/../lib/gcc/arm-none-eabi/4.9.3/../../../../arm-none-eabi/lib/armv7e-m/softfp/libc_nano.a(lib_a-mprec.o)
                0x0000000008004550                __any_on
 .text._calloc_r
                0x0000000008004594       0x1c /usr/local/gcc-arm-none-eabi-4_9-2015q3/bin/../lib/gcc/arm-none-eabi/4.9.3/../../../../arm-none-eabi/lib/armv7e-m/softfp/libc_nano.a(lib_a-nano-callocr.o)
                0x0000000008004594                _calloc_r
 .text._free_r  0x00000000080045b0       0x88 /usr/local/gcc-arm-none-eabi-4_9-2015q3/bin/../lib/gcc/arm-none-eabi/4.9.3/../../../../arm-none-eabi/lib/armv7e-m/softfp/libc_nano.a(lib_a-nano-freer.o)
                0x00000000080045b0                _free_r
 .text._malloc_r
                0x0000000008004638       0xac /usr/local/gcc-arm-none-eabi-4_9-2015q3/bin/../lib/gcc/arm-none-eabi/4.9.3/../../../../arm-none-eabi/lib/armv7e-m/softfp/libc_nano.a(lib_a-nano-mallocr.o)
                0x0000000008004638                _malloc_r
 .text.__ssputs_r
                0x00000000080046e4       0xb2 /usr/local/gcc-arm-none-eabi-4_9-2015q3/bin/../lib/gcc/arm-none-eabi/4.9.3/../../../../arm-none-eabi/lib/armv7e-m/softfp/libc_nano.a(lib_a-nano-svfprintf.o)
                0x00000000080046e4                __ssputs_r
 *fill*         0x0000000008004796        0x2 
 .text._svfprintf_r
                0x0000000008004798      0x1e4 /usr/local/gcc-arm-none-eabi-4_9-2015q3/bin/../lib/gcc/arm-none-eabi/4.9.3/../../../../arm-none-eabi/lib/armv7e-m/softfp/libc_nano.a(lib_a-nano-svfprintf.o)
                0x0000000008004798                _svfprintf_r
                0x0000000008004798                _svfiprintf_r
 .text._sbrk_r  0x000000000800497c       0x20 /usr/local/gcc-arm-none-eabi-4_9-2015q3/bin/../lib/gcc/arm-none-eabi/4.9.3/../../../../arm-none-eabi/lib/armv7e-m/softfp/libc_nano.a(lib_a-sbrkr.o)
                0x000000000800497c                _sbrk_r
 .text.strncmp  0x000000000800499c       0x34 /usr/local/gcc-arm-none-eabi-4_9-2015q3/bin/../lib/gcc/arm-none-eabi/4.9.3/../../../../arm-none-eabi/lib/armv7e-m/softfp/libc_nano.a(lib_a-strncmp.o)
                0x000000000800499c                strncmp
 .text.memmove  0x00000000080049d0       0x36 /usr/local/gcc-arm-none-eabi-4_9-2015q3/bin/../lib/gcc/arm-none-eabi/4.9.3/../../../../arm-none-eabi/lib/armv7e-m/softfp/libc_nano.a(lib_a-memmove.o)
                0x00000000080049d0                memmove
 .text._realloc_r
                0x0000000008004a06       0x4c /usr/local/gcc-arm-none-eabi-4_9-2015q3/bin/../lib/gcc/arm-none-eabi/4.9.3/../../../../arm-none-eabi/lib/armv7e-m/softfp/libc_nano.a(lib_a-nano-reallocr.o)
                0x0000000008004a06                _realloc_r
 .text._malloc_usable_size_r
                0x0000000008004a52       0x14 /usr/local/gcc-arm-none-eabi-4_9-2015q3/bin/../lib/gcc/arm-none-eabi/4.9.3/../../../../arm-none-eabi/lib/armv7e-m/softfp/libc_nano.a(lib_a-nano-msizer.o)
                0x0000000008004a52                _malloc_usable_size_r
 *fill*         0x0000000008004a66        0x2 
 .text          0x0000000008004a68      0x370 /usr/local/gcc-arm-none-eabi-4_9-2015q3/bin/../lib/gcc/arm-none-eabi/4.9.3/armv7e-m/softfp/libgcc.a(_arm_addsubdf3.o)
                0x0000000008004a68                __aeabi_drsub
                0x0000000008004a70                __subdf3
                0x0000000008004a70                __aeabi_dsub
                0x0000000008004a74                __aeabi_dadd
                0x0000000008004a74                __adddf3
                0x0000000008004cec                __aeabi_ui2d
                0x0000000008004cec                __floatunsidf
                0x0000000008004d0c                __floatsidf
                0x0000000008004d0c                __aeabi_i2d
                0x0000000008004d30                __extendsfdf2
                0x0000000008004d30                __aeabi_f2d
                0x0000000008004d6c                __aeabi_ul2d
                0x0000000008004d6c                __floatundidf
                0x0000000008004d7c                __aeabi_l2d
                0x0000000008004d7c                __floatdidf
 .text          0x0000000008004dd8      0x424 /usr/local/gcc-arm-none-eabi-4_9-2015q3/bin/../lib/gcc/arm-none-eabi/4.9.3/armv7e-m/softfp/libgcc.a(_arm_muldivdf3.o)
                0x0000000008004dd8                __aeabi_dmul
                0x0000000008004dd8                __muldf3
                0x000000000800502c                __aeabi_ddiv
                0x000000000800502c                __divdf3
 .text          0x00000000080051fc      0x110 /usr/local/gcc-arm-none-eabi-4_9-2015q3/bin/../lib/gcc/arm-none-eabi/4.9.3/armv7e-m/softfp/libgcc.a(_arm_cmpdf2.o)
                0x00000000080051fc                __gtdf2
                0x00000000080051fc                __gedf2
                0x0000000008005204                __ltdf2
                0x0000000008005204                __ledf2
                0x000000000800520c                __eqdf2
                0x000000000800520c                __nedf2
                0x000000000800520c                __cmpdf2
                0x0000000008005288                __aeabi_cdrcmple
                0x0000000008005298                __aeabi_cdcmple
                0x0000000008005298                __aeabi_cdcmpeq
                0x00000000080052a8                __aeabi_dcmpeq
                0x00000000080052bc                __aeabi_dcmplt
                0x00000000080052d0                __aeabi_dcmple
                0x00000000080052e4                __aeabi_dcmpge
                0x00000000080052f8                __aeabi_dcmpgt
 .text          0x000000000800530c       0x50 /usr/local/gcc-arm-none-eabi-4_9-2015q3/bin/../lib/gcc/arm-none-eabi/4.9.3/armv7e-m/softfp/libgcc.a(_arm_fixdfsi.o)
                0x000000000800530c                __fixdfsi
                0x000000000800530c                __aeabi_d2iz
 .text          0x000000000800535c       0x40 /usr/local/gcc-arm-none-eabi-4_9-2015q3/bin/../lib/gcc/arm-none-eabi/4.9.3/armv7e-m/softfp/libgcc.a(_arm_fixunsdfsi.o)
                0x000000000800535c                __fixunsdfsi
                0x000000000800535c                __aeabi_d2uiz
 .text          0x000000000800539c       0xa0 /usr/local/gcc-arm-none-eabi-4_9-2015q3/bin/../lib/gcc/arm-none-eabi/4.9.3/armv7e-m/softfp/libgcc.a(_arm_truncdfsf2.o)
                0x000000000800539c                __aeabi_d2f
                0x000000000800539c                __truncdfsf2
 .text._sbrk    0x000000000800543c       0x1c /usr/local/gcc-arm-none-eabi-4_9-2015q3/bin/../lib/gcc/arm-none-eabi/4.9.3/../../../../arm-none-eabi/lib/armv7e-m/softfp/libnosys.a(sbrk.o)
                0x000000000800543c                _sbrk
 *(.init)
 .init          0x0000000008005458        0x4 /usr/local/gcc-arm-none-eabi-4_9-2015q3/bin/../lib/gcc/arm-none-eabi/4.9.3/armv7e-m/softfp/crti.o
                0x0000000008005458                _init
 .init          0x000000000800545c        0x8 /usr/local/gcc-arm-none-eabi-4_9-2015q3/bin/../lib/gcc/arm-none-eabi/4.9.3/armv7e-m/softfp/crtn.o
 *(.fini)
 .fini          0x0000000008005464        0x4 /usr/local/gcc-arm-none-eabi-4_9-2015q3/bin/../lib/gcc/arm-none-eabi/4.9.3/armv7e-m/softfp/crti.o
                0x0000000008005464                _fini
 .fini          0x0000000008005468        0x8 /usr/local/gcc-arm-none-eabi-4_9-2015q3/bin/../lib/gcc/arm-none-eabi/4.9.3/armv7e-m/softfp/crtn.o
 *crtbegin.o(.ctors)
 *crtbegin?.o(.ctors)
 *(EXCLUDE_FILE(*crtend.o *crtend?.o) .ctors)
 *(SORT(.ctors.*))
 *(.ctors)
 *crtbegin.o(.dtors)
 *crtbegin?.o(.dtors)
 *(EXCLUDE_FILE(*crtend.o *crtend?.o) .dtors)
 *(SORT(.dtors.*))
 *(.dtors)
 *(.rodata*)
 .rodata        0x0000000008005470        0x8 main.o
 .rodata.APBAHBPrescTable
                0x0000000008005478       0x10 STM32Cube_FW_F4_V1.9.0/Drivers/STM32F4xx_HAL_Driver/Src/stm32f4xx_hal_rcc.o
                0x0000000008005478                APBAHBPrescTable
 .rodata.str1.1
                0x0000000008005488        0x2 /usr/local/gcc-arm-none-eabi-4_9-2015q3/bin/../lib/gcc/arm-none-eabi/4.9.3/../../../../arm-none-eabi/lib/armv7e-m/softfp/libc_nano.a(lib_a-impure.o)
 .rodata.str1.1
                0x000000000800548a       0x12 /usr/local/gcc-arm-none-eabi-4_9-2015q3/bin/../lib/gcc/arm-none-eabi/4.9.3/../../../../arm-none-eabi/lib/armv7e-m/softfp/libc_nano.a(lib_a-nano-vfprintf_float.o)
 .rodata.str1.1
                0x000000000800549c       0x22 /usr/local/gcc-arm-none-eabi-4_9-2015q3/bin/../lib/gcc/arm-none-eabi/4.9.3/../../../../arm-none-eabi/lib/armv7e-m/softfp/libc_nano.a(lib_a-nano-vfprintf_i.o)
 .rodata.str1.1
                0x00000000080054be        0x5 /usr/local/gcc-arm-none-eabi-4_9-2015q3/bin/../lib/gcc/arm-none-eabi/4.9.3/../../../../arm-none-eabi/lib/armv7e-m/softfp/libc_nano.a(lib_a-nano-vfscanf_float.o)
 .rodata.str1.1
                0x0000000000000000        0x5 /usr/local/gcc-arm-none-eabi-4_9-2015q3/bin/../lib/gcc/arm-none-eabi/4.9.3/../../../../arm-none-eabi/lib/armv7e-m/softfp/libc_nano.a(lib_a-strtod.o)
                                          0xc (size before relaxing)
 *fill*         0x00000000080054c3        0x1 
 .rodata.fpinan.5315
                0x00000000080054c4       0x14 /usr/local/gcc-arm-none-eabi-4_9-2015q3/bin/../lib/gcc/arm-none-eabi/4.9.3/../../../../arm-none-eabi/lib/armv7e-m/softfp/libc_nano.a(lib_a-strtod.o)
 .rodata.tinytens
                0x00000000080054d8       0x28 /usr/local/gcc-arm-none-eabi-4_9-2015q3/bin/../lib/gcc/arm-none-eabi/4.9.3/../../../../arm-none-eabi/lib/armv7e-m/softfp/libc_nano.a(lib_a-strtod.o)
 .rodata.fpi.5279
                0x0000000008005500       0x14 /usr/local/gcc-arm-none-eabi-4_9-2015q3/bin/../lib/gcc/arm-none-eabi/4.9.3/../../../../arm-none-eabi/lib/armv7e-m/softfp/libc_nano.a(lib_a-strtod.o)
 .rodata._ctype_
                0x0000000008005514      0x101 /usr/local/gcc-arm-none-eabi-4_9-2015q3/bin/../lib/gcc/arm-none-eabi/4.9.3/../../../../arm-none-eabi/lib/armv7e-m/softfp/libc_nano.a(lib_a-ctype_.o)
                0x0000000008005514                _ctype_
 .rodata.str1.1
                0x0000000008005615        0xd /usr/local/gcc-arm-none-eabi-4_9-2015q3/bin/../lib/gcc/arm-none-eabi/4.9.3/../../../../arm-none-eabi/lib/armv7e-m/softfp/libc_nano.a(lib_a-dtoa.o)
                                          0xf (size before relaxing)
 .rodata.str1.1
                0x0000000008005622        0x8 /usr/local/gcc-arm-none-eabi-4_9-2015q3/bin/../lib/gcc/arm-none-eabi/4.9.3/../../../../arm-none-eabi/lib/armv7e-m/softfp/libc_nano.a(lib_a-locale.o)
                                          0xb (size before relaxing)
 *fill*         0x000000000800562a        0x6 
 .rodata.__mprec_tens
                0x0000000008005630       0xc8 /usr/local/gcc-arm-none-eabi-4_9-2015q3/bin/../lib/gcc/arm-none-eabi/4.9.3/../../../../arm-none-eabi/lib/armv7e-m/softfp/libc_nano.a(lib_a-mprec.o)
                0x0000000008005630                __mprec_tens
 .rodata.__mprec_bigtens
                0x00000000080056f8       0x28 /usr/local/gcc-arm-none-eabi-4_9-2015q3/bin/../lib/gcc/arm-none-eabi/4.9.3/../../../../arm-none-eabi/lib/armv7e-m/softfp/libc_nano.a(lib_a-mprec.o)
                0x00000000080056f8                __mprec_bigtens
 .rodata.p05.5314
                0x0000000008005720        0xc /usr/local/gcc-arm-none-eabi-4_9-2015q3/bin/../lib/gcc/arm-none-eabi/4.9.3/../../../../arm-none-eabi/lib/armv7e-m/softfp/libc_nano.a(lib_a-mprec.o)
 .rodata.str1.1
                0x000000000800572c       0x11 /usr/local/gcc-arm-none-eabi-4_9-2015q3/bin/../lib/gcc/arm-none-eabi/4.9.3/../../../../arm-none-eabi/lib/armv7e-m/softfp/libc_nano.a(lib_a-nano-svfprintf.o)
 *(.eh_frame*)
 *fill*         0x000000000800573d        0x3 
 .eh_frame      0x0000000008005740        0x0 /usr/local/gcc-arm-none-eabi-4_9-2015q3/bin/../lib/gcc/arm-none-eabi/4.9.3/armv7e-m/softfp/crtbegin.o
 .eh_frame      0x0000000008005740        0x0 /usr/local/gcc-arm-none-eabi-4_9-2015q3/bin/../lib/gcc/arm-none-eabi/4.9.3/../../../../arm-none-eabi/lib/armv7e-m/softfp/libc_nano.a(lib_a-strcmp.o)
                                         0x28 (size before relaxing)
 .eh_frame      0x0000000008005740        0x4 /usr/local/gcc-arm-none-eabi-4_9-2015q3/bin/../lib/gcc/arm-none-eabi/4.9.3/armv7e-m/softfp/crtend.o

.glue_7         0x0000000008005744        0x0
 .glue_7        0x0000000000000000        0x0 linker stubs

.glue_7t        0x0000000008005744        0x0
 .glue_7t       0x0000000000000000        0x0 linker stubs

.vfp11_veneer   0x0000000008005744        0x0
 .vfp11_veneer  0x0000000000000000        0x0 linker stubs

.v4_bx          0x0000000008005744        0x0
 .v4_bx         0x0000000000000000        0x0 linker stubs

.iplt           0x0000000008005744        0x0
 .iplt          0x0000000000000000        0x0 /usr/local/gcc-arm-none-eabi-4_9-2015q3/bin/../lib/gcc/arm-none-eabi/4.9.3/armv7e-m/softfp/crtbegin.o

.rel.dyn        0x0000000008005744        0x0
 .rel.iplt      0x0000000000000000        0x0 /usr/local/gcc-arm-none-eabi-4_9-2015q3/bin/../lib/gcc/arm-none-eabi/4.9.3/armv7e-m/softfp/crtbegin.o

.ARM.extab
 *(.ARM.extab* .gnu.linkonce.armextab.*)
                0x0000000008005744                __exidx_start = .

.ARM.exidx
 *(.ARM.exidx* .gnu.linkonce.armexidx.*)
                0x0000000008005744                __exidx_end = .
                0x0000000008005744                __etext = .
                0x0000000008005744                _sidata = .

.data           0x0000000020000188       0xb0 load address 0x0000000008005744
                0x0000000020000188                __data_start__ = .
                0x0000000020000188                _sdata = .
 *(vtable)
 *(.data*)
 .data.SystemCoreClock
                0x0000000020000188        0x4 STM32Cube_FW_F4_V1.9.0/Drivers/CMSIS/Device/ST/STM32F4xx/Source/Templates/system_stm32f4xx.o
                0x0000000020000188                SystemCoreClock
 .data.impure_data
                0x000000002000018c       0x60 /usr/local/gcc-arm-none-eabi-4_9-2015q3/bin/../lib/gcc/arm-none-eabi/4.9.3/../../../../arm-none-eabi/lib/armv7e-m/softfp/libc_nano.a(lib_a-impure.o)
 .data._impure_ptr
                0x00000000200001ec        0x4 /usr/local/gcc-arm-none-eabi-4_9-2015q3/bin/../lib/gcc/arm-none-eabi/4.9.3/../../../../arm-none-eabi/lib/armv7e-m/softfp/libc_nano.a(lib_a-impure.o)
                0x00000000200001ec                _impure_ptr
 .data.__ctype_ptr__
                0x00000000200001f0        0x4 /usr/local/gcc-arm-none-eabi-4_9-2015q3/bin/../lib/gcc/arm-none-eabi/4.9.3/../../../../arm-none-eabi/lib/armv7e-m/softfp/libc_nano.a(lib_a-ctype_.o)
                0x00000000200001f0                __ctype_ptr__
 .data.lconv    0x00000000200001f4       0x38 /usr/local/gcc-arm-none-eabi-4_9-2015q3/bin/../lib/gcc/arm-none-eabi/4.9.3/../../../../arm-none-eabi/lib/armv7e-m/softfp/libc_nano.a(lib_a-locale.o)
                0x000000002000022c                . = ALIGN (0x4)
                0x000000002000022c                PROVIDE (__preinit_array_start, .)
 *(.preinit_array)
                0x000000002000022c                PROVIDE (__preinit_array_end, .)
                0x000000002000022c                . = ALIGN (0x4)
                0x000000002000022c                PROVIDE (__init_array_start, .)
 *(SORT(.init_array.*))
 *(.init_array)
 .init_array    0x000000002000022c        0x4 /usr/local/gcc-arm-none-eabi-4_9-2015q3/bin/../lib/gcc/arm-none-eabi/4.9.3/armv7e-m/softfp/crtbegin.o
                0x0000000020000230                PROVIDE (__init_array_end, .)
                0x0000000020000230                . = ALIGN (0x4)
                0x0000000020000230                PROVIDE (__fini_array_start, .)
 *(SORT(.fini_array.*))
 *(.fini_array)
 .fini_array    0x0000000020000230        0x4 /usr/local/gcc-arm-none-eabi-4_9-2015q3/bin/../lib/gcc/arm-none-eabi/4.9.3/armv7e-m/softfp/crtbegin.o
                0x0000000020000234                PROVIDE (__fini_array_end, .)
 *(.jcr*)
 .jcr           0x0000000020000234        0x0 /usr/local/gcc-arm-none-eabi-4_9-2015q3/bin/../lib/gcc/arm-none-eabi/4.9.3/armv7e-m/softfp/crtbegin.o
 .jcr           0x0000000020000234        0x4 /usr/local/gcc-arm-none-eabi-4_9-2015q3/bin/../lib/gcc/arm-none-eabi/4.9.3/armv7e-m/softfp/crtend.o
                0x0000000020000238                . = ALIGN (0x4)
                0x0000000020000238                __data_end__ = .
                0x0000000020000238                _edata = .

.igot.plt       0x0000000020000238        0x0 load address 0x00000000080057f4
 .igot.plt      0x0000000000000000        0x0 /usr/local/gcc-arm-none-eabi-4_9-2015q3/bin/../lib/gcc/arm-none-eabi/4.9.3/armv7e-m/softfp/crtbegin.o

.bss            0x0000000020000238       0xf8 load address 0x00000000080057f4
                0x0000000020000238                . = ALIGN (0x4)
                0x0000000020000238                __bss_start__ = .
                0x0000000020000238                _sbss = .
 *(.bss*)
 .bss           0x0000000020000238       0x1c /usr/local/gcc-arm-none-eabi-4_9-2015q3/bin/../lib/gcc/arm-none-eabi/4.9.3/armv7e-m/softfp/crtbegin.o
 .bss.CAN1dataReceivedFlag
                0x0000000020000254        0x1 canbus.o
                0x0000000020000254                CAN1dataReceivedFlag
 *fill*         0x0000000020000255        0x3 
 .bss.HCAN1     0x0000000020000258       0x40 canbus.o
                0x0000000020000258                HCAN1
 .bss.TxMessage
                0x0000000020000298       0x1c canbus.o
                0x0000000020000298                TxMessage
 .bss.RxMessage
                0x00000000200002b4       0x24 canbus.o
                0x00000000200002b4                RxMessage
 .bss.UARTbyteReceivedFlag
                0x00000000200002d8        0x1 uart.o
                0x00000000200002d8                UARTbyteReceivedFlag
 .bss.UARTreceivedData
                0x00000000200002d9        0x1 uart.o
                0x00000000200002d9                UARTreceivedData
 *fill*         0x00000000200002da        0x2 
 .bss.HUsart2   0x00000000200002dc       0x40 uart.o
                0x00000000200002dc                HUsart2
 .bss.uwTick    0x000000002000031c        0x4 STM32Cube_FW_F4_V1.9.0/Drivers/STM32F4xx_HAL_Driver/Src/stm32f4xx_hal.o
 .bss.__malloc_sbrk_start
                0x0000000020000320        0x4 /usr/local/gcc-arm-none-eabi-4_9-2015q3/bin/../lib/gcc/arm-none-eabi/4.9.3/../../../../arm-none-eabi/lib/armv7e-m/softfp/libc_nano.a(lib_a-nano-mallocr.o)
                0x0000000020000320                __malloc_sbrk_start
 .bss.__malloc_free_list
                0x0000000020000324        0x4 /usr/local/gcc-arm-none-eabi-4_9-2015q3/bin/../lib/gcc/arm-none-eabi/4.9.3/../../../../arm-none-eabi/lib/armv7e-m/softfp/libc_nano.a(lib_a-nano-mallocr.o)
                0x0000000020000324                __malloc_free_list
 .bss.heap_end.4079
                0x0000000020000328        0x4 /usr/local/gcc-arm-none-eabi-4_9-2015q3/bin/../lib/gcc/arm-none-eabi/4.9.3/../../../../arm-none-eabi/lib/armv7e-m/softfp/libnosys.a(sbrk.o)
 *(COMMON)
 COMMON         0x000000002000032c        0x4 /usr/local/gcc-arm-none-eabi-4_9-2015q3/bin/../lib/gcc/arm-none-eabi/4.9.3/../../../../arm-none-eabi/lib/armv7e-m/softfp/libc_nano.a(lib_a-reent.o)
                0x000000002000032c                errno
                0x0000000020000330                . = ALIGN (0x4)
                0x0000000020000330                __bss_end__ = .
                0x0000000020000330                _ebss = .

.heap           0x0000000020000330        0x0
                0x0000000020000330                __end__ = .
                0x0000000020000330                end = __end__
 *(.heap*)
                0x0000000020000330                __HeapLimit = .

.stack_dummy    0x0000000020000330        0x0
 *(.stack*)
                0x0000000020020000                __StackTop = (ORIGIN (RAM) + 0x1fe78)
                0x0000000020020000                _estack = __StackTop
                0x0000000020020000                __StackLimit = (__StackTop - SIZEOF (.stack_dummy))
                0x0000000020020000                PROVIDE (__stack, __StackTop)
                0x0000000000000001                ASSERT ((__StackLimit >= __HeapLimit), region RAM overflowed with stack)
OUTPUT(build/main.elf elf32-littlearm)

.ARM.attributes
                0x0000000000000000       0x2e
 .ARM.attributes
                0x0000000000000000       0x22 /usr/local/gcc-arm-none-eabi-4_9-2015q3/bin/../lib/gcc/arm-none-eabi/4.9.3/armv7e-m/softfp/crti.o
 .ARM.attributes
                0x0000000000000022       0x32 /usr/local/gcc-arm-none-eabi-4_9-2015q3/bin/../lib/gcc/arm-none-eabi/4.9.3/armv7e-m/softfp/crtbegin.o
 .ARM.attributes
                0x0000000000000054       0x37 main.o
 .ARM.attributes
                0x000000000000008b       0x37 canbus.o
 .ARM.attributes
                0x00000000000000c2       0x37 uart.o
 .ARM.attributes
                0x00000000000000f9       0x37 leds.o
 .ARM.attributes
                0x0000000000000130       0x37 STM32Cube_FW_F4_V1.9.0/Drivers/STM32F4xx_HAL_Driver/Src/stm32f4xx_hal.o
 .ARM.attributes
                0x0000000000000167       0x37 STM32Cube_FW_F4_V1.9.0/Drivers/STM32F4xx_HAL_Driver/Src/stm32f4xx_hal_can.o
 .ARM.attributes
                0x000000000000019e       0x37 STM32Cube_FW_F4_V1.9.0/Drivers/STM32F4xx_HAL_Driver/Src/stm32f4xx_hal_uart.o
 .ARM.attributes
                0x00000000000001d5       0x37 STM32Cube_FW_F4_V1.9.0/Drivers/STM32F4xx_HAL_Driver/Src/stm32f4xx_hal_cortex.o
 .ARM.attributes
                0x000000000000020c       0x37 STM32Cube_FW_F4_V1.9.0/Drivers/STM32F4xx_HAL_Driver/Src/stm32f4xx_hal_gpio.o
 .ARM.attributes
                0x0000000000000243       0x37 STM32Cube_FW_F4_V1.9.0/Drivers/STM32F4xx_HAL_Driver/Src/stm32f4xx_hal_rcc.o
 .ARM.attributes
                0x000000000000027a       0x37 STM32Cube_FW_F4_V1.9.0/Drivers/CMSIS/Device/ST/STM32F4xx/Source/Templates/system_stm32f4xx.o
 .ARM.attributes
                0x00000000000002b1       0x21 STM32Cube_FW_F4_V1.9.0/Drivers/CMSIS/Device/ST/STM32F4xx/Source/Templates/gcc/startup_stm32f407xx.o
 .ARM.attributes
                0x00000000000002d2       0x37 Src/stm32f4xx_it.o
 .ARM.attributes
                0x0000000000000309       0x37 Src/stm32f4xx_hal_msp.o
 .ARM.attributes
                0x0000000000000340       0x32 /usr/local/gcc-arm-none-eabi-4_9-2015q3/bin/../lib/gcc/arm-none-eabi/4.9.3/../../../../arm-none-eabi/lib/armv7e-m/softfp/libc_nano.a(lib_a-impure.o)
 .ARM.attributes
                0x0000000000000372       0x32 /usr/local/gcc-arm-none-eabi-4_9-2015q3/bin/../lib/gcc/arm-none-eabi/4.9.3/../../../../arm-none-eabi/lib/armv7e-m/softfp/libc_nano.a(lib_a-init.o)
 .ARM.attributes
                0x00000000000003a4       0x32 /usr/local/gcc-arm-none-eabi-4_9-2015q3/bin/../lib/gcc/arm-none-eabi/4.9.3/../../../../arm-none-eabi/lib/armv7e-m/softfp/libc_nano.a(lib_a-memcpy.o)
 .ARM.attributes
                0x00000000000003d6       0x32 /usr/local/gcc-arm-none-eabi-4_9-2015q3/bin/../lib/gcc/arm-none-eabi/4.9.3/../../../../arm-none-eabi/lib/armv7e-m/softfp/libc_nano.a(lib_a-memset.o)
 .ARM.attributes
                0x0000000000000408       0x32 /usr/local/gcc-arm-none-eabi-4_9-2015q3/bin/../lib/gcc/arm-none-eabi/4.9.3/../../../../arm-none-eabi/lib/armv7e-m/softfp/libc_nano.a(lib_a-nano-vfprintf_float.o)
 .ARM.attributes
                0x000000000000043a       0x32 /usr/local/gcc-arm-none-eabi-4_9-2015q3/bin/../lib/gcc/arm-none-eabi/4.9.3/../../../../arm-none-eabi/lib/armv7e-m/softfp/libc_nano.a(lib_a-nano-vfprintf_i.o)
 .ARM.attributes
                0x000000000000046c       0x32 /usr/local/gcc-arm-none-eabi-4_9-2015q3/bin/../lib/gcc/arm-none-eabi/4.9.3/../../../../arm-none-eabi/lib/armv7e-m/softfp/libc_nano.a(lib_a-nano-vfscanf_float.o)
 .ARM.attributes
                0x000000000000049e       0x32 /usr/local/gcc-arm-none-eabi-4_9-2015q3/bin/../lib/gcc/arm-none-eabi/4.9.3/../../../../arm-none-eabi/lib/armv7e-m/softfp/libc_nano.a(lib_a-s_fpclassify.o)
 .ARM.attributes
                0x00000000000004d0       0x32 /usr/local/gcc-arm-none-eabi-4_9-2015q3/bin/../lib/gcc/arm-none-eabi/4.9.3/../../../../arm-none-eabi/lib/armv7e-m/softfp/libc_nano.a(lib_a-sf_nan.o)
 .ARM.attributes
                0x0000000000000502       0x32 /usr/local/gcc-arm-none-eabi-4_9-2015q3/bin/../lib/gcc/arm-none-eabi/4.9.3/../../../../arm-none-eabi/lib/armv7e-m/softfp/libc_nano.a(lib_a-sprintf.o)
 .ARM.attributes
                0x0000000000000534       0x32 /usr/local/gcc-arm-none-eabi-4_9-2015q3/bin/../lib/gcc/arm-none-eabi/4.9.3/../../../../arm-none-eabi/lib/armv7e-m/softfp/libc_nano.a(lib_a-strlen.o)
 .ARM.attributes
                0x0000000000000566       0x32 /usr/local/gcc-arm-none-eabi-4_9-2015q3/bin/../lib/gcc/arm-none-eabi/4.9.3/../../../../arm-none-eabi/lib/armv7e-m/softfp/libc_nano.a(lib_a-strtod.o)
 .ARM.attributes
                0x0000000000000598       0x32 /usr/local/gcc-arm-none-eabi-4_9-2015q3/bin/../lib/gcc/arm-none-eabi/4.9.3/../../../../arm-none-eabi/lib/armv7e-m/softfp/libc_nano.a(lib_a-strtol.o)
 .ARM.attributes
                0x00000000000005ca       0x32 /usr/local/gcc-arm-none-eabi-4_9-2015q3/bin/../lib/gcc/arm-none-eabi/4.9.3/../../../../arm-none-eabi/lib/armv7e-m/softfp/libc_nano.a(lib_a-ctype_.o)
 .ARM.attributes
                0x00000000000005fc       0x32 /usr/local/gcc-arm-none-eabi-4_9-2015q3/bin/../lib/gcc/arm-none-eabi/4.9.3/../../../../arm-none-eabi/lib/armv7e-m/softfp/libc_nano.a(lib_a-dtoa.o)
 .ARM.attributes
                0x000000000000062e       0x32 /usr/local/gcc-arm-none-eabi-4_9-2015q3/bin/../lib/gcc/arm-none-eabi/4.9.3/../../../../arm-none-eabi/lib/armv7e-m/softfp/libc_nano.a(lib_a-gdtoa-gethex.o)
 .ARM.attributes
                0x0000000000000660       0x32 /usr/local/gcc-arm-none-eabi-4_9-2015q3/bin/../lib/gcc/arm-none-eabi/4.9.3/../../../../arm-none-eabi/lib/armv7e-m/softfp/libc_nano.a(lib_a-gdtoa-hexnan.o)
 .ARM.attributes
                0x0000000000000692       0x32 /usr/local/gcc-arm-none-eabi-4_9-2015q3/bin/../lib/gcc/arm-none-eabi/4.9.3/../../../../arm-none-eabi/lib/armv7e-m/softfp/libc_nano.a(lib_a-locale.o)
 .ARM.attributes
                0x00000000000006c4       0x32 /usr/local/gcc-arm-none-eabi-4_9-2015q3/bin/../lib/gcc/arm-none-eabi/4.9.3/../../../../arm-none-eabi/lib/armv7e-m/softfp/libc_nano.a(lib_a-malloc.o)
 .ARM.attributes
                0x00000000000006f6       0x32 /usr/local/gcc-arm-none-eabi-4_9-2015q3/bin/../lib/gcc/arm-none-eabi/4.9.3/../../../../arm-none-eabi/lib/armv7e-m/softfp/libc_nano.a(lib_a-memchr.o)
 .ARM.attributes
                0x0000000000000728       0x32 /usr/local/gcc-arm-none-eabi-4_9-2015q3/bin/../lib/gcc/arm-none-eabi/4.9.3/../../../../arm-none-eabi/lib/armv7e-m/softfp/libc_nano.a(lib_a-mprec.o)
 .ARM.attributes
                0x000000000000075a       0x32 /usr/local/gcc-arm-none-eabi-4_9-2015q3/bin/../lib/gcc/arm-none-eabi/4.9.3/../../../../arm-none-eabi/lib/armv7e-m/softfp/libc_nano.a(lib_a-nano-callocr.o)
 .ARM.attributes
                0x000000000000078c       0x32 /usr/local/gcc-arm-none-eabi-4_9-2015q3/bin/../lib/gcc/arm-none-eabi/4.9.3/../../../../arm-none-eabi/lib/armv7e-m/softfp/libc_nano.a(lib_a-nano-freer.o)
 .ARM.attributes
                0x00000000000007be       0x32 /usr/local/gcc-arm-none-eabi-4_9-2015q3/bin/../lib/gcc/arm-none-eabi/4.9.3/../../../../arm-none-eabi/lib/armv7e-m/softfp/libc_nano.a(lib_a-nano-mallocr.o)
 .ARM.attributes
                0x00000000000007f0       0x32 /usr/local/gcc-arm-none-eabi-4_9-2015q3/bin/../lib/gcc/arm-none-eabi/4.9.3/../../../../arm-none-eabi/lib/armv7e-m/softfp/libc_nano.a(lib_a-nano-svfprintf.o)
 .ARM.attributes
                0x0000000000000822       0x32 /usr/local/gcc-arm-none-eabi-4_9-2015q3/bin/../lib/gcc/arm-none-eabi/4.9.3/../../../../arm-none-eabi/lib/armv7e-m/softfp/libc_nano.a(lib_a-sbrkr.o)
 .ARM.attributes
                0x0000000000000854       0x20 /usr/local/gcc-arm-none-eabi-4_9-2015q3/bin/../lib/gcc/arm-none-eabi/4.9.3/../../../../arm-none-eabi/lib/armv7e-m/softfp/libc_nano.a(lib_a-strcmp.o)
 .ARM.attributes
                0x0000000000000874       0x32 /usr/local/gcc-arm-none-eabi-4_9-2015q3/bin/../lib/gcc/arm-none-eabi/4.9.3/../../../../arm-none-eabi/lib/armv7e-m/softfp/libc_nano.a(lib_a-strncmp.o)
 .ARM.attributes
                0x00000000000008a6       0x32 /usr/local/gcc-arm-none-eabi-4_9-2015q3/bin/../lib/gcc/arm-none-eabi/4.9.3/../../../../arm-none-eabi/lib/armv7e-m/softfp/libc_nano.a(lib_a-memmove.o)
 .ARM.attributes
                0x00000000000008d8       0x32 /usr/local/gcc-arm-none-eabi-4_9-2015q3/bin/../lib/gcc/arm-none-eabi/4.9.3/../../../../arm-none-eabi/lib/armv7e-m/softfp/libc_nano.a(lib_a-nano-reallocr.o)
 .ARM.attributes
                0x000000000000090a       0x32 /usr/local/gcc-arm-none-eabi-4_9-2015q3/bin/../lib/gcc/arm-none-eabi/4.9.3/../../../../arm-none-eabi/lib/armv7e-m/softfp/libc_nano.a(lib_a-reent.o)
 .ARM.attributes
                0x000000000000093c       0x32 /usr/local/gcc-arm-none-eabi-4_9-2015q3/bin/../lib/gcc/arm-none-eabi/4.9.3/../../../../arm-none-eabi/lib/armv7e-m/softfp/libc_nano.a(lib_a-nano-msizer.o)
 .ARM.attributes
                0x000000000000096e       0x22 /usr/local/gcc-arm-none-eabi-4_9-2015q3/bin/../lib/gcc/arm-none-eabi/4.9.3/armv7e-m/softfp/libgcc.a(_arm_addsubdf3.o)
 .ARM.attributes
                0x0000000000000990       0x22 /usr/local/gcc-arm-none-eabi-4_9-2015q3/bin/../lib/gcc/arm-none-eabi/4.9.3/armv7e-m/softfp/libgcc.a(_arm_muldivdf3.o)
 .ARM.attributes
                0x00000000000009b2       0x22 /usr/local/gcc-arm-none-eabi-4_9-2015q3/bin/../lib/gcc/arm-none-eabi/4.9.3/armv7e-m/softfp/libgcc.a(_arm_cmpdf2.o)
 .ARM.attributes
                0x00000000000009d4       0x22 /usr/local/gcc-arm-none-eabi-4_9-2015q3/bin/../lib/gcc/arm-none-eabi/4.9.3/armv7e-m/softfp/libgcc.a(_arm_fixdfsi.o)
 .ARM.attributes
                0x00000000000009f6       0x22 /usr/local/gcc-arm-none-eabi-4_9-2015q3/bin/../lib/gcc/arm-none-eabi/4.9.3/armv7e-m/softfp/libgcc.a(_arm_fixunsdfsi.o)
 .ARM.attributes
                0x0000000000000a18       0x22 /usr/local/gcc-arm-none-eabi-4_9-2015q3/bin/../lib/gcc/arm-none-eabi/4.9.3/armv7e-m/softfp/libgcc.a(_arm_truncdfsf2.o)
 .ARM.attributes
                0x0000000000000a3a       0x32 /usr/local/gcc-arm-none-eabi-4_9-2015q3/bin/../lib/gcc/arm-none-eabi/4.9.3/../../../../arm-none-eabi/lib/armv7e-m/softfp/libnosys.a(sbrk.o)
 .ARM.attributes
                0x0000000000000a6c       0x32 /usr/local/gcc-arm-none-eabi-4_9-2015q3/bin/../lib/gcc/arm-none-eabi/4.9.3/armv7e-m/softfp/crtend.o
 .ARM.attributes
                0x0000000000000a9e       0x22 /usr/local/gcc-arm-none-eabi-4_9-2015q3/bin/../lib/gcc/arm-none-eabi/4.9.3/armv7e-m/softfp/crtn.o

.comment        0x0000000000000000       0x70
 .comment       0x0000000000000000       0x70 main.o
                                         0x71 (size before relaxing)
 .comment       0x0000000000000000       0x71 canbus.o
 .comment       0x0000000000000000       0x71 uart.o
 .comment       0x0000000000000000       0x71 leds.o
 .comment       0x0000000000000000       0x71 STM32Cube_FW_F4_V1.9.0/Drivers/STM32F4xx_HAL_Driver/Src/stm32f4xx_hal.o
 .comment       0x0000000000000000       0x71 STM32Cube_FW_F4_V1.9.0/Drivers/STM32F4xx_HAL_Driver/Src/stm32f4xx_hal_can.o
 .comment       0x0000000000000000       0x71 STM32Cube_FW_F4_V1.9.0/Drivers/STM32F4xx_HAL_Driver/Src/stm32f4xx_hal_uart.o
 .comment       0x0000000000000000       0x71 STM32Cube_FW_F4_V1.9.0/Drivers/STM32F4xx_HAL_Driver/Src/stm32f4xx_hal_cortex.o
 .comment       0x0000000000000000       0x71 STM32Cube_FW_F4_V1.9.0/Drivers/STM32F4xx_HAL_Driver/Src/stm32f4xx_hal_gpio.o
 .comment       0x0000000000000000       0x71 STM32Cube_FW_F4_V1.9.0/Drivers/STM32F4xx_HAL_Driver/Src/stm32f4xx_hal_rcc.o
 .comment       0x0000000000000000       0x71 STM32Cube_FW_F4_V1.9.0/Drivers/CMSIS/Device/ST/STM32F4xx/Source/Templates/system_stm32f4xx.o
 .comment       0x0000000000000000       0x71 Src/stm32f4xx_it.o
 .comment       0x0000000000000000       0x71 Src/stm32f4xx_hal_msp.o

.debug_info     0x0000000000000000     0x8207
 .debug_info    0x0000000000000000      0x86e main.o
 .debug_info    0x000000000000086e      0xddd canbus.o
 .debug_info    0x000000000000164b      0xc68 uart.o
 .debug_info    0x00000000000022b3      0x487 leds.o
 .debug_info    0x000000000000273a      0x91c STM32Cube_FW_F4_V1.9.0/Drivers/STM32F4xx_HAL_Driver/Src/stm32f4xx_hal.o
 .debug_info    0x0000000000003056      0xbcd STM32Cube_FW_F4_V1.9.0/Drivers/STM32F4xx_HAL_Driver/Src/stm32f4xx_hal_can.o
 .debug_info    0x0000000000003c23     0x1223 STM32Cube_FW_F4_V1.9.0/Drivers/STM32F4xx_HAL_Driver/Src/stm32f4xx_hal_uart.o
 .debug_info    0x0000000000004e46      0xe61 STM32Cube_FW_F4_V1.9.0/Drivers/STM32F4xx_HAL_Driver/Src/stm32f4xx_hal_cortex.o
 .debug_info    0x0000000000005ca7      0x70a STM32Cube_FW_F4_V1.9.0/Drivers/STM32F4xx_HAL_Driver/Src/stm32f4xx_hal_gpio.o
 .debug_info    0x00000000000063b1      0xd31 STM32Cube_FW_F4_V1.9.0/Drivers/STM32F4xx_HAL_Driver/Src/stm32f4xx_hal_rcc.o
 .debug_info    0x00000000000070e2      0x49e STM32Cube_FW_F4_V1.9.0/Drivers/CMSIS/Device/ST/STM32F4xx/Source/Templates/system_stm32f4xx.o
 .debug_info    0x0000000000007580       0xd8 Src/stm32f4xx_it.o
 .debug_info    0x0000000000007658      0xbaf Src/stm32f4xx_hal_msp.o

.debug_abbrev   0x0000000000000000     0x1ad6
 .debug_abbrev  0x0000000000000000      0x255 main.o
 .debug_abbrev  0x0000000000000255      0x20c canbus.o
 .debug_abbrev  0x0000000000000461      0x1ec uart.o
 .debug_abbrev  0x000000000000064d      0x1a9 leds.o
 .debug_abbrev  0x00000000000007f6      0x258 STM32Cube_FW_F4_V1.9.0/Drivers/STM32F4xx_HAL_Driver/Src/stm32f4xx_hal.o
 .debug_abbrev  0x0000000000000a4e      0x259 STM32Cube_FW_F4_V1.9.0/Drivers/STM32F4xx_HAL_Driver/Src/stm32f4xx_hal_can.o
 .debug_abbrev  0x0000000000000ca7      0x2be STM32Cube_FW_F4_V1.9.0/Drivers/STM32F4xx_HAL_Driver/Src/stm32f4xx_hal_uart.o
 .debug_abbrev  0x0000000000000f65      0x30a STM32Cube_FW_F4_V1.9.0/Drivers/STM32F4xx_HAL_Driver/Src/stm32f4xx_hal_cortex.o
 .debug_abbrev  0x000000000000126f      0x1c6 STM32Cube_FW_F4_V1.9.0/Drivers/STM32F4xx_HAL_Driver/Src/stm32f4xx_hal_gpio.o
 .debug_abbrev  0x0000000000001435      0x33d STM32Cube_FW_F4_V1.9.0/Drivers/STM32F4xx_HAL_Driver/Src/stm32f4xx_hal_rcc.o
 .debug_abbrev  0x0000000000001772      0x101 STM32Cube_FW_F4_V1.9.0/Drivers/CMSIS/Device/ST/STM32F4xx/Source/Templates/system_stm32f4xx.o
 .debug_abbrev  0x0000000000001873       0xa4 Src/stm32f4xx_it.o
 .debug_abbrev  0x0000000000001917      0x1bf Src/stm32f4xx_hal_msp.o

.debug_loc      0x0000000000000000     0x26dd
 .debug_loc     0x0000000000000000      0x110 main.o
 .debug_loc     0x0000000000000110       0x63 canbus.o
 .debug_loc     0x0000000000000173       0x37 uart.o
 .debug_loc     0x00000000000001aa       0xa6 leds.o
 .debug_loc     0x0000000000000250       0x82 STM32Cube_FW_F4_V1.9.0/Drivers/STM32F4xx_HAL_Driver/Src/stm32f4xx_hal.o
 .debug_loc     0x00000000000002d2      0x75d STM32Cube_FW_F4_V1.9.0/Drivers/STM32F4xx_HAL_Driver/Src/stm32f4xx_hal_can.o
 .debug_loc     0x0000000000000a2f      0xe90 STM32Cube_FW_F4_V1.9.0/Drivers/STM32F4xx_HAL_Driver/Src/stm32f4xx_hal_uart.o
 .debug_loc     0x00000000000018bf      0x31e STM32Cube_FW_F4_V1.9.0/Drivers/STM32F4xx_HAL_Driver/Src/stm32f4xx_hal_cortex.o
 .debug_loc     0x0000000000001bdd      0x3b7 STM32Cube_FW_F4_V1.9.0/Drivers/STM32F4xx_HAL_Driver/Src/stm32f4xx_hal_gpio.o
 .debug_loc     0x0000000000001f94      0x622 STM32Cube_FW_F4_V1.9.0/Drivers/STM32F4xx_HAL_Driver/Src/stm32f4xx_hal_rcc.o
 .debug_loc     0x00000000000025b6       0xda STM32Cube_FW_F4_V1.9.0/Drivers/CMSIS/Device/ST/STM32F4xx/Source/Templates/system_stm32f4xx.o
 .debug_loc     0x0000000000002690       0x4d Src/stm32f4xx_hal_msp.o

.debug_aranges  0x0000000000000000      0x538
 .debug_aranges
                0x0000000000000000       0x20 main.o
 .debug_aranges
                0x0000000000000020       0x30 canbus.o
 .debug_aranges
                0x0000000000000050       0x30 uart.o
 .debug_aranges
                0x0000000000000080       0x28 leds.o
 .debug_aranges
                0x00000000000000a8       0xc0 STM32Cube_FW_F4_V1.9.0/Drivers/STM32F4xx_HAL_Driver/Src/stm32f4xx_hal.o
 .debug_aranges
                0x0000000000000168       0xa8 STM32Cube_FW_F4_V1.9.0/Drivers/STM32F4xx_HAL_Driver/Src/stm32f4xx_hal_can.o
 .debug_aranges
                0x0000000000000210      0x138 STM32Cube_FW_F4_V1.9.0/Drivers/STM32F4xx_HAL_Driver/Src/stm32f4xx_hal_uart.o
 .debug_aranges
                0x0000000000000348       0x98 STM32Cube_FW_F4_V1.9.0/Drivers/STM32F4xx_HAL_Driver/Src/stm32f4xx_hal_cortex.o
 .debug_aranges
                0x00000000000003e0       0x58 STM32Cube_FW_F4_V1.9.0/Drivers/STM32F4xx_HAL_Driver/Src/stm32f4xx_hal_gpio.o
 .debug_aranges
                0x0000000000000438       0x88 STM32Cube_FW_F4_V1.9.0/Drivers/STM32F4xx_HAL_Driver/Src/stm32f4xx_hal_rcc.o
 .debug_aranges
                0x00000000000004c0       0x28 STM32Cube_FW_F4_V1.9.0/Drivers/CMSIS/Device/ST/STM32F4xx/Source/Templates/system_stm32f4xx.o
 .debug_aranges
                0x00000000000004e8       0x20 Src/stm32f4xx_it.o
 .debug_aranges
                0x0000000000000508       0x30 Src/stm32f4xx_hal_msp.o

.debug_ranges   0x0000000000000000      0x6b0
 .debug_ranges  0x0000000000000000       0x10 main.o
 .debug_ranges  0x0000000000000010       0x60 canbus.o
 .debug_ranges  0x0000000000000070       0x60 uart.o
 .debug_ranges  0x00000000000000d0       0x30 leds.o
 .debug_ranges  0x0000000000000100       0xb0 STM32Cube_FW_F4_V1.9.0/Drivers/STM32F4xx_HAL_Driver/Src/stm32f4xx_hal.o
 .debug_ranges  0x00000000000001b0       0x98 STM32Cube_FW_F4_V1.9.0/Drivers/STM32F4xx_HAL_Driver/Src/stm32f4xx_hal_can.o
 .debug_ranges  0x0000000000000248      0x128 STM32Cube_FW_F4_V1.9.0/Drivers/STM32F4xx_HAL_Driver/Src/stm32f4xx_hal_uart.o
 .debug_ranges  0x0000000000000370      0x120 STM32Cube_FW_F4_V1.9.0/Drivers/STM32F4xx_HAL_Driver/Src/stm32f4xx_hal_cortex.o
 .debug_ranges  0x0000000000000490       0x60 STM32Cube_FW_F4_V1.9.0/Drivers/STM32F4xx_HAL_Driver/Src/stm32f4xx_hal_gpio.o
 .debug_ranges  0x00000000000004f0      0x158 STM32Cube_FW_F4_V1.9.0/Drivers/STM32F4xx_HAL_Driver/Src/stm32f4xx_hal_rcc.o
 .debug_ranges  0x0000000000000648       0x18 STM32Cube_FW_F4_V1.9.0/Drivers/CMSIS/Device/ST/STM32F4xx/Source/Templates/system_stm32f4xx.o
 .debug_ranges  0x0000000000000660       0x10 Src/stm32f4xx_it.o
 .debug_ranges  0x0000000000000670       0x40 Src/stm32f4xx_hal_msp.o

.debug_line     0x0000000000000000     0x3182
 .debug_line    0x0000000000000000      0x246 main.o
 .debug_line    0x0000000000000246      0x2a4 canbus.o
 .debug_line    0x00000000000004ea      0x29b uart.o
 .debug_line    0x0000000000000785      0x1e1 leds.o
 .debug_line    0x0000000000000966      0x3df STM32Cube_FW_F4_V1.9.0/Drivers/STM32F4xx_HAL_Driver/Src/stm32f4xx_hal.o
 .debug_line    0x0000000000000d45      0x6ac STM32Cube_FW_F4_V1.9.0/Drivers/STM32F4xx_HAL_Driver/Src/stm32f4xx_hal_can.o
 .debug_line    0x00000000000013f1      0xa03 STM32Cube_FW_F4_V1.9.0/Drivers/STM32F4xx_HAL_Driver/Src/stm32f4xx_hal_uart.o
 .debug_line    0x0000000000001df4      0x406 STM32Cube_FW_F4_V1.9.0/Drivers/STM32F4xx_HAL_Driver/Src/stm32f4xx_hal_cortex.o
 .debug_line    0x00000000000021fa      0x3ea STM32Cube_FW_F4_V1.9.0/Drivers/STM32F4xx_HAL_Driver/Src/stm32f4xx_hal_gpio.o
 .debug_line    0x00000000000025e4      0x5b9 STM32Cube_FW_F4_V1.9.0/Drivers/STM32F4xx_HAL_Driver/Src/stm32f4xx_hal_rcc.o
 .debug_line    0x0000000000002b9d      0x1f8 STM32Cube_FW_F4_V1.9.0/Drivers/CMSIS/Device/ST/STM32F4xx/Source/Templates/system_stm32f4xx.o
 .debug_line    0x0000000000002d95      0x192 Src/stm32f4xx_it.o
 .debug_line    0x0000000000002f27      0x25b Src/stm32f4xx_hal_msp.o

.debug_str      0x0000000000000000     0x2178
 .debug_str     0x0000000000000000      0x883 main.o
                                        0x8f4 (size before relaxing)
 .debug_str     0x0000000000000883      0x4f8 canbus.o
                                        0xcc1 (size before relaxing)
 .debug_str     0x0000000000000d7b      0x460 uart.o
                                        0xdbf (size before relaxing)
 .debug_str     0x00000000000011db       0x66 leds.o
                                        0x3ef (size before relaxing)
 .debug_str     0x0000000000001241      0x292 STM32Cube_FW_F4_V1.9.0/Drivers/STM32F4xx_HAL_Driver/Src/stm32f4xx_hal.o
                                        0xb00 (size before relaxing)
 .debug_str     0x00000000000014d3      0x187 STM32Cube_FW_F4_V1.9.0/Drivers/STM32F4xx_HAL_Driver/Src/stm32f4xx_hal_can.o
                                        0x78a (size before relaxing)
 .debug_str     0x000000000000165a      0x3ad STM32Cube_FW_F4_V1.9.0/Drivers/STM32F4xx_HAL_Driver/Src/stm32f4xx_hal_uart.o
                                        0xaca (size before relaxing)
 .debug_str     0x0000000000001a07      0x2e7 STM32Cube_FW_F4_V1.9.0/Drivers/STM32F4xx_HAL_Driver/Src/stm32f4xx_hal_cortex.o
                                        0xc46 (size before relaxing)
 .debug_str     0x0000000000001cee      0x12b STM32Cube_FW_F4_V1.9.0/Drivers/STM32F4xx_HAL_Driver/Src/stm32f4xx_hal_gpio.o
                                        0x54e (size before relaxing)
 .debug_str     0x0000000000001e19      0x29c STM32Cube_FW_F4_V1.9.0/Drivers/STM32F4xx_HAL_Driver/Src/stm32f4xx_hal_rcc.o
                                        0x729 (size before relaxing)
 .debug_str     0x00000000000020b5       0x88 STM32Cube_FW_F4_V1.9.0/Drivers/CMSIS/Device/ST/STM32F4xx/Source/Templates/system_stm32f4xx.o
                                        0x3fa (size before relaxing)
 .debug_str     0x000000000000213d       0x23 Src/stm32f4xx_it.o
                                        0x20f (size before relaxing)
 .debug_str     0x0000000000002160       0x18 Src/stm32f4xx_hal_msp.o
                                        0xb63 (size before relaxing)

.debug_frame    0x0000000000000000     0x15a4
 .debug_frame   0x0000000000000000       0x2c main.o
 .debug_frame   0x000000000000002c       0x5c canbus.o
 .debug_frame   0x0000000000000088       0x64 uart.o
 .debug_frame   0x00000000000000ec       0x38 leds.o
 .debug_frame   0x0000000000000124      0x184 STM32Cube_FW_F4_V1.9.0/Drivers/STM32F4xx_HAL_Driver/Src/stm32f4xx_hal.o
 .debug_frame   0x00000000000002a8      0x1b8 STM32Cube_FW_F4_V1.9.0/Drivers/STM32F4xx_HAL_Driver/Src/stm32f4xx_hal_can.o
 .debug_frame   0x0000000000000460      0x314 STM32Cube_FW_F4_V1.9.0/Drivers/STM32F4xx_HAL_Driver/Src/stm32f4xx_hal_uart.o
 .debug_frame   0x0000000000000774      0x134 STM32Cube_FW_F4_V1.9.0/Drivers/STM32F4xx_HAL_Driver/Src/stm32f4xx_hal_cortex.o
 .debug_frame   0x00000000000008a8       0xc4 STM32Cube_FW_F4_V1.9.0/Drivers/STM32F4xx_HAL_Driver/Src/stm32f4xx_hal_gpio.o
 .debug_frame   0x000000000000096c      0x154 STM32Cube_FW_F4_V1.9.0/Drivers/STM32F4xx_HAL_Driver/Src/stm32f4xx_hal_rcc.o
 .debug_frame   0x0000000000000ac0       0x30 STM32Cube_FW_F4_V1.9.0/Drivers/CMSIS/Device/ST/STM32F4xx/Source/Templates/system_stm32f4xx.o
 .debug_frame   0x0000000000000af0       0x2c Src/stm32f4xx_it.o
 .debug_frame   0x0000000000000b1c       0x54 Src/stm32f4xx_hal_msp.o
 .debug_frame   0x0000000000000b70       0x2c /usr/local/gcc-arm-none-eabi-4_9-2015q3/bin/../lib/gcc/arm-none-eabi/4.9.3/../../../../arm-none-eabi/lib/armv7e-m/softfp/libc_nano.a(lib_a-init.o)
 .debug_frame   0x0000000000000b9c       0x28 /usr/local/gcc-arm-none-eabi-4_9-2015q3/bin/../lib/gcc/arm-none-eabi/4.9.3/../../../../arm-none-eabi/lib/armv7e-m/softfp/libc_nano.a(lib_a-memcpy.o)
 .debug_frame   0x0000000000000bc4       0x20 /usr/local/gcc-arm-none-eabi-4_9-2015q3/bin/../lib/gcc/arm-none-eabi/4.9.3/../../../../arm-none-eabi/lib/armv7e-m/softfp/libc_nano.a(lib_a-memset.o)
 .debug_frame   0x0000000000000be4       0x8c /usr/local/gcc-arm-none-eabi-4_9-2015q3/bin/../lib/gcc/arm-none-eabi/4.9.3/../../../../arm-none-eabi/lib/armv7e-m/softfp/libc_nano.a(lib_a-nano-vfprintf_float.o)
 .debug_frame   0x0000000000000c70       0x58 /usr/local/gcc-arm-none-eabi-4_9-2015q3/bin/../lib/gcc/arm-none-eabi/4.9.3/../../../../arm-none-eabi/lib/armv7e-m/softfp/libc_nano.a(lib_a-nano-vfprintf_i.o)
 .debug_frame   0x0000000000000cc8       0x40 /usr/local/gcc-arm-none-eabi-4_9-2015q3/bin/../lib/gcc/arm-none-eabi/4.9.3/../../../../arm-none-eabi/lib/armv7e-m/softfp/libc_nano.a(lib_a-nano-vfscanf_float.o)
 .debug_frame   0x0000000000000d08       0x28 /usr/local/gcc-arm-none-eabi-4_9-2015q3/bin/../lib/gcc/arm-none-eabi/4.9.3/../../../../arm-none-eabi/lib/armv7e-m/softfp/libc_nano.a(lib_a-s_fpclassify.o)
 .debug_frame   0x0000000000000d30       0x20 /usr/local/gcc-arm-none-eabi-4_9-2015q3/bin/../lib/gcc/arm-none-eabi/4.9.3/../../../../arm-none-eabi/lib/armv7e-m/softfp/libc_nano.a(lib_a-sf_nan.o)
 .debug_frame   0x0000000000000d50       0x70 /usr/local/gcc-arm-none-eabi-4_9-2015q3/bin/../lib/gcc/arm-none-eabi/4.9.3/../../../../arm-none-eabi/lib/armv7e-m/softfp/libc_nano.a(lib_a-sprintf.o)
 .debug_frame   0x0000000000000dc0       0x20 /usr/local/gcc-arm-none-eabi-4_9-2015q3/bin/../lib/gcc/arm-none-eabi/4.9.3/../../../../arm-none-eabi/lib/armv7e-m/softfp/libc_nano.a(lib_a-strlen.o)
 .debug_frame   0x0000000000000de0       0xb4 /usr/local/gcc-arm-none-eabi-4_9-2015q3/bin/../lib/gcc/arm-none-eabi/4.9.3/../../../../arm-none-eabi/lib/armv7e-m/softfp/libc_nano.a(lib_a-strtod.o)
 .debug_frame   0x0000000000000e94       0x54 /usr/local/gcc-arm-none-eabi-4_9-2015q3/bin/../lib/gcc/arm-none-eabi/4.9.3/../../../../arm-none-eabi/lib/armv7e-m/softfp/libc_nano.a(lib_a-strtol.o)
 .debug_frame   0x0000000000000ee8       0x6c /usr/local/gcc-arm-none-eabi-4_9-2015q3/bin/../lib/gcc/arm-none-eabi/4.9.3/../../../../arm-none-eabi/lib/armv7e-m/softfp/libc_nano.a(lib_a-dtoa.o)
 .debug_frame   0x0000000000000f54       0x70 /usr/local/gcc-arm-none-eabi-4_9-2015q3/bin/../lib/gcc/arm-none-eabi/4.9.3/../../../../arm-none-eabi/lib/armv7e-m/softfp/libc_nano.a(lib_a-gdtoa-gethex.o)
 .debug_frame   0x0000000000000fc4       0x58 /usr/local/gcc-arm-none-eabi-4_9-2015q3/bin/../lib/gcc/arm-none-eabi/4.9.3/../../../../arm-none-eabi/lib/armv7e-m/softfp/libc_nano.a(lib_a-gdtoa-hexnan.o)
 .debug_frame   0x000000000000101c       0x98 /usr/local/gcc-arm-none-eabi-4_9-2015q3/bin/../lib/gcc/arm-none-eabi/4.9.3/../../../../arm-none-eabi/lib/armv7e-m/softfp/libc_nano.a(lib_a-locale.o)
 .debug_frame   0x00000000000010b4       0x30 /usr/local/gcc-arm-none-eabi-4_9-2015q3/bin/../lib/gcc/arm-none-eabi/4.9.3/../../../../arm-none-eabi/lib/armv7e-m/softfp/libc_nano.a(lib_a-malloc.o)
 .debug_frame   0x00000000000010e4       0x28 /usr/local/gcc-arm-none-eabi-4_9-2015q3/bin/../lib/gcc/arm-none-eabi/4.9.3/../../../../arm-none-eabi/lib/armv7e-m/softfp/libc_nano.a(lib_a-memchr.o)
 .debug_frame   0x000000000000110c      0x230 /usr/local/gcc-arm-none-eabi-4_9-2015q3/bin/../lib/gcc/arm-none-eabi/4.9.3/../../../../arm-none-eabi/lib/armv7e-m/softfp/libc_nano.a(lib_a-mprec.o)
 .debug_frame   0x000000000000133c       0x2c /usr/local/gcc-arm-none-eabi-4_9-2015q3/bin/../lib/gcc/arm-none-eabi/4.9.3/../../../../arm-none-eabi/lib/armv7e-m/softfp/libc_nano.a(lib_a-nano-callocr.o)
 .debug_frame   0x0000000000001368       0x2c /usr/local/gcc-arm-none-eabi-4_9-2015q3/bin/../lib/gcc/arm-none-eabi/4.9.3/../../../../arm-none-eabi/lib/armv7e-m/softfp/libc_nano.a(lib_a-nano-freer.o)
 .debug_frame   0x0000000000001394       0x2c /usr/local/gcc-arm-none-eabi-4_9-2015q3/bin/../lib/gcc/arm-none-eabi/4.9.3/../../../../arm-none-eabi/lib/armv7e-m/softfp/libc_nano.a(lib_a-nano-mallocr.o)
 .debug_frame   0x00000000000013c0       0x8c /usr/local/gcc-arm-none-eabi-4_9-2015q3/bin/../lib/gcc/arm-none-eabi/4.9.3/../../../../arm-none-eabi/lib/armv7e-m/softfp/libc_nano.a(lib_a-nano-svfprintf.o)
 .debug_frame   0x000000000000144c       0x2c /usr/local/gcc-arm-none-eabi-4_9-2015q3/bin/../lib/gcc/arm-none-eabi/4.9.3/../../../../arm-none-eabi/lib/armv7e-m/softfp/libc_nano.a(lib_a-sbrkr.o)
 .debug_frame   0x0000000000001478       0x2c /usr/local/gcc-arm-none-eabi-4_9-2015q3/bin/../lib/gcc/arm-none-eabi/4.9.3/../../../../arm-none-eabi/lib/armv7e-m/softfp/libc_nano.a(lib_a-strncmp.o)
 .debug_frame   0x00000000000014a4       0x28 /usr/local/gcc-arm-none-eabi-4_9-2015q3/bin/../lib/gcc/arm-none-eabi/4.9.3/../../../../arm-none-eabi/lib/armv7e-m/softfp/libc_nano.a(lib_a-memmove.o)
 .debug_frame   0x00000000000014cc       0x3c /usr/local/gcc-arm-none-eabi-4_9-2015q3/bin/../lib/gcc/arm-none-eabi/4.9.3/../../../../arm-none-eabi/lib/armv7e-m/softfp/libc_nano.a(lib_a-nano-reallocr.o)
 .debug_frame   0x0000000000001508       0x5c /usr/local/gcc-arm-none-eabi-4_9-2015q3/bin/../lib/gcc/arm-none-eabi/4.9.3/../../../../arm-none-eabi/lib/armv7e-m/softfp/libc_nano.a(lib_a-reent.o)
 .debug_frame   0x0000000000001564       0x20 /usr/local/gcc-arm-none-eabi-4_9-2015q3/bin/../lib/gcc/arm-none-eabi/4.9.3/../../../../arm-none-eabi/lib/armv7e-m/softfp/libc_nano.a(lib_a-nano-msizer.o)
 .debug_frame   0x0000000000001584       0x20 /usr/local/gcc-arm-none-eabi-4_9-2015q3/bin/../lib/gcc/arm-none-eabi/4.9.3/../../../../arm-none-eabi/lib/armv7e-m/softfp/libnosys.a(sbrk.o)

Cross Reference Table

Symbol                                            File
ADC_IRQHandler                                    STM32Cube_FW_F4_V1.9.0/Drivers/CMSIS/Device/ST/STM32F4xx/Source/Templates/gcc/startup_stm32f407xx.o
AHBPrescTable                                     STM32Cube_FW_F4_V1.9.0/Drivers/CMSIS/Device/ST/STM32F4xx/Source/Templates/system_stm32f4xx.o
APBAHBPrescTable                                  STM32Cube_FW_F4_V1.9.0/Drivers/STM32F4xx_HAL_Driver/Src/stm32f4xx_hal_rcc.o
BusFault_Handler                                  STM32Cube_FW_F4_V1.9.0/Drivers/CMSIS/Device/ST/STM32F4xx/Source/Templates/gcc/startup_stm32f407xx.o
CAN1SendMessage                                   canbus.o
                                                  main.o
CAN1_RX0_IRQHandler                               canbus.o
CAN1_RX1_IRQHandler                               STM32Cube_FW_F4_V1.9.0/Drivers/CMSIS/Device/ST/STM32F4xx/Source/Templates/gcc/startup_stm32f407xx.o
CAN1_SCE_IRQHandler                               STM32Cube_FW_F4_V1.9.0/Drivers/CMSIS/Device/ST/STM32F4xx/Source/Templates/gcc/startup_stm32f407xx.o
CAN1_TX_IRQHandler                                STM32Cube_FW_F4_V1.9.0/Drivers/CMSIS/Device/ST/STM32F4xx/Source/Templates/gcc/startup_stm32f407xx.o
CAN1dataReceivedFlag                              canbus.o
CAN2_RX0_IRQHandler                               STM32Cube_FW_F4_V1.9.0/Drivers/CMSIS/Device/ST/STM32F4xx/Source/Templates/gcc/startup_stm32f407xx.o
CAN2_RX1_IRQHandler                               STM32Cube_FW_F4_V1.9.0/Drivers/CMSIS/Device/ST/STM32F4xx/Source/Templates/gcc/startup_stm32f407xx.o
CAN2_SCE_IRQHandler                               STM32Cube_FW_F4_V1.9.0/Drivers/CMSIS/Device/ST/STM32F4xx/Source/Templates/gcc/startup_stm32f407xx.o
CAN2_TX_IRQHandler                                STM32Cube_FW_F4_V1.9.0/Drivers/CMSIS/Device/ST/STM32F4xx/Source/Templates/gcc/startup_stm32f407xx.o
DCMI_IRQHandler                                   STM32Cube_FW_F4_V1.9.0/Drivers/CMSIS/Device/ST/STM32F4xx/Source/Templates/gcc/startup_stm32f407xx.o
DHCPcoarseTimer                                   Src/lwip.o
DHCPfineTimer                                     Src/lwip.o
DMA1_Stream0_IRQHandler                           STM32Cube_FW_F4_V1.9.0/Drivers/CMSIS/Device/ST/STM32F4xx/Source/Templates/gcc/startup_stm32f407xx.o
DMA1_Stream1_IRQHandler                           STM32Cube_FW_F4_V1.9.0/Drivers/CMSIS/Device/ST/STM32F4xx/Source/Templates/gcc/startup_stm32f407xx.o
DMA1_Stream2_IRQHandler                           STM32Cube_FW_F4_V1.9.0/Drivers/CMSIS/Device/ST/STM32F4xx/Source/Templates/gcc/startup_stm32f407xx.o
DMA1_Stream3_IRQHandler                           STM32Cube_FW_F4_V1.9.0/Drivers/CMSIS/Device/ST/STM32F4xx/Source/Templates/gcc/startup_stm32f407xx.o
DMA1_Stream4_IRQHandler                           STM32Cube_FW_F4_V1.9.0/Drivers/CMSIS/Device/ST/STM32F4xx/Source/Templates/gcc/startup_stm32f407xx.o
DMA1_Stream5_IRQHandler                           STM32Cube_FW_F4_V1.9.0/Drivers/CMSIS/Device/ST/STM32F4xx/Source/Templates/gcc/startup_stm32f407xx.o
DMA1_Stream6_IRQHandler                           STM32Cube_FW_F4_V1.9.0/Drivers/CMSIS/Device/ST/STM32F4xx/Source/Templates/gcc/startup_stm32f407xx.o
DMA1_Stream7_IRQHandler                           STM32Cube_FW_F4_V1.9.0/Drivers/CMSIS/Device/ST/STM32F4xx/Source/Templates/gcc/startup_stm32f407xx.o
DMA2_Stream0_IRQHandler                           STM32Cube_FW_F4_V1.9.0/Drivers/CMSIS/Device/ST/STM32F4xx/Source/Templates/gcc/startup_stm32f407xx.o
DMA2_Stream1_IRQHandler                           STM32Cube_FW_F4_V1.9.0/Drivers/CMSIS/Device/ST/STM32F4xx/Source/Templates/gcc/startup_stm32f407xx.o
DMA2_Stream2_IRQHandler                           STM32Cube_FW_F4_V1.9.0/Drivers/CMSIS/Device/ST/STM32F4xx/Source/Templates/gcc/startup_stm32f407xx.o
DMA2_Stream3_IRQHandler                           STM32Cube_FW_F4_V1.9.0/Drivers/CMSIS/Device/ST/STM32F4xx/Source/Templates/gcc/startup_stm32f407xx.o
DMA2_Stream4_IRQHandler                           STM32Cube_FW_F4_V1.9.0/Drivers/CMSIS/Device/ST/STM32F4xx/Source/Templates/gcc/startup_stm32f407xx.o
DMA2_Stream5_IRQHandler                           STM32Cube_FW_F4_V1.9.0/Drivers/CMSIS/Device/ST/STM32F4xx/Source/Templates/gcc/startup_stm32f407xx.o
DMA2_Stream6_IRQHandler                           STM32Cube_FW_F4_V1.9.0/Drivers/CMSIS/Device/ST/STM32F4xx/Source/Templates/gcc/startup_stm32f407xx.o
DMA2_Stream7_IRQHandler                           STM32Cube_FW_F4_V1.9.0/Drivers/CMSIS/Device/ST/STM32F4xx/Source/Templates/gcc/startup_stm32f407xx.o
DMARxDscrTab                                      Src/ethernetif.o
DMATxDscrTab                                      Src/ethernetif.o
DebugMon_Handler                                  STM32Cube_FW_F4_V1.9.0/Drivers/CMSIS/Device/ST/STM32F4xx/Source/Templates/gcc/startup_stm32f407xx.o
Default_Handler                                   STM32Cube_FW_F4_V1.9.0/Drivers/CMSIS/Device/ST/STM32F4xx/Source/Templates/gcc/startup_stm32f407xx.o
ETH_IRQHandler                                    STM32Cube_FW_F4_V1.9.0/Drivers/CMSIS/Device/ST/STM32F4xx/Source/Templates/gcc/startup_stm32f407xx.o
ETH_WKUP_IRQHandler                               STM32Cube_FW_F4_V1.9.0/Drivers/CMSIS/Device/ST/STM32F4xx/Source/Templates/gcc/startup_stm32f407xx.o
EXTI0_IRQHandler                                  STM32Cube_FW_F4_V1.9.0/Drivers/CMSIS/Device/ST/STM32F4xx/Source/Templates/gcc/startup_stm32f407xx.o
EXTI15_10_IRQHandler                              STM32Cube_FW_F4_V1.9.0/Drivers/CMSIS/Device/ST/STM32F4xx/Source/Templates/gcc/startup_stm32f407xx.o
EXTI1_IRQHandler                                  STM32Cube_FW_F4_V1.9.0/Drivers/CMSIS/Device/ST/STM32F4xx/Source/Templates/gcc/startup_stm32f407xx.o
EXTI2_IRQHandler                                  STM32Cube_FW_F4_V1.9.0/Drivers/CMSIS/Device/ST/STM32F4xx/Source/Templates/gcc/startup_stm32f407xx.o
EXTI3_IRQHandler                                  STM32Cube_FW_F4_V1.9.0/Drivers/CMSIS/Device/ST/STM32F4xx/Source/Templates/gcc/startup_stm32f407xx.o
EXTI4_IRQHandler                                  STM32Cube_FW_F4_V1.9.0/Drivers/CMSIS/Device/ST/STM32F4xx/Source/Templates/gcc/startup_stm32f407xx.o
EXTI9_5_IRQHandler                                STM32Cube_FW_F4_V1.9.0/Drivers/CMSIS/Device/ST/STM32F4xx/Source/Templates/gcc/startup_stm32f407xx.o
FLASH_IRQHandler                                  STM32Cube_FW_F4_V1.9.0/Drivers/CMSIS/Device/ST/STM32F4xx/Source/Templates/gcc/startup_stm32f407xx.o
FPU_IRQHandler                                    STM32Cube_FW_F4_V1.9.0/Drivers/CMSIS/Device/ST/STM32F4xx/Source/Templates/gcc/startup_stm32f407xx.o
FSMC_IRQHandler                                   STM32Cube_FW_F4_V1.9.0/Drivers/CMSIS/Device/ST/STM32F4xx/Source/Templates/gcc/startup_stm32f407xx.o
HAL_CAN_ConfigFilter                              STM32Cube_FW_F4_V1.9.0/Drivers/STM32F4xx_HAL_Driver/Src/stm32f4xx_hal_can.o
                                                  canbus.o
HAL_CAN_DeInit                                    STM32Cube_FW_F4_V1.9.0/Drivers/STM32F4xx_HAL_Driver/Src/stm32f4xx_hal_can.o
HAL_CAN_ErrorCallback                             STM32Cube_FW_F4_V1.9.0/Drivers/STM32F4xx_HAL_Driver/Src/stm32f4xx_hal_can.o
HAL_CAN_GetError                                  STM32Cube_FW_F4_V1.9.0/Drivers/STM32F4xx_HAL_Driver/Src/stm32f4xx_hal_can.o
HAL_CAN_GetState                                  STM32Cube_FW_F4_V1.9.0/Drivers/STM32F4xx_HAL_Driver/Src/stm32f4xx_hal_can.o
HAL_CAN_IRQHandler                                STM32Cube_FW_F4_V1.9.0/Drivers/STM32F4xx_HAL_Driver/Src/stm32f4xx_hal_can.o
HAL_CAN_Init                                      STM32Cube_FW_F4_V1.9.0/Drivers/STM32F4xx_HAL_Driver/Src/stm32f4xx_hal_can.o
                                                  canbus.o
HAL_CAN_MspDeInit                                 Src/stm32f4xx_hal_msp.o
                                                  STM32Cube_FW_F4_V1.9.0/Drivers/STM32F4xx_HAL_Driver/Src/stm32f4xx_hal_can.o
HAL_CAN_MspInit                                   Src/stm32f4xx_hal_msp.o
                                                  STM32Cube_FW_F4_V1.9.0/Drivers/STM32F4xx_HAL_Driver/Src/stm32f4xx_hal_can.o
HAL_CAN_Receive                                   STM32Cube_FW_F4_V1.9.0/Drivers/STM32F4xx_HAL_Driver/Src/stm32f4xx_hal_can.o
                                                  canbus.o
HAL_CAN_Receive_IT                                STM32Cube_FW_F4_V1.9.0/Drivers/STM32F4xx_HAL_Driver/Src/stm32f4xx_hal_can.o
HAL_CAN_RxCpltCallback                            STM32Cube_FW_F4_V1.9.0/Drivers/STM32F4xx_HAL_Driver/Src/stm32f4xx_hal_can.o
HAL_CAN_Sleep                                     STM32Cube_FW_F4_V1.9.0/Drivers/STM32F4xx_HAL_Driver/Src/stm32f4xx_hal_can.o
HAL_CAN_Transmit                                  STM32Cube_FW_F4_V1.9.0/Drivers/STM32F4xx_HAL_Driver/Src/stm32f4xx_hal_can.o
                                                  canbus.o
HAL_CAN_Transmit_IT                               STM32Cube_FW_F4_V1.9.0/Drivers/STM32F4xx_HAL_Driver/Src/stm32f4xx_hal_can.o
HAL_CAN_TxCpltCallback                            STM32Cube_FW_F4_V1.9.0/Drivers/STM32F4xx_HAL_Driver/Src/stm32f4xx_hal_can.o
HAL_CAN_WakeUp                                    STM32Cube_FW_F4_V1.9.0/Drivers/STM32F4xx_HAL_Driver/Src/stm32f4xx_hal_can.o
HAL_CRC_Accumulate                                STM32Cube_FW_F4_V1.9.0/Drivers/STM32F4xx_HAL_Driver/Src/stm32f4xx_hal_crc.o
HAL_CRC_Calculate                                 STM32Cube_FW_F4_V1.9.0/Drivers/STM32F4xx_HAL_Driver/Src/stm32f4xx_hal_crc.o
HAL_CRC_DeInit                                    STM32Cube_FW_F4_V1.9.0/Drivers/STM32F4xx_HAL_Driver/Src/stm32f4xx_hal_crc.o
HAL_CRC_GetState                                  STM32Cube_FW_F4_V1.9.0/Drivers/STM32F4xx_HAL_Driver/Src/stm32f4xx_hal_crc.o
HAL_CRC_Init                                      STM32Cube_FW_F4_V1.9.0/Drivers/STM32F4xx_HAL_Driver/Src/stm32f4xx_hal_crc.o
HAL_CRC_MspDeInit                                 STM32Cube_FW_F4_V1.9.0/Drivers/STM32F4xx_HAL_Driver/Src/stm32f4xx_hal_crc.o
HAL_CRC_MspInit                                   STM32Cube_FW_F4_V1.9.0/Drivers/STM32F4xx_HAL_Driver/Src/stm32f4xx_hal_crc.o
HAL_DBGMCU_DisableDBGSleepMode                    STM32Cube_FW_F4_V1.9.0/Drivers/STM32F4xx_HAL_Driver/Src/stm32f4xx_hal.o
HAL_DBGMCU_DisableDBGStandbyMode                  STM32Cube_FW_F4_V1.9.0/Drivers/STM32F4xx_HAL_Driver/Src/stm32f4xx_hal.o
HAL_DBGMCU_DisableDBGStopMode                     STM32Cube_FW_F4_V1.9.0/Drivers/STM32F4xx_HAL_Driver/Src/stm32f4xx_hal.o
HAL_DBGMCU_EnableDBGSleepMode                     STM32Cube_FW_F4_V1.9.0/Drivers/STM32F4xx_HAL_Driver/Src/stm32f4xx_hal.o
HAL_DBGMCU_EnableDBGStandbyMode                   STM32Cube_FW_F4_V1.9.0/Drivers/STM32F4xx_HAL_Driver/Src/stm32f4xx_hal.o
HAL_DBGMCU_EnableDBGStopMode                      STM32Cube_FW_F4_V1.9.0/Drivers/STM32F4xx_HAL_Driver/Src/stm32f4xx_hal.o
HAL_DMA_Abort                                     STM32Cube_FW_F4_V1.9.0/Drivers/STM32F4xx_HAL_Driver/Src/stm32f4xx_hal_dma.o
                                                  STM32Cube_FW_F4_V1.9.0/Drivers/STM32F4xx_HAL_Driver/Src/stm32f4xx_hal_i2s_ex.o
                                                  STM32Cube_FW_F4_V1.9.0/Drivers/STM32F4xx_HAL_Driver/Src/stm32f4xx_hal_i2s.o
                                                  STM32Cube_FW_F4_V1.9.0/Drivers/STM32F4xx_HAL_Driver/Src/stm32f4xx_hal_spi.o
                                                  STM32Cube_FW_F4_V1.9.0/Drivers/STM32F4xx_HAL_Driver/Src/stm32f4xx_hal_usart.o
                                                  STM32Cube_FW_F4_V1.9.0/Drivers/STM32F4xx_HAL_Driver/Src/stm32f4xx_hal_uart.o
HAL_DMA_DeInit                                    STM32Cube_FW_F4_V1.9.0/Drivers/STM32F4xx_HAL_Driver/Src/stm32f4xx_hal_dma.o
HAL_DMA_GetError                                  STM32Cube_FW_F4_V1.9.0/Drivers/STM32F4xx_HAL_Driver/Src/stm32f4xx_hal_dma.o
HAL_DMA_GetState                                  STM32Cube_FW_F4_V1.9.0/Drivers/STM32F4xx_HAL_Driver/Src/stm32f4xx_hal_dma.o