Archive member included because of file (symbol)

/usr/local/gcc-arm-none-eabi-4_9-2015q3/bin/../lib/gcc/arm-none-eabi/4.9.3/../../../../arm-none-eabi/lib/armv7e-m/softfp/libc_nano.a(lib_a-exit.o)
                              /usr/local/gcc-arm-none-eabi-4_9-2015q3/bin/../lib/gcc/arm-none-eabi/4.9.3/../../../../arm-none-eabi/lib/armv7e-m/softfp/crt0.o (exit)
/usr/local/gcc-arm-none-eabi-4_9-2015q3/bin/../lib/gcc/arm-none-eabi/4.9.3/../../../../arm-none-eabi/lib/armv7e-m/softfp/libc_nano.a(lib_a-impure.o)
                              /usr/local/gcc-arm-none-eabi-4_9-2015q3/bin/../lib/gcc/arm-none-eabi/4.9.3/../../../../arm-none-eabi/lib/armv7e-m/softfp/libc_nano.a(lib_a-exit.o) (_global_impure_ptr)
/usr/local/gcc-arm-none-eabi-4_9-2015q3/bin/../lib/gcc/arm-none-eabi/4.9.3/../../../../arm-none-eabi/lib/armv7e-m/softfp/libc_nano.a(lib_a-init.o)
                              /usr/local/gcc-arm-none-eabi-4_9-2015q3/bin/../lib/gcc/arm-none-eabi/4.9.3/../../../../arm-none-eabi/lib/armv7e-m/softfp/crt0.o (__libc_init_array)
/usr/local/gcc-arm-none-eabi-4_9-2015q3/bin/../lib/gcc/arm-none-eabi/4.9.3/../../../../arm-none-eabi/lib/armv7e-m/softfp/libc_nano.a(lib_a-memset.o)
                              /usr/local/gcc-arm-none-eabi-4_9-2015q3/bin/../lib/gcc/arm-none-eabi/4.9.3/../../../../arm-none-eabi/lib/armv7e-m/softfp/crt0.o (memset)
/usr/local/gcc-arm-none-eabi-4_9-2015q3/bin/../lib/gcc/arm-none-eabi/4.9.3/../../../../arm-none-eabi/lib/armv7e-m/softfp/libc_nano.a(lib_a-nano-vfprintf_float.o)
                              (_printf_float)
/usr/local/gcc-arm-none-eabi-4_9-2015q3/bin/../lib/gcc/arm-none-eabi/4.9.3/../../../../arm-none-eabi/lib/armv7e-m/softfp/libc_nano.a(lib_a-nano-vfprintf_i.o)
                              /usr/local/gcc-arm-none-eabi-4_9-2015q3/bin/../lib/gcc/arm-none-eabi/4.9.3/../../../../arm-none-eabi/lib/armv7e-m/softfp/libc_nano.a(lib_a-nano-vfprintf_float.o) (_printf_common)
/usr/local/gcc-arm-none-eabi-4_9-2015q3/bin/../lib/gcc/arm-none-eabi/4.9.3/../../../../arm-none-eabi/lib/armv7e-m/softfp/libc_nano.a(lib_a-nano-vfscanf_float.o)
                              (_scanf_float)
/usr/local/gcc-arm-none-eabi-4_9-2015q3/bin/../lib/gcc/arm-none-eabi/4.9.3/../../../../arm-none-eabi/lib/armv7e-m/softfp/libc_nano.a(lib_a-s_fpclassify.o)
                              /usr/local/gcc-arm-none-eabi-4_9-2015q3/bin/../lib/gcc/arm-none-eabi/4.9.3/../../../../arm-none-eabi/lib/armv7e-m/softfp/libc_nano.a(lib_a-nano-vfprintf_float.o) (__fpclassifyd)
/usr/local/gcc-arm-none-eabi-4_9-2015q3/bin/../lib/gcc/arm-none-eabi/4.9.3/../../../../arm-none-eabi/lib/armv7e-m/softfp/libc_nano.a(lib_a-sf_nan.o)
                              /usr/local/gcc-arm-none-eabi-4_9-2015q3/bin/../lib/gcc/arm-none-eabi/4.9.3/../../../../arm-none-eabi/lib/armv7e-m/softfp/libc_nano.a(lib_a-nano-vfscanf_float.o) (nanf)
/usr/local/gcc-arm-none-eabi-4_9-2015q3/bin/../lib/gcc/arm-none-eabi/4.9.3/../../../../arm-none-eabi/lib/armv7e-m/softfp/libc_nano.a(lib_a-sprintf.o)
                              /usr/local/gcc-arm-none-eabi-4_9-2015q3/bin/../lib/gcc/arm-none-eabi/4.9.3/../../../../arm-none-eabi/lib/armv7e-m/softfp/libc_nano.a(lib_a-nano-vfscanf_float.o) (sprintf)
/usr/local/gcc-arm-none-eabi-4_9-2015q3/bin/../lib/gcc/arm-none-eabi/4.9.3/../../../../arm-none-eabi/lib/armv7e-m/softfp/libc_nano.a(lib_a-strlen.o)
                              /usr/local/gcc-arm-none-eabi-4_9-2015q3/bin/../lib/gcc/arm-none-eabi/4.9.3/../../../../arm-none-eabi/lib/armv7e-m/softfp/libc_nano.a(lib_a-nano-vfprintf_float.o) (strlen)
/usr/local/gcc-arm-none-eabi-4_9-2015q3/bin/../lib/gcc/arm-none-eabi/4.9.3/../../../../arm-none-eabi/lib/armv7e-m/softfp/libc_nano.a(lib_a-strtod.o)
                              /usr/local/gcc-arm-none-eabi-4_9-2015q3/bin/../lib/gcc/arm-none-eabi/4.9.3/../../../../arm-none-eabi/lib/armv7e-m/softfp/libc_nano.a(lib_a-nano-vfscanf_float.o) (_strtod_r)
/usr/local/gcc-arm-none-eabi-4_9-2015q3/bin/../lib/gcc/arm-none-eabi/4.9.3/../../../../arm-none-eabi/lib/armv7e-m/softfp/libc_nano.a(lib_a-strtol.o)
                              /usr/local/gcc-arm-none-eabi-4_9-2015q3/bin/../lib/gcc/arm-none-eabi/4.9.3/../../../../arm-none-eabi/lib/armv7e-m/softfp/libc_nano.a(lib_a-nano-vfscanf_float.o) (_strtol_r)
/usr/local/gcc-arm-none-eabi-4_9-2015q3/bin/../lib/gcc/arm-none-eabi/4.9.3/../../../../arm-none-eabi/lib/armv7e-m/softfp/libc_nano.a(lib_a-ctype_.o)
                              /usr/local/gcc-arm-none-eabi-4_9-2015q3/bin/../lib/gcc/arm-none-eabi/4.9.3/../../../../arm-none-eabi/lib/armv7e-m/softfp/libc_nano.a(lib_a-strtol.o) (__ctype_ptr__)
/usr/local/gcc-arm-none-eabi-4_9-2015q3/bin/../lib/gcc/arm-none-eabi/4.9.3/../../../../arm-none-eabi/lib/armv7e-m/softfp/libc_nano.a(lib_a-dtoa.o)
                              /usr/local/gcc-arm-none-eabi-4_9-2015q3/bin/../lib/gcc/arm-none-eabi/4.9.3/../../../../arm-none-eabi/lib/armv7e-m/softfp/libc_nano.a(lib_a-nano-vfprintf_float.o) (_dtoa_r)
[...]
Memory Configuration

Name             Origin             Length             Attributes
FLASH            0x0000000008000000 0x0000000000100000 xr
CCM              0x0000000010000000 0x0000000000010000 xrw
RAM              0x0000000020000188 0x000000000001fe78 xrw
*default*        0x0000000000000000 0xffffffffffffffff

Linker script and memory map

LOAD /usr/local/gcc-arm-none-eabi-4_9-2015q3/bin/../lib/gcc/arm-none-eabi/4.9.3/armv7e-m/softfp/crti.o
LOAD /usr/local/gcc-arm-none-eabi-4_9-2015q3/bin/../lib/gcc/arm-none-eabi/4.9.3/armv7e-m/softfp/crtbegin.o
LOAD /usr/local/gcc-arm-none-eabi-4_9-2015q3/bin/../lib/gcc/arm-none-eabi/4.9.3/../../../../arm-none-eabi/lib/armv7e-m/softfp/crt0.o
LOAD main.o
LOAD canbus.o
LOAD uart.o
LOAD leds.o
LOAD STM32Cube_FW_F4_V1.9.0/Drivers/STM32F4xx_HAL_Driver/Src/stm32f4xx_hal.o
LOAD STM32Cube_FW_F4_V1.9.0/Drivers/STM32F4xx_HAL_Driver/Src/stm32f4xx_hal_crc.o
LOAD STM32Cube_FW_F4_V1.9.0/Drivers/STM32F4xx_HAL_Driver/Src/stm32f4xx_hal_can.o
LOAD STM32Cube_FW_F4_V1.9.0/Drivers/STM32F4xx_HAL_Driver/Src/stm32f4xx_hal_uart.o
LOAD STM32Cube_FW_F4_V1.9.0/Drivers/STM32F4xx_HAL_Driver/Src/stm32f4xx_hal_usart.o
LOAD STM32Cube_FW_F4_V1.9.0/Drivers/STM32F4xx_HAL_Driver/Src/stm32f4xx_hal_cortex.o
LOAD STM32Cube_FW_F4_V1.9.0/Drivers/STM32F4xx_HAL_Driver/Src/stm32f4xx_hal_gpio.o
LOAD STM32Cube_FW_F4_V1.9.0/Drivers/STM32F4xx_HAL_Driver/Src/stm32f4xx_hal_rcc.o
LOAD STM32Cube_FW_F4_V1.9.0/Drivers/STM32F4xx_HAL_Driver/Src/stm32f4xx_hal_dma.o
LOAD STM32Cube_FW_F4_V1.9.0/Drivers/STM32F4xx_HAL_Driver/Src/stm32f4xx_hal_spi.o
LOAD STM32Cube_FW_F4_V1.9.0/Drivers/STM32F4xx_HAL_Driver/Src/stm32f4xx_hal_i2c.o
LOAD STM32Cube_FW_F4_V1.9.0/Drivers/STM32F4xx_HAL_Driver/Src/stm32f4xx_hal_i2c_ex.o
LOAD STM32Cube_FW_F4_V1.9.0/Drivers/STM32F4xx_HAL_Driver/Src/stm32f4xx_hal_i2s.o
LOAD STM32Cube_FW_F4_V1.9.0/Drivers/STM32F4xx_HAL_Driver/Src/stm32f4xx_hal_i2s_ex.o
LOAD STM32Cube_FW_F4_V1.9.0/Drivers/CMSIS/Device/ST/STM32F4xx/Source/Templates/system_stm32f4xx.o
LOAD STM32Cube_FW_F4_V1.9.0/Drivers/CMSIS/Device/ST/STM32F4xx/Source/Templates/gcc/startup_stm32f407xx.o
LOAD /usr/local/gcc-arm-none-eabi-4_9-2015q3/bin/../lib/gcc/arm-none-eabi/4.9.3/../../../../arm-none-eabi/lib/armv7e-m/softfp/libstdc++_nano.a
LOAD /usr/local/gcc-arm-none-eabi-4_9-2015q3/bin/../lib/gcc/arm-none-eabi/4.9.3/../../../../arm-none-eabi/lib/armv7e-m/softfp/libsupc++_nano.a
LOAD /usr/local/gcc-arm-none-eabi-4_9-2015q3/bin/../lib/gcc/arm-none-eabi/4.9.3/../../../../arm-none-eabi/lib/armv7e-m/softfp/libm.a
LOAD /usr/local/gcc-arm-none-eabi-4_9-2015q3/bin/../lib/gcc/arm-none-eabi/4.9.3/../../../../arm-none-eabi/lib/armv7e-m/softfp/libc_nano.a
LOAD /usr/local/gcc-arm-none-eabi-4_9-2015q3/bin/../lib/gcc/arm-none-eabi/4.9.3/armv7e-m/softfp/libgcc.a
LOAD /usr/local/gcc-arm-none-eabi-4_9-2015q3/bin/../lib/gcc/arm-none-eabi/4.9.3/../../../../arm-none-eabi/lib/armv7e-m/softfp/libnosys.a
LOAD /usr/local/gcc-arm-none-eabi-4_9-2015q3/bin/../lib/gcc/arm-none-eabi/4.9.3/../../../../arm-none-eabi/lib/armv7e-m/softfp/libstdc++_nano.a
LOAD /usr/local/gcc-arm-none-eabi-4_9-2015q3/bin/../lib/gcc/arm-none-eabi/4.9.3/../../../../arm-none-eabi/lib/armv7e-m/softfp/libsupc++_nano.a
LOAD /usr/local/gcc-arm-none-eabi-4_9-2015q3/bin/../lib/gcc/arm-none-eabi/4.9.3/../../../../arm-none-eabi/lib/armv7e-m/softfp/libm.a
LOAD /usr/local/gcc-arm-none-eabi-4_9-2015q3/bin/../lib/gcc/arm-none-eabi/4.9.3/../../../../arm-none-eabi/lib/armv7e-m/softfp/libc_nano.a
LOAD /usr/local/gcc-arm-none-eabi-4_9-2015q3/bin/../lib/gcc/arm-none-eabi/4.9.3/armv7e-m/softfp/libgcc.a
LOAD /usr/local/gcc-arm-none-eabi-4_9-2015q3/bin/../lib/gcc/arm-none-eabi/4.9.3/../../../../arm-none-eabi/lib/armv7e-m/softfp/libnosys.a
START GROUP
LOAD /usr/local/gcc-arm-none-eabi-4_9-2015q3/bin/../lib/gcc/arm-none-eabi/4.9.3/armv7e-m/softfp/libgcc.a
LOAD /usr/local/gcc-arm-none-eabi-4_9-2015q3/bin/../lib/gcc/arm-none-eabi/4.9.3/../../../../arm-none-eabi/lib/armv7e-m/softfp/libc_nano.a
END GROUP
START GROUP
LOAD /usr/local/gcc-arm-none-eabi-4_9-2015q3/bin/../lib/gcc/arm-none-eabi/4.9.3/armv7e-m/softfp/libgcc.a
LOAD /usr/local/gcc-arm-none-eabi-4_9-2015q3/bin/../lib/gcc/arm-none-eabi/4.9.3/../../../../arm-none-eabi/lib/armv7e-m/softfp/libc_nano.a
END GROUP
LOAD /usr/local/gcc-arm-none-eabi-4_9-2015q3/bin/../lib/gcc/arm-none-eabi/4.9.3/armv7e-m/softfp/crtend.o
LOAD /usr/local/gcc-arm-none-eabi-4_9-2015q3/bin/../lib/gcc/arm-none-eabi/4.9.3/armv7e-m/softfp/crtn.o

.text           0x0000000008000000     0x56f4
 *(.isr_vector)
 .isr_vector    0x0000000008000000      0x188 STM32Cube_FW_F4_V1.9.0/Drivers/CMSIS/Device/ST/STM32F4xx/Source/Templates/gcc/startup_stm32f407xx.o
                0x0000000008000000                g_pfnVectors
 *(.text*)
 .text          0x0000000008000188       0x5c /usr/local/gcc-arm-none-eabi-4_9-2015q3/bin/../lib/gcc/arm-none-eabi/4.9.3/armv7e-m/softfp/crtbegin.o
 .text.startup.main
                0x00000000080001e4       0x90 main.o
                0x00000000080001e4                main
 .text.SysTick_Handler
                0x0000000008000274       0x30 main.o
                0x0000000008000274                SysTick_Handler
 .text.InitializeCANBUS1
                0x00000000080002a4       0xe0 canbus.o
                0x00000000080002a4                InitializeCANBUS1
 .text.CAN1SendMessage
                0x0000000008000384       0x2c canbus.o
                0x0000000008000384                CAN1SendMessage
 .text.CAN1_RX0_IRQHandler
                0x00000000080003b0       0x40 canbus.o
                0x00000000080003b0                CAN1_RX0_IRQHandler
 .text.USART2_IRQHandler
                0x00000000080003f0       0x4c uart.o
                0x00000000080003f0                USART2_IRQHandler
 .text.InitializeLEDS
                0x000000000800043c       0x40 leds.o
                0x000000000800043c                InitializeLEDS
 .text.LedState
                0x000000000800047c       0x2c leds.o
                0x000000000800047c                LedState
 .text.HAL_MspInit
                0x00000000080004a8        0x2 STM32Cube_FW_F4_V1.9.0/Drivers/STM32F4xx_HAL_Driver/Src/stm32f4xx_hal.o
                0x00000000080004a8                HAL_MspInit
 .text.HAL_InitTick
                0x00000000080004aa       0x24 STM32Cube_FW_F4_V1.9.0/Drivers/STM32F4xx_HAL_Driver/Src/stm32f4xx_hal.o
                0x00000000080004aa                HAL_InitTick
 *fill*         0x00000000080004ce        0x2 
 .text.HAL_Init
                0x00000000080004d0       0x34 STM32Cube_FW_F4_V1.9.0/Drivers/STM32F4xx_HAL_Driver/Src/stm32f4xx_hal.o
                0x00000000080004d0                HAL_Init
 .text.HAL_IncTick
                0x0000000008000504       0x10 STM32Cube_FW_F4_V1.9.0/Drivers/STM32F4xx_HAL_Driver/Src/stm32f4xx_hal.o
                0x0000000008000504                HAL_IncTick
 .text.HAL_GetTick
                0x0000000008000514        0xc STM32Cube_FW_F4_V1.9.0/Drivers/STM32F4xx_HAL_Driver/Src/stm32f4xx_hal.o
                0x0000000008000514                HAL_GetTick
 .text.HAL_CAN_ConfigFilter
                0x0000000008000520       0xf0 STM32Cube_FW_F4_V1.9.0/Drivers/STM32F4xx_HAL_Driver/Src/stm32f4xx_hal_can.o
                0x0000000008000520                HAL_CAN_ConfigFilter
 .text.HAL_CAN_MspInit
                0x0000000008000610        0x2 STM32Cube_FW_F4_V1.9.0/Drivers/STM32F4xx_HAL_Driver/Src/stm32f4xx_hal_can.o
                0x0000000008000610                HAL_CAN_MspInit
 .text.HAL_CAN_Init
                0x0000000008000612      0x12c STM32Cube_FW_F4_V1.9.0/Drivers/STM32F4xx_HAL_Driver/Src/stm32f4xx_hal_can.o
                0x0000000008000612                HAL_CAN_Init
 *fill*         0x000000000800073e        0x2 
 .text.HAL_CAN_Transmit
                0x0000000008000740      0x164 STM32Cube_FW_F4_V1.9.0/Drivers/STM32F4xx_HAL_Driver/Src/stm32f4xx_hal_can.o
                0x0000000008000740                HAL_CAN_Transmit
 .text.HAL_CAN_Receive
                0x00000000080008a4      0x14c STM32Cube_FW_F4_V1.9.0/Drivers/STM32F4xx_HAL_Driver/Src/stm32f4xx_hal_can.o
                0x00000000080008a4                HAL_CAN_Receive
 .text.UART_WaitOnFlagUntilTimeout.constprop.0
                0x00000000080009f0       0x60 STM32Cube_FW_F4_V1.9.0/Drivers/STM32F4xx_HAL_Driver/Src/stm32f4xx_hal_uart.o
 .text.HAL_UART_Receive
                0x0000000008000a50       0xbc STM32Cube_FW_F4_V1.9.0/Drivers/STM32F4xx_HAL_Driver/Src/stm32f4xx_hal_uart.o
                0x0000000008000a50                HAL_UART_Receive
 .text.HAL_NVIC_SetPriorityGrouping
                0x0000000008000b0c       0x24 STM32Cube_FW_F4_V1.9.0/Drivers/STM32F4xx_HAL_Driver/Src/stm32f4xx_hal_cortex.o
                0x0000000008000b0c                HAL_NVIC_SetPriorityGrouping
 .text.HAL_NVIC_SetPriority
                0x0000000008000b30       0x60 STM32Cube_FW_F4_V1.9.0/Drivers/STM32F4xx_HAL_Driver/Src/stm32f4xx_hal_cortex.o
                0x0000000008000b30                HAL_NVIC_SetPriority
 .text.HAL_NVIC_EnableIRQ
                0x0000000008000b90       0x18 STM32Cube_FW_F4_V1.9.0/Drivers/STM32F4xx_HAL_Driver/Src/stm32f4xx_hal_cortex.o
                0x0000000008000b90                HAL_NVIC_EnableIRQ
 .text.HAL_SYSTICK_Config
                0x0000000008000ba8       0x2c STM32Cube_FW_F4_V1.9.0/Drivers/STM32F4xx_HAL_Driver/Src/stm32f4xx_hal_cortex.o
                0x0000000008000ba8                HAL_SYSTICK_Config
 .text.HAL_GPIO_Init
                0x0000000008000bd4      0x1c8 STM32Cube_FW_F4_V1.9.0/Drivers/STM32F4xx_HAL_Driver/Src/stm32f4xx_hal_gpio.o
                0x0000000008000bd4                HAL_GPIO_Init
 .text.HAL_GPIO_WritePin
                0x0000000008000d9c        0x8 STM32Cube_FW_F4_V1.9.0/Drivers/STM32F4xx_HAL_Driver/Src/stm32f4xx_hal_gpio.o
                0x0000000008000d9c                HAL_GPIO_WritePin
 .text.HAL_GPIO_TogglePin
                0x0000000008000da4        0x8 STM32Cube_FW_F4_V1.9.0/Drivers/STM32F4xx_HAL_Driver/Src/stm32f4xx_hal_gpio.o
                0x0000000008000da4                HAL_GPIO_TogglePin
 .text.HAL_RCC_GetSysClockFreq
                0x0000000008000dac       0x80 STM32Cube_FW_F4_V1.9.0/Drivers/STM32F4xx_HAL_Driver/Src/stm32f4xx_hal_rcc.o
                0x0000000008000dac                HAL_RCC_GetSysClockFreq
 .text.HAL_RCC_GetHCLKFreq
                0x0000000008000e2c       0x34 STM32Cube_FW_F4_V1.9.0/Drivers/STM32F4xx_HAL_Driver/Src/stm32f4xx_hal_rcc.o
                0x0000000008000e2c                HAL_RCC_GetHCLKFreq
 .text.SystemInit
                0x0000000008000e60       0x4c STM32Cube_FW_F4_V1.9.0/Drivers/CMSIS/Device/ST/STM32F4xx/Source/Templates/system_stm32f4xx.o
                0x0000000008000e60                SystemInit
 .text.Reset_Handler
                0x0000000008000eac       0x50 STM32Cube_FW_F4_V1.9.0/Drivers/CMSIS/Device/ST/STM32F4xx/Source/Templates/gcc/startup_stm32f407xx.o
                0x0000000008000eac                Reset_Handler
 .text.Default_Handler
                0x0000000008000efc        0x2 STM32Cube_FW_F4_V1.9.0/Drivers/CMSIS/Device/ST/STM32F4xx/Source/Templates/gcc/startup_stm32f407xx.o
                0x0000000008000efc                DMA1_Stream3_IRQHandler
                0x0000000008000efc                HASH_RNG_IRQHandler
                0x0000000008000efc                EXTI2_IRQHandler
                0x0000000008000efc                TIM8_CC_IRQHandler
                0x0000000008000efc                DebugMon_Handler
                0x0000000008000efc                TIM1_CC_IRQHandler
                0x0000000008000efc                DMA2_Stream5_IRQHandler
                0x0000000008000efc                HardFault_Handler
                0x0000000008000efc                DMA1_Stream5_IRQHandler
                0x0000000008000efc                PVD_IRQHandler
                0x0000000008000efc                SDIO_IRQHandler
                0x0000000008000efc                TAMP_STAMP_IRQHandler
                0x0000000008000efc                PendSV_Handler
                0x0000000008000efc                NMI_Handler
                0x0000000008000efc                CAN2_RX1_IRQHandler
                0x0000000008000efc                EXTI3_IRQHandler
                0x0000000008000efc                TIM8_TRG_COM_TIM14_IRQHandler
                0x0000000008000efc                TIM1_UP_TIM10_IRQHandler
                0x0000000008000efc                TIM8_UP_TIM13_IRQHandler
                0x0000000008000efc                I2C3_ER_IRQHandler
                0x0000000008000efc                EXTI0_IRQHandler
                0x0000000008000efc                I2C2_EV_IRQHandler
                0x0000000008000efc                DMA1_Stream2_IRQHandler
                0x0000000008000efc                FPU_IRQHandler
                0x0000000008000efc                OTG_HS_WKUP_IRQHandler
                0x0000000008000efc                UsageFault_Handler
                0x0000000008000efc                CAN2_SCE_IRQHandler
                0x0000000008000efc                DMA2_Stream2_IRQHandler
                0x0000000008000efc                SPI1_IRQHandler
                0x0000000008000efc                TIM6_DAC_IRQHandler
                0x0000000008000efc                TIM1_BRK_TIM9_IRQHandler
                0x0000000008000efc                DCMI_IRQHandler
                0x0000000008000efc                CAN2_RX0_IRQHandler
                0x0000000008000efc                DMA2_Stream3_IRQHandler
                0x0000000008000efc                USART6_IRQHandler
                0x0000000008000efc                USART3_IRQHandler
                0x0000000008000efc                CAN1_RX1_IRQHandler
                0x0000000008000efc                UART5_IRQHandler
                0x0000000008000efc                DMA2_Stream0_IRQHandler
                0x0000000008000efc                TIM4_IRQHandler
                0x0000000008000efc                I2C1_EV_IRQHandler
                0x0000000008000efc                DMA1_Stream6_IRQHandler
                0x0000000008000efc                DMA1_Stream1_IRQHandler
                0x0000000008000efc                UART4_IRQHandler
                0x0000000008000efc                TIM3_IRQHandler
                0x0000000008000efc                RCC_IRQHandler
                0x0000000008000efc                TIM8_BRK_TIM12_IRQHandler
                0x0000000008000efc                Default_Handler
                0x0000000008000efc                EXTI15_10_IRQHandler
                0x0000000008000efc                ADC_IRQHandler
                0x0000000008000efc                DMA1_Stream7_IRQHandler
                0x0000000008000efc                TIM7_IRQHandler
                0x0000000008000efc                CAN2_TX_IRQHandler
                0x0000000008000efc                TIM5_IRQHandler
                0x0000000008000efc                DMA2_Stream7_IRQHandler
                0x0000000008000efc                I2C3_EV_IRQHandler
                0x0000000008000efc                EXTI9_5_IRQHandler
                0x0000000008000efc                RTC_WKUP_IRQHandler
                0x0000000008000efc                ETH_WKUP_IRQHandler
                0x0000000008000efc                SPI2_IRQHandler
                0x0000000008000efc                OTG_HS_EP1_IN_IRQHandler
                0x0000000008000efc                MemManage_Handler
                0x0000000008000efc                DMA1_Stream0_IRQHandler
                0x0000000008000efc                CAN1_TX_IRQHandler
                0x0000000008000efc                SVC_Handler
                0x0000000008000efc                EXTI4_IRQHandler
                0x0000000008000efc                FSMC_IRQHandler
                0x0000000008000efc                ETH_IRQHandler
                0x0000000008000efc                OTG_HS_EP1_OUT_IRQHandler
                0x0000000008000efc                WWDG_IRQHandler
                0x0000000008000efc                TIM2_IRQHandler
                0x0000000008000efc                OTG_FS_WKUP_IRQHandler
                0x0000000008000efc                TIM1_TRG_COM_TIM11_IRQHandler
                0x0000000008000efc                OTG_HS_IRQHandler
                0x0000000008000efc                EXTI1_IRQHandler
                0x0000000008000efc                I2C2_ER_IRQHandler
                0x0000000008000efc                DMA2_Stream1_IRQHandler
                0x0000000008000efc                CAN1_SCE_IRQHandler
                0x0000000008000efc                FLASH_IRQHandler
                0x0000000008000efc                DMA2_Stream4_IRQHandler
                0x0000000008000efc                BusFault_Handler
                0x0000000008000efc                USART1_IRQHandler
                0x0000000008000efc                OTG_FS_IRQHandler
                0x0000000008000efc                SPI3_IRQHandler
                0x0000000008000efc                DMA1_Stream4_IRQHandler
                0x0000000008000efc                I2C1_ER_IRQHandler
                0x0000000008000efc                DMA2_Stream6_IRQHandler
                0x0000000008000efc                RTC_Alarm_IRQHandler
 *fill*         0x0000000008000efe        0x2 
 .text.__libc_init_array
                0x0000000008000f00       0x4c /usr/local/gcc-arm-none-eabi-4_9-2015q3/bin/../lib/gcc/arm-none-eabi/4.9.3/../../../../arm-none-eabi/lib/armv7e-m/softfp/libc_nano.a(lib_a-init.o)
                0x0000000008000f00                __libc_init_array
 .text.memset   0x0000000008000f4c       0x10 /usr/local/gcc-arm-none-eabi-4_9-2015q3/bin/../lib/gcc/arm-none-eabi/4.9.3/../../../../arm-none-eabi/lib/armv7e-m/softfp/libc_nano.a(lib_a-memset.o)
                0x0000000008000f4c                memset
 .text.__cvt    0x0000000008000f5c       0xc0 /usr/local/gcc-arm-none-eabi-4_9-2015q3/bin/../lib/gcc/arm-none-eabi/4.9.3/../../../../arm-none-eabi/lib/armv7e-m/softfp/libc_nano.a(lib_a-nano-vfprintf_float.o)
                0x0000000008000f5c                __cvt
 .text.__exponent
                0x000000000800101c       0x60 /usr/local/gcc-arm-none-eabi-4_9-2015q3/bin/../lib/gcc/arm-none-eabi/4.9.3/../../../../arm-none-eabi/lib/armv7e-m/softfp/libc_nano.a(lib_a-nano-vfprintf_float.o)
                0x000000000800101c                __exponent
 .text._printf_float
                0x000000000800107c      0x48c /usr/local/gcc-arm-none-eabi-4_9-2015q3/bin/../lib/gcc/arm-none-eabi/4.9.3/../../../../arm-none-eabi/lib/armv7e-m/softfp/libc_nano.a(lib_a-nano-vfprintf_float.o)
                0x000000000800107c                _printf_float
 .text._printf_common
                0x0000000008001508       0xea /usr/local/gcc-arm-none-eabi-4_9-2015q3/bin/../lib/gcc/arm-none-eabi/4.9.3/../../../../arm-none-eabi/lib/armv7e-m/softfp/libc_nano.a(lib_a-nano-vfprintf_i.o)
                0x0000000008001508                _printf_common
 *fill*         0x00000000080015f2        0x2 
 .text._printf_i
                0x00000000080015f4      0x240 /usr/local/gcc-arm-none-eabi-4_9-2015q3/bin/../lib/gcc/arm-none-eabi/4.9.3/../../../../arm-none-eabi/lib/armv7e-m/softfp/libc_nano.a(lib_a-nano-vfprintf_i.o)
                0x00000000080015f4                _printf_i
 .text._scanf_float
                0x0000000008001834      0x3cc /usr/local/gcc-arm-none-eabi-4_9-2015q3/bin/../lib/gcc/arm-none-eabi/4.9.3/../../../../arm-none-eabi/lib/armv7e-m/softfp/libc_nano.a(lib_a-nano-vfscanf_float.o)
                0x0000000008001834                _scanf_float
 .text.__fpclassifyd
                0x0000000008001c00       0x54 /usr/local/gcc-arm-none-eabi-4_9-2015q3/bin/../lib/gcc/arm-none-eabi/4.9.3/../../../../arm-none-eabi/lib/armv7e-m/softfp/libc_nano.a(lib_a-s_fpclassify.o)
                0x0000000008001c00                __fpclassifyd
 .text.nanf     0x0000000008001c54        0x8 /usr/local/gcc-arm-none-eabi-4_9-2015q3/bin/../lib/gcc/arm-none-eabi/4.9.3/../../../../arm-none-eabi/lib/armv7e-m/softfp/libc_nano.a(lib_a-sf_nan.o)
                0x0000000008001c54                nanf
 .text.sprintf  0x0000000008001c5c       0x48 /usr/local/gcc-arm-none-eabi-4_9-2015q3/bin/../lib/gcc/arm-none-eabi/4.9.3/../../../../arm-none-eabi/lib/armv7e-m/softfp/libc_nano.a(lib_a-sprintf.o)
                0x0000000008001c5c                sprintf
                0x0000000008001c5c                siprintf
 .text.strlen   0x0000000008001ca4       0x10 /usr/local/gcc-arm-none-eabi-4_9-2015q3/bin/../lib/gcc/arm-none-eabi/4.9.3/../../../../arm-none-eabi/lib/armv7e-m/softfp/libc_nano.a(lib_a-strlen.o)
                0x0000000008001ca4                strlen
 .text.match    0x0000000008001cb4       0x26 /usr/local/gcc-arm-none-eabi-4_9-2015q3/bin/../lib/gcc/arm-none-eabi/4.9.3/../../../../arm-none-eabi/lib/armv7e-m/softfp/libc_nano.a(lib_a-strtod.o)
 .text.sulp     0x0000000008001cda       0x42 /usr/local/gcc-arm-none-eabi-4_9-2015q3/bin/../lib/gcc/arm-none-eabi/4.9.3/../../../../arm-none-eabi/lib/armv7e-m/softfp/libc_nano.a(lib_a-strtod.o)
 *fill*         0x0000000008001d1c        0x4 
 .text._strtod_r
                0x0000000008001d20      0xc24 /usr/local/gcc-arm-none-eabi-4_9-2015q3/bin/../lib/gcc/arm-none-eabi/4.9.3/../../../../arm-none-eabi/lib/armv7e-m/softfp/libc_nano.a(lib_a-strtod.o)
                0x0000000008001d20                _strtod_r
 .text._strtol_r
                0x0000000008002944      0x10c /usr/local/gcc-arm-none-eabi-4_9-2015q3/bin/../lib/gcc/arm-none-eabi/4.9.3/../../../../arm-none-eabi/lib/armv7e-m/softfp/libc_nano.a(lib_a-strtol.o)
                0x0000000008002944                _strtol_r
 .text.quorem   0x0000000008002a50      0x11a /usr/local/gcc-arm-none-eabi-4_9-2015q3/bin/../lib/gcc/arm-none-eabi/4.9.3/../../../../arm-none-eabi/lib/armv7e-m/softfp/libc_nano.a(lib_a-dtoa.o)
 *fill*         0x0000000008002b6a        0x6 
 .text._dtoa_r  0x0000000008002b70      0xb88 /usr/local/gcc-arm-none-eabi-4_9-2015q3/bin/../lib/gcc/arm-none-eabi/4.9.3/../../../../arm-none-eabi/lib/armv7e-m/softfp/libc_nano.a(lib_a-dtoa.o)
                0x0000000008002b70                _dtoa_r
 .text.rshift   0x00000000080036f8       0x6c /usr/local/gcc-arm-none-eabi-4_9-2015q3/bin/../lib/gcc/arm-none-eabi/4.9.3/../../../../arm-none-eabi/lib/armv7e-m/softfp/libc_nano.a(lib_a-gdtoa-gethex.o)
 .text.__hexdig_fun
                0x0000000008003764       0x2a /usr/local/gcc-arm-none-eabi-4_9-2015q3/bin/../lib/gcc/arm-none-eabi/4.9.3/../../../../arm-none-eabi/lib/armv7e-m/softfp/libc_nano.a(lib_a-gdtoa-gethex.o)
                0x0000000008003764                __hexdig_fun
 .text.__gethex
                0x000000000800378e      0x44a /usr/local/gcc-arm-none-eabi-4_9-2015q3/bin/../lib/gcc/arm-none-eabi/4.9.3/../../../../arm-none-eabi/lib/armv7e-m/softfp/libc_nano.a(lib_a-gdtoa-gethex.o)
                0x000000000800378e                __gethex
 .text.L_shift  0x0000000008003bd8       0x24 /usr/local/gcc-arm-none-eabi-4_9-2015q3/bin/../lib/gcc/arm-none-eabi/4.9.3/../../../../arm-none-eabi/lib/armv7e-m/softfp/libc_nano.a(lib_a-gdtoa-hexnan.o)
 .text.__hexnan
                0x0000000008003bfc      0x114 /usr/local/gcc-arm-none-eabi-4_9-2015q3/bin/../lib/gcc/arm-none-eabi/4.9.3/../../../../arm-none-eabi/lib/armv7e-m/softfp/libc_nano.a(lib_a-gdtoa-hexnan.o)
                0x0000000008003bfc                __hexnan
 .text._localeconv_r
                0x0000000008003d10        0x8 /usr/local/gcc-arm-none-eabi-4_9-2015q3/bin/../lib/gcc/arm-none-eabi/4.9.3/../../../../arm-none-eabi/lib/armv7e-m/softfp/libc_nano.a(lib_a-locale.o)
                0x0000000008003d10                _localeconv_r
 .text.malloc   0x0000000008003d18       0x10 /usr/local/gcc-arm-none-eabi-4_9-2015q3/bin/../lib/gcc/arm-none-eabi/4.9.3/../../../../arm-none-eabi/lib/armv7e-m/softfp/libc_nano.a(lib_a-malloc.o)
                0x0000000008003d18                malloc
 .text.memchr   0x0000000008003d28       0x1e /usr/local/gcc-arm-none-eabi-4_9-2015q3/bin/../lib/gcc/arm-none-eabi/4.9.3/../../../../arm-none-eabi/lib/armv7e-m/softfp/libc_nano.a(lib_a-memchr.o)
                0x0000000008003d28                memchr
 .text.memcpy   0x0000000008003d46       0x16 /usr/local/gcc-arm-none-eabi-4_9-2015q3/bin/../lib/gcc/arm-none-eabi/4.9.3/../../../../arm-none-eabi/lib/armv7e-m/softfp/libc_nano.a(lib_a-memcpy.o)
                0x0000000008003d46                memcpy
 .text._Balloc  0x0000000008003d5c       0x6a /usr/local/gcc-arm-none-eabi-4_9-2015q3/bin/../lib/gcc/arm-none-eabi/4.9.3/../../../../arm-none-eabi/lib/armv7e-m/softfp/libc_nano.a(lib_a-mprec.o)
                0x0000000008003d5c                _Balloc
 .text._Bfree   0x0000000008003dc6       0x2e /usr/local/gcc-arm-none-eabi-4_9-2015q3/bin/../lib/gcc/arm-none-eabi/4.9.3/../../../../arm-none-eabi/lib/armv7e-m/softfp/libc_nano.a(lib_a-mprec.o)
                0x0000000008003dc6                _Bfree
 .text.__multadd
                0x0000000008003df4       0x7c /usr/local/gcc-arm-none-eabi-4_9-2015q3/bin/../lib/gcc/arm-none-eabi/4.9.3/../../../../arm-none-eabi/lib/armv7e-m/softfp/libc_nano.a(lib_a-mprec.o)
                0x0000000008003df4                __multadd
 .text.__s2b    0x0000000008003e70       0x80 /usr/local/gcc-arm-none-eabi-4_9-2015q3/bin/../lib/gcc/arm-none-eabi/4.9.3/../../../../arm-none-eabi/lib/armv7e-m/softfp/libc_nano.a(lib_a-mprec.o)
                0x0000000008003e70                __s2b
 .text.__hi0bits
                0x0000000008003ef0       0x40 /usr/local/gcc-arm-none-eabi-4_9-2015q3/bin/../lib/gcc/arm-none-eabi/4.9.3/../../../../arm-none-eabi/lib/armv7e-m/softfp/libc_nano.a(lib_a-mprec.o)
                0x0000000008003ef0                __hi0bits
 .text.__lo0bits
                0x0000000008003f30       0x5a /usr/local/gcc-arm-none-eabi-4_9-2015q3/bin/../lib/gcc/arm-none-eabi/4.9.3/../../../../arm-none-eabi/lib/armv7e-m/softfp/libc_nano.a(lib_a-mprec.o)
                0x0000000008003f30                __lo0bits
 .text.__i2b    0x0000000008003f8a       0x12 /usr/local/gcc-arm-none-eabi-4_9-2015q3/bin/../lib/gcc/arm-none-eabi/4.9.3/../../../../arm-none-eabi/lib/armv7e-m/softfp/libc_nano.a(lib_a-mprec.o)
                0x0000000008003f8a                __i2b
 .text.__multiply
                0x0000000008003f9c      0x122 /usr/local/gcc-arm-none-eabi-4_9-2015q3/bin/../lib/gcc/arm-none-eabi/4.9.3/../../../../arm-none-eabi/lib/armv7e-m/softfp/libc_nano.a(lib_a-mprec.o)
                0x0000000008003f9c                __multiply
 *fill*         0x00000000080040be        0x2 
 .text.__pow5mult
                0x00000000080040c0       0x9c /usr/local/gcc-arm-none-eabi-4_9-2015q3/bin/../lib/gcc/arm-none-eabi/4.9.3/../../../../arm-none-eabi/lib/armv7e-m/softfp/libc_nano.a(lib_a-mprec.o)
                0x00000000080040c0                __pow5mult
 .text.__lshift
                0x000000000800415c       0xa6 /usr/local/gcc-arm-none-eabi-4_9-2015q3/bin/../lib/gcc/arm-none-eabi/4.9.3/../../../../arm-none-eabi/lib/armv7e-m/softfp/libc_nano.a(lib_a-mprec.o)
                0x000000000800415c                __lshift
 .text.__mcmp   0x0000000008004202       0x38 /usr/local/gcc-arm-none-eabi-4_9-2015q3/bin/../lib/gcc/arm-none-eabi/4.9.3/../../../../arm-none-eabi/lib/armv7e-m/softfp/libc_nano.a(lib_a-mprec.o)
                0x0000000008004202                __mcmp
 .text.__mdiff  0x000000000800423a       0xbe /usr/local/gcc-arm-none-eabi-4_9-2015q3/bin/../lib/gcc/arm-none-eabi/4.9.3/../../../../arm-none-eabi/lib/armv7e-m/softfp/libc_nano.a(lib_a-mprec.o)
                0x000000000800423a                __mdiff
 .text.__ulp    0x00000000080042f8       0x48 /usr/local/gcc-arm-none-eabi-4_9-2015q3/bin/../lib/gcc/arm-none-eabi/4.9.3/../../../../arm-none-eabi/lib/armv7e-m/softfp/libc_nano.a(lib_a-mprec.o)
                0x00000000080042f8                __ulp
 .text.__b2d    0x0000000008004340       0x9e /usr/local/gcc-arm-none-eabi-4_9-2015q3/bin/../lib/gcc/arm-none-eabi/4.9.3/../../../../arm-none-eabi/lib/armv7e-m/softfp/libc_nano.a(lib_a-mprec.o)
                0x0000000008004340                __b2d
 .text.__d2b    0x00000000080043de       0xa4 /usr/local/gcc-arm-none-eabi-4_9-2015q3/bin/../lib/gcc/arm-none-eabi/4.9.3/../../../../arm-none-eabi/lib/armv7e-m/softfp/libc_nano.a(lib_a-mprec.o)
                0x00000000080043de                __d2b
 .text.__ratio  0x0000000008004482       0x52 /usr/local/gcc-arm-none-eabi-4_9-2015q3/bin/../lib/gcc/arm-none-eabi/4.9.3/../../../../arm-none-eabi/lib/armv7e-m/softfp/libc_nano.a(lib_a-mprec.o)
                0x0000000008004482                __ratio
 .text.__copybits
                0x00000000080044d4       0x34 /usr/local/gcc-arm-none-eabi-4_9-2015q3/bin/../lib/gcc/arm-none-eabi/4.9.3/../../../../arm-none-eabi/lib/armv7e-m/softfp/libc_nano.a(lib_a-mprec.o)
                0x00000000080044d4                __copybits
 .text.__any_on
                0x0000000008004508       0x44 /usr/local/gcc-arm-none-eabi-4_9-2015q3/bin/../lib/gcc/arm-none-eabi/4.9.3/../../../../arm-none-eabi/lib/armv7e-m/softfp/libc_nano.a(lib_a-mprec.o)
                0x0000000008004508                __any_on
 .text._calloc_r
                0x000000000800454c       0x1c /usr/local/gcc-arm-none-eabi-4_9-2015q3/bin/../lib/gcc/arm-none-eabi/4.9.3/../../../../arm-none-eabi/lib/armv7e-m/softfp/libc_nano.a(lib_a-nano-callocr.o)
                0x000000000800454c                _calloc_r
 .text._free_r  0x0000000008004568       0x88 /usr/local/gcc-arm-none-eabi-4_9-2015q3/bin/../lib/gcc/arm-none-eabi/4.9.3/../../../../arm-none-eabi/lib/armv7e-m/softfp/libc_nano.a(lib_a-nano-freer.o)
                0x0000000008004568                _free_r
 .text._malloc_r
                0x00000000080045f0       0xac /usr/local/gcc-arm-none-eabi-4_9-2015q3/bin/../lib/gcc/arm-none-eabi/4.9.3/../../../../arm-none-eabi/lib/armv7e-m/softfp/libc_nano.a(lib_a-nano-mallocr.o)
                0x00000000080045f0                _malloc_r
 .text.__ssputs_r
                0x000000000800469c       0xb2 /usr/local/gcc-arm-none-eabi-4_9-2015q3/bin/../lib/gcc/arm-none-eabi/4.9.3/../../../../arm-none-eabi/lib/armv7e-m/softfp/libc_nano.a(lib_a-nano-svfprintf.o)
                0x000000000800469c                __ssputs_r
 *fill*         0x000000000800474e        0x2 
 .text._svfprintf_r
                0x0000000008004750      0x1e4 /usr/local/gcc-arm-none-eabi-4_9-2015q3/bin/../lib/gcc/arm-none-eabi/4.9.3/../../../../arm-none-eabi/lib/armv7e-m/softfp/libc_nano.a(lib_a-nano-svfprintf.o)
                0x0000000008004750                _svfprintf_r
                0x0000000008004750                _svfiprintf_r
 .text._sbrk_r  0x0000000008004934       0x20 /usr/local/gcc-arm-none-eabi-4_9-2015q3/bin/../lib/gcc/arm-none-eabi/4.9.3/../../../../arm-none-eabi/lib/armv7e-m/softfp/libc_nano.a(lib_a-sbrkr.o)
                0x0000000008004934                _sbrk_r
 .text.strncmp  0x0000000008004954       0x34 /usr/local/gcc-arm-none-eabi-4_9-2015q3/bin/../lib/gcc/arm-none-eabi/4.9.3/../../../../arm-none-eabi/lib/armv7e-m/softfp/libc_nano.a(lib_a-strncmp.o)
                0x0000000008004954                strncmp
 .text.memmove  0x0000000008004988       0x36 /usr/local/gcc-arm-none-eabi-4_9-2015q3/bin/../lib/gcc/arm-none-eabi/4.9.3/../../../../arm-none-eabi/lib/armv7e-m/softfp/libc_nano.a(lib_a-memmove.o)
                0x0000000008004988                memmove
 .text._realloc_r
                0x00000000080049be       0x4c /usr/local/gcc-arm-none-eabi-4_9-2015q3/bin/../lib/gcc/arm-none-eabi/4.9.3/../../../../arm-none-eabi/lib/armv7e-m/softfp/libc_nano.a(lib_a-nano-reallocr.o)
                0x00000000080049be                _realloc_r
 .text._malloc_usable_size_r
                0x0000000008004a0a       0x14 /usr/local/gcc-arm-none-eabi-4_9-2015q3/bin/../lib/gcc/arm-none-eabi/4.9.3/../../../../arm-none-eabi/lib/armv7e-m/softfp/libc_nano.a(lib_a-nano-msizer.o)
                0x0000000008004a0a                _malloc_usable_size_r
 *fill*         0x0000000008004a1e        0x2 
 .text          0x0000000008004a20      0x370 /usr/local/gcc-arm-none-eabi-4_9-2015q3/bin/../lib/gcc/arm-none-eabi/4.9.3/armv7e-m/softfp/libgcc.a(_arm_addsubdf3.o)
                0x0000000008004a20                __aeabi_drsub
                0x0000000008004a28                __subdf3
                0x0000000008004a28                __aeabi_dsub
                0x0000000008004a2c                __aeabi_dadd
                0x0000000008004a2c                __adddf3
                0x0000000008004ca4                __aeabi_ui2d
                0x0000000008004ca4                __floatunsidf
                0x0000000008004cc4                __floatsidf
                0x0000000008004cc4                __aeabi_i2d
                0x0000000008004ce8                __extendsfdf2
                0x0000000008004ce8                __aeabi_f2d
                0x0000000008004d24                __aeabi_ul2d
                0x0000000008004d24                __floatundidf
                0x0000000008004d34                __aeabi_l2d
                0x0000000008004d34                __floatdidf
 .text          0x0000000008004d90      0x424 /usr/local/gcc-arm-none-eabi-4_9-2015q3/bin/../lib/gcc/arm-none-eabi/4.9.3/armv7e-m/softfp/libgcc.a(_arm_muldivdf3.o)
                0x0000000008004d90                __aeabi_dmul
                0x0000000008004d90                __muldf3
                0x0000000008004fe4                __aeabi_ddiv
                0x0000000008004fe4                __divdf3
 .text          0x00000000080051b4      0x110 /usr/local/gcc-arm-none-eabi-4_9-2015q3/bin/../lib/gcc/arm-none-eabi/4.9.3/armv7e-m/softfp/libgcc.a(_arm_cmpdf2.o)
                0x00000000080051b4                __gtdf2
                0x00000000080051b4                __gedf2
                0x00000000080051bc                __ltdf2
                0x00000000080051bc                __ledf2
                0x00000000080051c4                __eqdf2
                0x00000000080051c4                __nedf2
                0x00000000080051c4                __cmpdf2
                0x0000000008005240                __aeabi_cdrcmple
                0x0000000008005250                __aeabi_cdcmple
                0x0000000008005250                __aeabi_cdcmpeq
                0x0000000008005260                __aeabi_dcmpeq
                0x0000000008005274                __aeabi_dcmplt
                0x0000000008005288                __aeabi_dcmple
                0x000000000800529c                __aeabi_dcmpge
                0x00000000080052b0                __aeabi_dcmpgt
 .text          0x00000000080052c4       0x50 /usr/local/gcc-arm-none-eabi-4_9-2015q3/bin/../lib/gcc/arm-none-eabi/4.9.3/armv7e-m/softfp/libgcc.a(_arm_fixdfsi.o)
                0x00000000080052c4                __fixdfsi
                0x00000000080052c4                __aeabi_d2iz
 .text          0x0000000008005314       0x40 /usr/local/gcc-arm-none-eabi-4_9-2015q3/bin/../lib/gcc/arm-none-eabi/4.9.3/armv7e-m/softfp/libgcc.a(_arm_fixunsdfsi.o)
                0x0000000008005314                __fixunsdfsi
                0x0000000008005314                __aeabi_d2uiz
 .text          0x0000000008005354       0xa0 /usr/local/gcc-arm-none-eabi-4_9-2015q3/bin/../lib/gcc/arm-none-eabi/4.9.3/armv7e-m/softfp/libgcc.a(_arm_truncdfsf2.o)
                0x0000000008005354                __aeabi_d2f
                0x0000000008005354                __truncdfsf2
 .text._sbrk    0x00000000080053f4       0x1c /usr/local/gcc-arm-none-eabi-4_9-2015q3/bin/../lib/gcc/arm-none-eabi/4.9.3/../../../../arm-none-eabi/lib/armv7e-m/softfp/libnosys.a(sbrk.o)
                0x00000000080053f4                _sbrk
 *(.init)
 .init          0x0000000008005410        0x4 /usr/local/gcc-arm-none-eabi-4_9-2015q3/bin/../lib/gcc/arm-none-eabi/4.9.3/armv7e-m/softfp/crti.o
                0x0000000008005410                _init
 .init          0x0000000008005414        0x8 /usr/local/gcc-arm-none-eabi-4_9-2015q3/bin/../lib/gcc/arm-none-eabi/4.9.3/armv7e-m/softfp/crtn.o
 *(.fini)
 .fini          0x000000000800541c        0x4 /usr/local/gcc-arm-none-eabi-4_9-2015q3/bin/../lib/gcc/arm-none-eabi/4.9.3/armv7e-m/softfp/crti.o
                0x000000000800541c                _fini
 .fini          0x0000000008005420        0x8 /usr/local/gcc-arm-none-eabi-4_9-2015q3/bin/../lib/gcc/arm-none-eabi/4.9.3/armv7e-m/softfp/crtn.o
 *crtbegin.o(.ctors)
 *crtbegin?.o(.ctors)
 *(EXCLUDE_FILE(*crtend.o *crtend?.o) .ctors)
 *(SORT(.ctors.*))
 *(.ctors)
 *crtbegin.o(.dtors)
 *crtbegin?.o(.dtors)
 *(EXCLUDE_FILE(*crtend.o *crtend?.o) .dtors)
 *(SORT(.dtors.*))
 *(.dtors)
 *(.rodata*)
 .rodata.APBAHBPrescTable
                0x0000000008005428       0x10 STM32Cube_FW_F4_V1.9.0/Drivers/STM32F4xx_HAL_Driver/Src/stm32f4xx_hal_rcc.o
                0x0000000008005428                APBAHBPrescTable
 .rodata.str1.1
                0x0000000008005438        0x2 /usr/local/gcc-arm-none-eabi-4_9-2015q3/bin/../lib/gcc/arm-none-eabi/4.9.3/../../../../arm-none-eabi/lib/armv7e-m/softfp/libc_nano.a(lib_a-impure.o)
 .rodata.str1.1
                0x000000000800543a       0x12 /usr/local/gcc-arm-none-eabi-4_9-2015q3/bin/../lib/gcc/arm-none-eabi/4.9.3/../../../../arm-none-eabi/lib/armv7e-m/softfp/libc_nano.a(lib_a-nano-vfprintf_float.o)
 .rodata.str1.1
                0x000000000800544c       0x22 /usr/local/gcc-arm-none-eabi-4_9-2015q3/bin/../lib/gcc/arm-none-eabi/4.9.3/../../../../arm-none-eabi/lib/armv7e-m/softfp/libc_nano.a(lib_a-nano-vfprintf_i.o)
 .rodata.str1.1
                0x000000000800546e        0x5 /usr/local/gcc-arm-none-eabi-4_9-2015q3/bin/../lib/gcc/arm-none-eabi/4.9.3/../../../../arm-none-eabi/lib/armv7e-m/softfp/libc_nano.a(lib_a-nano-vfscanf_float.o)
 .rodata.str1.1
                0x0000000000000000        0x5 /usr/local/gcc-arm-none-eabi-4_9-2015q3/bin/../lib/gcc/arm-none-eabi/4.9.3/../../../../arm-none-eabi/lib/armv7e-m/softfp/libc_nano.a(lib_a-strtod.o)
                                          0xc (size before relaxing)
 *fill*         0x0000000008005473        0x1 
 .rodata.fpinan.5315
                0x0000000008005474       0x14 /usr/local/gcc-arm-none-eabi-4_9-2015q3/bin/../lib/gcc/arm-none-eabi/4.9.3/../../../../arm-none-eabi/lib/armv7e-m/softfp/libc_nano.a(lib_a-strtod.o)
 .rodata.tinytens
                0x0000000008005488       0x28 /usr/local/gcc-arm-none-eabi-4_9-2015q3/bin/../lib/gcc/arm-none-eabi/4.9.3/../../../../arm-none-eabi/lib/armv7e-m/softfp/libc_nano.a(lib_a-strtod.o)
 .rodata.fpi.5279
                0x00000000080054b0       0x14 /usr/local/gcc-arm-none-eabi-4_9-2015q3/bin/../lib/gcc/arm-none-eabi/4.9.3/../../../../arm-none-eabi/lib/armv7e-m/softfp/libc_nano.a(lib_a-strtod.o)
 .rodata._ctype_
                0x00000000080054c4      0x101 /usr/local/gcc-arm-none-eabi-4_9-2015q3/bin/../lib/gcc/arm-none-eabi/4.9.3/../../../../arm-none-eabi/lib/armv7e-m/softfp/libc_nano.a(lib_a-ctype_.o)
                0x00000000080054c4                _ctype_
 .rodata.str1.1
                0x00000000080055c5        0xd /usr/local/gcc-arm-none-eabi-4_9-2015q3/bin/../lib/gcc/arm-none-eabi/4.9.3/../../../../arm-none-eabi/lib/armv7e-m/softfp/libc_nano.a(lib_a-dtoa.o)
                                          0xf (size before relaxing)
 .rodata.str1.1
                0x00000000080055d2        0x8 /usr/local/gcc-arm-none-eabi-4_9-2015q3/bin/../lib/gcc/arm-none-eabi/4.9.3/../../../../arm-none-eabi/lib/armv7e-m/softfp/libc_nano.a(lib_a-locale.o)
                                          0xb (size before relaxing)
 *fill*         0x00000000080055da        0x6 
 .rodata.__mprec_tens
                0x00000000080055e0       0xc8 /usr/local/gcc-arm-none-eabi-4_9-2015q3/bin/../lib/gcc/arm-none-eabi/4.9.3/../../../../arm-none-eabi/lib/armv7e-m/softfp/libc_nano.a(lib_a-mprec.o)
                0x00000000080055e0                __mprec_tens
 .rodata.__mprec_bigtens
                0x00000000080056a8       0x28 /usr/local/gcc-arm-none-eabi-4_9-2015q3/bin/../lib/gcc/arm-none-eabi/4.9.3/../../../../arm-none-eabi/lib/armv7e-m/softfp/libc_nano.a(lib_a-mprec.o)
                0x00000000080056a8                __mprec_bigtens
 .rodata.p05.5314
                0x00000000080056d0        0xc /usr/local/gcc-arm-none-eabi-4_9-2015q3/bin/../lib/gcc/arm-none-eabi/4.9.3/../../../../arm-none-eabi/lib/armv7e-m/softfp/libc_nano.a(lib_a-mprec.o)
 .rodata.str1.1
                0x00000000080056dc       0x11 /usr/local/gcc-arm-none-eabi-4_9-2015q3/bin/../lib/gcc/arm-none-eabi/4.9.3/../../../../arm-none-eabi/lib/armv7e-m/softfp/libc_nano.a(lib_a-nano-svfprintf.o)
 *(.eh_frame*)
 *fill*         0x00000000080056ed        0x3 
 .eh_frame      0x00000000080056f0        0x0 /usr/local/gcc-arm-none-eabi-4_9-2015q3/bin/../lib/gcc/arm-none-eabi/4.9.3/armv7e-m/softfp/crtbegin.o
 .eh_frame      0x00000000080056f0        0x0 /usr/local/gcc-arm-none-eabi-4_9-2015q3/bin/../lib/gcc/arm-none-eabi/4.9.3/../../../../arm-none-eabi/lib/armv7e-m/softfp/libc_nano.a(lib_a-strcmp.o)
                                         0x28 (size before relaxing)
 .eh_frame      0x00000000080056f0        0x4 /usr/local/gcc-arm-none-eabi-4_9-2015q3/bin/../lib/gcc/arm-none-eabi/4.9.3/armv7e-m/softfp/crtend.o

.glue_7         0x00000000080056f4        0x0
 .glue_7        0x0000000000000000        0x0 linker stubs

.glue_7t        0x00000000080056f4        0x0
 .glue_7t       0x0000000000000000        0x0 linker stubs

.vfp11_veneer   0x00000000080056f4        0x0
 .vfp11_veneer  0x0000000000000000        0x0 linker stubs

.v4_bx          0x00000000080056f4        0x0
 .v4_bx         0x0000000000000000        0x0 linker stubs

.iplt           0x00000000080056f4        0x0
 .iplt          0x0000000000000000        0x0 /usr/local/gcc-arm-none-eabi-4_9-2015q3/bin/../lib/gcc/arm-none-eabi/4.9.3/armv7e-m/softfp/crtbegin.o

.rel.dyn        0x00000000080056f4        0x0
 .rel.iplt      0x0000000000000000        0x0 /usr/local/gcc-arm-none-eabi-4_9-2015q3/bin/../lib/gcc/arm-none-eabi/4.9.3/armv7e-m/softfp/crtbegin.o

.ARM.extab
 *(.ARM.extab* .gnu.linkonce.armextab.*)
                0x00000000080056f4                __exidx_start = .

.ARM.exidx
 *(.ARM.exidx* .gnu.linkonce.armexidx.*)
                0x00000000080056f4                __exidx_end = .
                0x00000000080056f4                __etext = .
                0x00000000080056f4                _sidata = .

.data           0x0000000020000188       0xb0 load address 0x00000000080056f4
                0x0000000020000188                __data_start__ = .
                0x0000000020000188                _sdata = .
 *(vtable)
 *(.data*)
 .data.SystemCoreClock
                0x0000000020000188        0x4 STM32Cube_FW_F4_V1.9.0/Drivers/CMSIS/Device/ST/STM32F4xx/Source/Templates/system_stm32f4xx.o
                0x0000000020000188                SystemCoreClock
 .data.impure_data
                0x000000002000018c       0x60 /usr/local/gcc-arm-none-eabi-4_9-2015q3/bin/../lib/gcc/arm-none-eabi/4.9.3/../../../../arm-none-eabi/lib/armv7e-m/softfp/libc_nano.a(lib_a-impure.o)
 .data._impure_ptr
                0x00000000200001ec        0x4 /usr/local/gcc-arm-none-eabi-4_9-2015q3/bin/../lib/gcc/arm-none-eabi/4.9.3/../../../../arm-none-eabi/lib/armv7e-m/softfp/libc_nano.a(lib_a-impure.o)
                0x00000000200001ec                _impure_ptr
 .data.__ctype_ptr__
                0x00000000200001f0        0x4 /usr/local/gcc-arm-none-eabi-4_9-2015q3/bin/../lib/gcc/arm-none-eabi/4.9.3/../../../../arm-none-eabi/lib/armv7e-m/softfp/libc_nano.a(lib_a-ctype_.o)
                0x00000000200001f0                __ctype_ptr__
 .data.lconv    0x00000000200001f4       0x38 /usr/local/gcc-arm-none-eabi-4_9-2015q3/bin/../lib/gcc/arm-none-eabi/4.9.3/../../../../arm-none-eabi/lib/armv7e-m/softfp/libc_nano.a(lib_a-locale.o)
                0x000000002000022c                . = ALIGN (0x4)
                0x000000002000022c                PROVIDE (__preinit_array_start, .)
 *(.preinit_array)
                0x000000002000022c                PROVIDE (__preinit_array_end, .)
                0x000000002000022c                . = ALIGN (0x4)
                0x000000002000022c                PROVIDE (__init_array_start, .)
 *(SORT(.init_array.*))
 *(.init_array)
 .init_array    0x000000002000022c        0x4 /usr/local/gcc-arm-none-eabi-4_9-2015q3/bin/../lib/gcc/arm-none-eabi/4.9.3/armv7e-m/softfp/crtbegin.o
                0x0000000020000230                PROVIDE (__init_array_end, .)
                0x0000000020000230                . = ALIGN (0x4)
                0x0000000020000230                PROVIDE (__fini_array_start, .)
 *(SORT(.fini_array.*))
 *(.fini_array)
 .fini_array    0x0000000020000230        0x4 /usr/local/gcc-arm-none-eabi-4_9-2015q3/bin/../lib/gcc/arm-none-eabi/4.9.3/armv7e-m/softfp/crtbegin.o
                0x0000000020000234                PROVIDE (__fini_array_end, .)
 *(.jcr*)
 .jcr           0x0000000020000234        0x0 /usr/local/gcc-arm-none-eabi-4_9-2015q3/bin/../lib/gcc/arm-none-eabi/4.9.3/armv7e-m/softfp/crtbegin.o
 .jcr           0x0000000020000234        0x4 /usr/local/gcc-arm-none-eabi-4_9-2015q3/bin/../lib/gcc/arm-none-eabi/4.9.3/armv7e-m/softfp/crtend.o
                0x0000000020000238                . = ALIGN (0x4)
                0x0000000020000238                __data_end__ = .
                0x0000000020000238                _edata = .

.igot.plt       0x0000000020000238        0x0 load address 0x00000000080057a4
 .igot.plt      0x0000000000000000        0x0 /usr/local/gcc-arm-none-eabi-4_9-2015q3/bin/../lib/gcc/arm-none-eabi/4.9.3/armv7e-m/softfp/crtbegin.o

.bss            0x0000000020000238       0xfc load address 0x00000000080057a4
                0x0000000020000238                . = ALIGN (0x4)
                0x0000000020000238                __bss_start__ = .
                0x0000000020000238                _sbss = .
 *(.bss*)
 .bss           0x0000000020000238       0x1c /usr/local/gcc-arm-none-eabi-4_9-2015q3/bin/../lib/gcc/arm-none-eabi/4.9.3/armv7e-m/softfp/crtbegin.o
 .bss.interruptCount
                0x0000000020000254        0x4 main.o
 .bss.CAN1dataReceivedFlag
                0x0000000020000258        0x1 canbus.o
                0x0000000020000258                CAN1dataReceivedFlag
 *fill*         0x0000000020000259        0x3 
 .bss.HCAN1     0x000000002000025c       0x40 canbus.o
                0x000000002000025c                HCAN1
 .bss.TxMessage
                0x000000002000029c       0x1c canbus.o
                0x000000002000029c                TxMessage
 .bss.RxMessage
                0x00000000200002b8       0x24 canbus.o
                0x00000000200002b8                RxMessage
 .bss.UARTbyteReceivedFlag
                0x00000000200002dc        0x1 uart.o
                0x00000000200002dc                UARTbyteReceivedFlag
 .bss.UARTreceivedData
                0x00000000200002dd        0x1 uart.o
                0x00000000200002dd                UARTreceivedData
 *fill*         0x00000000200002de        0x2 
 .bss.HUsart2   0x00000000200002e0       0x40 uart.o
                0x00000000200002e0                HUsart2
 .bss.uwTick    0x0000000020000320        0x4 STM32Cube_FW_F4_V1.9.0/Drivers/STM32F4xx_HAL_Driver/Src/stm32f4xx_hal.o
 .bss.__malloc_sbrk_start
                0x0000000020000324        0x4 /usr/local/gcc-arm-none-eabi-4_9-2015q3/bin/../lib/gcc/arm-none-eabi/4.9.3/../../../../arm-none-eabi/lib/armv7e-m/softfp/libc_nano.a(lib_a-nano-mallocr.o)
                0x0000000020000324                __malloc_sbrk_start
 .bss.__malloc_free_list
                0x0000000020000328        0x4 /usr/local/gcc-arm-none-eabi-4_9-2015q3/bin/../lib/gcc/arm-none-eabi/4.9.3/../../../../arm-none-eabi/lib/armv7e-m/softfp/libc_nano.a(lib_a-nano-mallocr.o)
                0x0000000020000328                __malloc_free_list
 .bss.heap_end.4079
                0x000000002000032c        0x4 /usr/local/gcc-arm-none-eabi-4_9-2015q3/bin/../lib/gcc/arm-none-eabi/4.9.3/../../../../arm-none-eabi/lib/armv7e-m/softfp/libnosys.a(sbrk.o)
 *(COMMON)
 COMMON         0x0000000020000330        0x4 /usr/local/gcc-arm-none-eabi-4_9-2015q3/bin/../lib/gcc/arm-none-eabi/4.9.3/../../../../arm-none-eabi/lib/armv7e-m/softfp/libc_nano.a(lib_a-reent.o)
                0x0000000020000330                errno
                0x0000000020000334                . = ALIGN (0x4)
                0x0000000020000334                __bss_end__ = .
                0x0000000020000334                _ebss = .

.heap           0x0000000020000334        0x0
                0x0000000020000334                __end__ = .
                0x0000000020000334                end = __end__
 *(.heap*)
                0x0000000020000334                __HeapLimit = .

.stack_dummy    0x0000000020000334        0x0
 *(.stack*)
                0x0000000020020000                __StackTop = (ORIGIN (RAM) + 0x1fe78)
                0x0000000020020000                _estack = __StackTop
                0x0000000020020000                __StackLimit = (__StackTop - SIZEOF (.stack_dummy))
                0x0000000020020000                PROVIDE (__stack, __StackTop)
                0x0000000000000001                ASSERT ((__StackLimit >= __HeapLimit), region RAM overflowed with stack)
OUTPUT(build/main.elf elf32-littlearm)

.ARM.attributes
                0x0000000000000000       0x2e
 .ARM.attributes
                0x0000000000000000       0x22 /usr/local/gcc-arm-none-eabi-4_9-2015q3/bin/../lib/gcc/arm-none-eabi/4.9.3/armv7e-m/softfp/crti.o
 .ARM.attributes
                0x0000000000000022       0x32 /usr/local/gcc-arm-none-eabi-4_9-2015q3/bin/../lib/gcc/arm-none-eabi/4.9.3/armv7e-m/softfp/crtbegin.o
 .ARM.attributes
                0x0000000000000054       0x37 main.o
 .ARM.attributes
                0x000000000000008b       0x37 canbus.o
 .ARM.attributes
                0x00000000000000c2       0x37 uart.o
 .ARM.attributes
                0x00000000000000f9       0x37 leds.o
 .ARM.attributes
                0x0000000000000130       0x37 STM32Cube_FW_F4_V1.9.0/Drivers/STM32F4xx_HAL_Driver/Src/stm32f4xx_hal.o
 .ARM.attributes
                0x0000000000000167       0x37 STM32Cube_FW_F4_V1.9.0/Drivers/STM32F4xx_HAL_Driver/Src/stm32f4xx_hal_can.o
 .ARM.attributes
                0x000000000000019e       0x37 STM32Cube_FW_F4_V1.9.0/Drivers/STM32F4xx_HAL_Driver/Src/stm32f4xx_hal_uart.o
 .ARM.attributes
                0x00000000000001d5       0x37 STM32Cube_FW_F4_V1.9.0/Drivers/STM32F4xx_HAL_Driver/Src/stm32f4xx_hal_cortex.o
 .ARM.attributes
                0x000000000000020c       0x37 STM32Cube_FW_F4_V1.9.0/Drivers/STM32F4xx_HAL_Driver/Src/stm32f4xx_hal_gpio.o
 .ARM.attributes
                0x0000000000000243       0x37 STM32Cube_FW_F4_V1.9.0/Drivers/STM32F4xx_HAL_Driver/Src/stm32f4xx_hal_rcc.o
 .ARM.attributes
                0x000000000000027a       0x37 STM32Cube_FW_F4_V1.9.0/Drivers/CMSIS/Device/ST/STM32F4xx/Source/Templates/system_stm32f4xx.o
 .ARM.attributes
                0x00000000000002b1       0x21 STM32Cube_FW_F4_V1.9.0/Drivers/CMSIS/Device/ST/STM32F4xx/Source/Templates/gcc/startup_stm32f407xx.o
 .ARM.attributes
                0x00000000000002d2       0x32 /usr/local/gcc-arm-none-eabi-4_9-2015q3/bin/../lib/gcc/arm-none-eabi/4.9.3/../../../../arm-none-eabi/lib/armv7e-m/softfp/libc_nano.a(lib_a-impure.o)
 .ARM.attributes
                0x0000000000000304       0x32 /usr/local/gcc-arm-none-eabi-4_9-2015q3/bin/../lib/gcc/arm-none-eabi/4.9.3/../../../../arm-none-eabi/lib/armv7e-m/softfp/libc_nano.a(lib_a-init.o)
 .ARM.attributes
                0x0000000000000336       0x32 /usr/local/gcc-arm-none-eabi-4_9-2015q3/bin/../lib/gcc/arm-none-eabi/4.9.3/../../../../arm-none-eabi/lib/armv7e-m/softfp/libc_nano.a(lib_a-memset.o)
 .ARM.attributes
                0x0000000000000368       0x32 /usr/local/gcc-arm-none-eabi-4_9-2015q3/bin/../lib/gcc/arm-none-eabi/4.9.3/../../../../arm-none-eabi/lib/armv7e-m/softfp/libc_nano.a(lib_a-nano-vfprintf_float.o)
 .ARM.attributes
                0x000000000000039a       0x32 /usr/local/gcc-arm-none-eabi-4_9-2015q3/bin/../lib/gcc/arm-none-eabi/4.9.3/../../../../arm-none-eabi/lib/armv7e-m/softfp/libc_nano.a(lib_a-nano-vfprintf_i.o)
 .ARM.attributes
                0x00000000000003cc       0x32 /usr/local/gcc-arm-none-eabi-4_9-2015q3/bin/../lib/gcc/arm-none-eabi/4.9.3/../../../../arm-none-eabi/lib/armv7e-m/softfp/libc_nano.a(lib_a-nano-vfscanf_float.o)
 .ARM.attributes
                0x00000000000003fe       0x32 /usr/local/gcc-arm-none-eabi-4_9-2015q3/bin/../lib/gcc/arm-none-eabi/4.9.3/../../../../arm-none-eabi/lib/armv7e-m/softfp/libc_nano.a(lib_a-s_fpclassify.o)
 .ARM.attributes
                0x0000000000000430       0x32 /usr/local/gcc-arm-none-eabi-4_9-2015q3/bin/../lib/gcc/arm-none-eabi/4.9.3/../../../../arm-none-eabi/lib/armv7e-m/softfp/libc_nano.a(lib_a-sf_nan.o)
 .ARM.attributes
                0x0000000000000462       0x32 /usr/local/gcc-arm-none-eabi-4_9-2015q3/bin/../lib/gcc/arm-none-eabi/4.9.3/../../../../arm-none-eabi/lib/armv7e-m/softfp/libc_nano.a(lib_a-sprintf.o)
 .ARM.attributes
                0x0000000000000494       0x32 /usr/local/gcc-arm-none-eabi-4_9-2015q3/bin/../lib/gcc/arm-none-eabi/4.9.3/../../../../arm-none-eabi/lib/armv7e-m/softfp/libc_nano.a(lib_a-strlen.o)
 .ARM.attributes
                0x00000000000004c6       0x32 /usr/local/gcc-arm-none-eabi-4_9-2015q3/bin/../lib/gcc/arm-none-eabi/4.9.3/../../../../arm-none-eabi/lib/armv7e-m/softfp/libc_nano.a(lib_a-strtod.o)
 .ARM.attributes
                0x00000000000004f8       0x32 /usr/local/gcc-arm-none-eabi-4_9-2015q3/bin/../lib/gcc/arm-none-eabi/4.9.3/../../../../arm-none-eabi/lib/armv7e-m/softfp/libc_nano.a(lib_a-strtol.o)
 .ARM.attributes
                0x000000000000052a       0x32 /usr/local/gcc-arm-none-eabi-4_9-2015q3/bin/../lib/gcc/arm-none-eabi/4.9.3/../../../../arm-none-eabi/lib/armv7e-m/softfp/libc_nano.a(lib_a-ctype_.o)
 .ARM.attributes
                0x000000000000055c       0x32 /usr/local/gcc-arm-none-eabi-4_9-2015q3/bin/../lib/gcc/arm-none-eabi/4.9.3/../../../../arm-none-eabi/lib/armv7e-m/softfp/libc_nano.a(lib_a-dtoa.o)
 .ARM.attributes
                0x000000000000058e       0x32 /usr/local/gcc-arm-none-eabi-4_9-2015q3/bin/../lib/gcc/arm-none-eabi/4.9.3/../../../../arm-none-eabi/lib/armv7e-m/softfp/libc_nano.a(lib_a-gdtoa-gethex.o)
 .ARM.attributes
                0x00000000000005c0       0x32 /usr/local/gcc-arm-none-eabi-4_9-2015q3/bin/../lib/gcc/arm-none-eabi/4.9.3/../../../../arm-none-eabi/lib/armv7e-m/softfp/libc_nano.a(lib_a-gdtoa-hexnan.o)
 .ARM.attributes
                0x00000000000005f2       0x32 /usr/local/gcc-arm-none-eabi-4_9-2015q3/bin/../lib/gcc/arm-none-eabi/4.9.3/../../../../arm-none-eabi/lib/armv7e-m/softfp/libc_nano.a(lib_a-locale.o)
 .ARM.attributes
                0x0000000000000624       0x32 /usr/local/gcc-arm-none-eabi-4_9-2015q3/bin/../lib/gcc/arm-none-eabi/4.9.3/../../../../arm-none-eabi/lib/armv7e-m/softfp/libc_nano.a(lib_a-malloc.o)
 .ARM.attributes
                0x0000000000000656       0x32 /usr/local/gcc-arm-none-eabi-4_9-2015q3/bin/../lib/gcc/arm-none-eabi/4.9.3/../../../../arm-none-eabi/lib/armv7e-m/softfp/libc_nano.a(lib_a-memchr.o)
 .ARM.attributes
                0x0000000000000688       0x32 /usr/local/gcc-arm-none-eabi-4_9-2015q3/bin/../lib/gcc/arm-none-eabi/4.9.3/../../../../arm-none-eabi/lib/armv7e-m/softfp/libc_nano.a(lib_a-memcpy.o)
 .ARM.attributes
                0x00000000000006ba       0x32 /usr/local/gcc-arm-none-eabi-4_9-2015q3/bin/../lib/gcc/arm-none-eabi/4.9.3/../../../../arm-none-eabi/lib/armv7e-m/softfp/libc_nano.a(lib_a-mprec.o)
 .ARM.attributes
                0x00000000000006ec       0x32 /usr/local/gcc-arm-none-eabi-4_9-2015q3/bin/../lib/gcc/arm-none-eabi/4.9.3/../../../../arm-none-eabi/lib/armv7e-m/softfp/libc_nano.a(lib_a-nano-callocr.o)
 .ARM.attributes
                0x000000000000071e       0x32 /usr/local/gcc-arm-none-eabi-4_9-2015q3/bin/../lib/gcc/arm-none-eabi/4.9.3/../../../../arm-none-eabi/lib/armv7e-m/softfp/libc_nano.a(lib_a-nano-freer.o)
 .ARM.attributes
                0x0000000000000750       0x32 /usr/local/gcc-arm-none-eabi-4_9-2015q3/bin/../lib/gcc/arm-none-eabi/4.9.3/../../../../arm-none-eabi/lib/armv7e-m/softfp/libc_nano.a(lib_a-nano-mallocr.o)
 .ARM.attributes
                0x0000000000000782       0x32 /usr/local/gcc-arm-none-eabi-4_9-2015q3/bin/../lib/gcc/arm-none-eabi/4.9.3/../../../../arm-none-eabi/lib/armv7e-m/softfp/libc_nano.a(lib_a-nano-svfprintf.o)
 .ARM.attributes
                0x00000000000007b4       0x32 /usr/local/gcc-arm-none-eabi-4_9-2015q3/bin/../lib/gcc/arm-none-eabi/4.9.3/../../../../arm-none-eabi/lib/armv7e-m/softfp/libc_nano.a(lib_a-sbrkr.o)
 .ARM.attributes
                0x00000000000007e6       0x20 /usr/local/gcc-arm-none-eabi-4_9-2015q3/bin/../lib/gcc/arm-none-eabi/4.9.3/../../../../arm-none-eabi/lib/armv7e-m/softfp/libc_nano.a(lib_a-strcmp.o)
 .ARM.attributes
                0x0000000000000806       0x32 /usr/local/gcc-arm-none-eabi-4_9-2015q3/bin/../lib/gcc/arm-none-eabi/4.9.3/../../../../arm-none-eabi/lib/armv7e-m/softfp/libc_nano.a(lib_a-strncmp.o)
 .ARM.attributes
                0x0000000000000838       0x32 /usr/local/gcc-arm-none-eabi-4_9-2015q3/bin/../lib/gcc/arm-none-eabi/4.9.3/../../../../arm-none-eabi/lib/armv7e-m/softfp/libc_nano.a(lib_a-memmove.o)
 .ARM.attributes
                0x000000000000086a       0x32 /usr/local/gcc-arm-none-eabi-4_9-2015q3/bin/../lib/gcc/arm-none-eabi/4.9.3/../../../../arm-none-eabi/lib/armv7e-m/softfp/libc_nano.a(lib_a-nano-reallocr.o)
 .ARM.attributes
                0x000000000000089c       0x32 /usr/local/gcc-arm-none-eabi-4_9-2015q3/bin/../lib/gcc/arm-none-eabi/4.9.3/../../../../arm-none-eabi/lib/armv7e-m/softfp/libc_nano.a(lib_a-reent.o)
 .ARM.attributes
                0x00000000000008ce       0x32 /usr/local/gcc-arm-none-eabi-4_9-2015q3/bin/../lib/gcc/arm-none-eabi/4.9.3/../../../../arm-none-eabi/lib/armv7e-m/softfp/libc_nano.a(lib_a-nano-msizer.o)
 .ARM.attributes
                0x0000000000000900       0x22 /usr/local/gcc-arm-none-eabi-4_9-2015q3/bin/../lib/gcc/arm-none-eabi/4.9.3/armv7e-m/softfp/libgcc.a(_arm_addsubdf3.o)
 .ARM.attributes
                0x0000000000000922       0x22 /usr/local/gcc-arm-none-eabi-4_9-2015q3/bin/../lib/gcc/arm-none-eabi/4.9.3/armv7e-m/softfp/libgcc.a(_arm_muldivdf3.o)
 .ARM.attributes
                0x0000000000000944       0x22 /usr/local/gcc-arm-none-eabi-4_9-2015q3/bin/../lib/gcc/arm-none-eabi/4.9.3/armv7e-m/softfp/libgcc.a(_arm_cmpdf2.o)
 .ARM.attributes
                0x0000000000000966       0x22 /usr/local/gcc-arm-none-eabi-4_9-2015q3/bin/../lib/gcc/arm-none-eabi/4.9.3/armv7e-m/softfp/libgcc.a(_arm_fixdfsi.o)
 .ARM.attributes
                0x0000000000000988       0x22 /usr/local/gcc-arm-none-eabi-4_9-2015q3/bin/../lib/gcc/arm-none-eabi/4.9.3/armv7e-m/softfp/libgcc.a(_arm_fixunsdfsi.o)
 .ARM.attributes
                0x00000000000009aa       0x22 /usr/local/gcc-arm-none-eabi-4_9-2015q3/bin/../lib/gcc/arm-none-eabi/4.9.3/armv7e-m/softfp/libgcc.a(_arm_truncdfsf2.o)
 .ARM.attributes
                0x00000000000009cc       0x32 /usr/local/gcc-arm-none-eabi-4_9-2015q3/bin/../lib/gcc/arm-none-eabi/4.9.3/../../../../arm-none-eabi/lib/armv7e-m/softfp/libnosys.a(sbrk.o)
 .ARM.attributes
                0x00000000000009fe       0x32 /usr/local/gcc-arm-none-eabi-4_9-2015q3/bin/../lib/gcc/arm-none-eabi/4.9.3/armv7e-m/softfp/crtend.o
 .ARM.attributes
                0x0000000000000a30       0x22 /usr/local/gcc-arm-none-eabi-4_9-2015q3/bin/../lib/gcc/arm-none-eabi/4.9.3/armv7e-m/softfp/crtn.o

.comment        0x0000000000000000       0x70
 .comment       0x0000000000000000       0x70 main.o
                                         0x71 (size before relaxing)
 .comment       0x0000000000000000       0x71 canbus.o
 .comment       0x0000000000000000       0x71 uart.o
 .comment       0x0000000000000000       0x71 leds.o
 .comment       0x0000000000000000       0x71 STM32Cube_FW_F4_V1.9.0/Drivers/STM32F4xx_HAL_Driver/Src/stm32f4xx_hal.o
 .comment       0x0000000000000000       0x71 STM32Cube_FW_F4_V1.9.0/Drivers/STM32F4xx_HAL_Driver/Src/stm32f4xx_hal_can.o
 .comment       0x0000000000000000       0x71 STM32Cube_FW_F4_V1.9.0/Drivers/STM32F4xx_HAL_Driver/Src/stm32f4xx_hal_uart.o
 .comment       0x0000000000000000       0x71 STM32Cube_FW_F4_V1.9.0/Drivers/STM32F4xx_HAL_Driver/Src/stm32f4xx_hal_cortex.o
 .comment       0x0000000000000000       0x71 STM32Cube_FW_F4_V1.9.0/Drivers/STM32F4xx_HAL_Driver/Src/stm32f4xx_hal_gpio.o
 .comment       0x0000000000000000       0x71 STM32Cube_FW_F4_V1.9.0/Drivers/STM32F4xx_HAL_Driver/Src/stm32f4xx_hal_rcc.o
 .comment       0x0000000000000000       0x71 STM32Cube_FW_F4_V1.9.0/Drivers/CMSIS/Device/ST/STM32F4xx/Source/Templates/system_stm32f4xx.o

.debug_info     0x0000000000000000     0x75c5
 .debug_info    0x0000000000000000      0x8b3 main.o
 .debug_info    0x00000000000008b3      0xddd canbus.o
 .debug_info    0x0000000000001690      0xc68 uart.o
 .debug_info    0x00000000000022f8      0x487 leds.o
 .debug_info    0x000000000000277f      0x91c STM32Cube_FW_F4_V1.9.0/Drivers/STM32F4xx_HAL_Driver/Src/stm32f4xx_hal.o
 .debug_info    0x000000000000309b      0xbcd STM32Cube_FW_F4_V1.9.0/Drivers/STM32F4xx_HAL_Driver/Src/stm32f4xx_hal_can.o
 .debug_info    0x0000000000003c68     0x1223 STM32Cube_FW_F4_V1.9.0/Drivers/STM32F4xx_HAL_Driver/Src/stm32f4xx_hal_uart.o
 .debug_info    0x0000000000004e8b      0xe61 STM32Cube_FW_F4_V1.9.0/Drivers/STM32F4xx_HAL_Driver/Src/stm32f4xx_hal_cortex.o
 .debug_info    0x0000000000005cec      0x70a STM32Cube_FW_F4_V1.9.0/Drivers/STM32F4xx_HAL_Driver/Src/stm32f4xx_hal_gpio.o
 .debug_info    0x00000000000063f6      0xd31 STM32Cube_FW_F4_V1.9.0/Drivers/STM32F4xx_HAL_Driver/Src/stm32f4xx_hal_rcc.o
 .debug_info    0x0000000000007127      0x49e STM32Cube_FW_F4_V1.9.0/Drivers/CMSIS/Device/ST/STM32F4xx/Source/Templates/system_stm32f4xx.o

.debug_abbrev   0x0000000000000000     0x187e
 .debug_abbrev  0x0000000000000000      0x260 main.o
 .debug_abbrev  0x0000000000000260      0x20c canbus.o
 .debug_abbrev  0x000000000000046c      0x1ec uart.o
 .debug_abbrev  0x0000000000000658      0x1a9 leds.o
 .debug_abbrev  0x0000000000000801      0x258 STM32Cube_FW_F4_V1.9.0/Drivers/STM32F4xx_HAL_Driver/Src/stm32f4xx_hal.o
 .debug_abbrev  0x0000000000000a59      0x259 STM32Cube_FW_F4_V1.9.0/Drivers/STM32F4xx_HAL_Driver/Src/stm32f4xx_hal_can.o
 .debug_abbrev  0x0000000000000cb2      0x2be STM32Cube_FW_F4_V1.9.0/Drivers/STM32F4xx_HAL_Driver/Src/stm32f4xx_hal_uart.o
 .debug_abbrev  0x0000000000000f70      0x30a STM32Cube_FW_F4_V1.9.0/Drivers/STM32F4xx_HAL_Driver/Src/stm32f4xx_hal_cortex.o
 .debug_abbrev  0x000000000000127a      0x1c6 STM32Cube_FW_F4_V1.9.0/Drivers/STM32F4xx_HAL_Driver/Src/stm32f4xx_hal_gpio.o
 .debug_abbrev  0x0000000000001440      0x33d STM32Cube_FW_F4_V1.9.0/Drivers/STM32F4xx_HAL_Driver/Src/stm32f4xx_hal_rcc.o
 .debug_abbrev  0x000000000000177d      0x101 STM32Cube_FW_F4_V1.9.0/Drivers/CMSIS/Device/ST/STM32F4xx/Source/Templates/system_stm32f4xx.o

.debug_loc      0x0000000000000000     0x2684
 .debug_loc     0x0000000000000000      0x104 main.o
 .debug_loc     0x0000000000000104       0x63 canbus.o
 .debug_loc     0x0000000000000167       0x37 uart.o
 .debug_loc     0x000000000000019e       0xa6 leds.o
 .debug_loc     0x0000000000000244       0x82 STM32Cube_FW_F4_V1.9.0/Drivers/STM32F4xx_HAL_Driver/Src/stm32f4xx_hal.o
 .debug_loc     0x00000000000002c6      0x75d STM32Cube_FW_F4_V1.9.0/Drivers/STM32F4xx_HAL_Driver/Src/stm32f4xx_hal_can.o
 .debug_loc     0x0000000000000a23      0xe90 STM32Cube_FW_F4_V1.9.0/Drivers/STM32F4xx_HAL_Driver/Src/stm32f4xx_hal_uart.o
 .debug_loc     0x00000000000018b3      0x31e STM32Cube_FW_F4_V1.9.0/Drivers/STM32F4xx_HAL_Driver/Src/stm32f4xx_hal_cortex.o
 .debug_loc     0x0000000000001bd1      0x3b7 STM32Cube_FW_F4_V1.9.0/Drivers/STM32F4xx_HAL_Driver/Src/stm32f4xx_hal_gpio.o
 .debug_loc     0x0000000000001f88      0x622 STM32Cube_FW_F4_V1.9.0/Drivers/STM32F4xx_HAL_Driver/Src/stm32f4xx_hal_rcc.o
 .debug_loc     0x00000000000025aa       0xda STM32Cube_FW_F4_V1.9.0/Drivers/CMSIS/Device/ST/STM32F4xx/Source/Templates/system_stm32f4xx.o

.debug_aranges  0x0000000000000000      0x4f0
 .debug_aranges
                0x0000000000000000       0x28 main.o
 .debug_aranges
                0x0000000000000028       0x30 canbus.o
 .debug_aranges
                0x0000000000000058       0x30 uart.o
 .debug_aranges
                0x0000000000000088       0x28 leds.o
 .debug_aranges
                0x00000000000000b0       0xc0 STM32Cube_FW_F4_V1.9.0/Drivers/STM32F4xx_HAL_Driver/Src/stm32f4xx_hal.o
 .debug_aranges
                0x0000000000000170       0xa8 STM32Cube_FW_F4_V1.9.0/Drivers/STM32F4xx_HAL_Driver/Src/stm32f4xx_hal_can.o
 .debug_aranges
                0x0000000000000218      0x138 STM32Cube_FW_F4_V1.9.0/Drivers/STM32F4xx_HAL_Driver/Src/stm32f4xx_hal_uart.o
 .debug_aranges
                0x0000000000000350       0x98 STM32Cube_FW_F4_V1.9.0/Drivers/STM32F4xx_HAL_Driver/Src/stm32f4xx_hal_cortex.o
 .debug_aranges
                0x00000000000003e8       0x58 STM32Cube_FW_F4_V1.9.0/Drivers/STM32F4xx_HAL_Driver/Src/stm32f4xx_hal_gpio.o
 .debug_aranges
                0x0000000000000440       0x88 STM32Cube_FW_F4_V1.9.0/Drivers/STM32F4xx_HAL_Driver/Src/stm32f4xx_hal_rcc.o
 .debug_aranges
                0x00000000000004c8       0x28 STM32Cube_FW_F4_V1.9.0/Drivers/CMSIS/Device/ST/STM32F4xx/Source/Templates/system_stm32f4xx.o

.debug_ranges   0x0000000000000000      0x668
 .debug_ranges  0x0000000000000000       0x18 main.o
 .debug_ranges  0x0000000000000018       0x60 canbus.o
 .debug_ranges  0x0000000000000078       0x60 uart.o
 .debug_ranges  0x00000000000000d8       0x30 leds.o
 .debug_ranges  0x0000000000000108       0xb0 STM32Cube_FW_F4_V1.9.0/Drivers/STM32F4xx_HAL_Driver/Src/stm32f4xx_hal.o
 .debug_ranges  0x00000000000001b8       0x98 STM32Cube_FW_F4_V1.9.0/Drivers/STM32F4xx_HAL_Driver/Src/stm32f4xx_hal_can.o
 .debug_ranges  0x0000000000000250      0x128 STM32Cube_FW_F4_V1.9.0/Drivers/STM32F4xx_HAL_Driver/Src/stm32f4xx_hal_uart.o
 .debug_ranges  0x0000000000000378      0x120 STM32Cube_FW_F4_V1.9.0/Drivers/STM32F4xx_HAL_Driver/Src/stm32f4xx_hal_cortex.o
 .debug_ranges  0x0000000000000498       0x60 STM32Cube_FW_F4_V1.9.0/Drivers/STM32F4xx_HAL_Driver/Src/stm32f4xx_hal_gpio.o
 .debug_ranges  0x00000000000004f8      0x158 STM32Cube_FW_F4_V1.9.0/Drivers/STM32F4xx_HAL_Driver/Src/stm32f4xx_hal_rcc.o
 .debug_ranges  0x0000000000000650       0x18 STM32Cube_FW_F4_V1.9.0/Drivers/CMSIS/Device/ST/STM32F4xx/Source/Templates/system_stm32f4xx.o

.debug_line     0x0000000000000000     0x2da9
 .debug_line    0x0000000000000000      0x25a main.o
 .debug_line    0x000000000000025a      0x2a4 canbus.o
 .debug_line    0x00000000000004fe      0x29b uart.o
 .debug_line    0x0000000000000799      0x1e1 leds.o
 .debug_line    0x000000000000097a      0x3df STM32Cube_FW_F4_V1.9.0/Drivers/STM32F4xx_HAL_Driver/Src/stm32f4xx_hal.o
 .debug_line    0x0000000000000d59      0x6ac STM32Cube_FW_F4_V1.9.0/Drivers/STM32F4xx_HAL_Driver/Src/stm32f4xx_hal_can.o
 .debug_line    0x0000000000001405      0xa03 STM32Cube_FW_F4_V1.9.0/Drivers/STM32F4xx_HAL_Driver/Src/stm32f4xx_hal_uart.o
 .debug_line    0x0000000000001e08      0x406 STM32Cube_FW_F4_V1.9.0/Drivers/STM32F4xx_HAL_Driver/Src/stm32f4xx_hal_cortex.o
 .debug_line    0x000000000000220e      0x3ea STM32Cube_FW_F4_V1.9.0/Drivers/STM32F4xx_HAL_Driver/Src/stm32f4xx_hal_gpio.o
 .debug_line    0x00000000000025f8      0x5b9 STM32Cube_FW_F4_V1.9.0/Drivers/STM32F4xx_HAL_Driver/Src/stm32f4xx_hal_rcc.o
 .debug_line    0x0000000000002bb1      0x1f8 STM32Cube_FW_F4_V1.9.0/Drivers/CMSIS/Device/ST/STM32F4xx/Source/Templates/system_stm32f4xx.o

.debug_str      0x0000000000000000     0x2135
 .debug_str     0x0000000000000000      0x8a8 main.o
                                        0x919 (size before relaxing)
 .debug_str     0x00000000000008a8      0x4f8 canbus.o
                                        0xcca (size before relaxing)
 .debug_str     0x0000000000000da0      0x460 uart.o
                                        0xdc8 (size before relaxing)
 .debug_str     0x0000000000001200       0x66 leds.o
                                        0x3f8 (size before relaxing)
 .debug_str     0x0000000000001266      0x265 STM32Cube_FW_F4_V1.9.0/Drivers/STM32F4xx_HAL_Driver/Src/stm32f4xx_hal.o
                                        0xb00 (size before relaxing)
 .debug_str     0x00000000000014cb      0x187 STM32Cube_FW_F4_V1.9.0/Drivers/STM32F4xx_HAL_Driver/Src/stm32f4xx_hal_can.o
                                        0x78a (size before relaxing)
 .debug_str     0x0000000000001652      0x3ad STM32Cube_FW_F4_V1.9.0/Drivers/STM32F4xx_HAL_Driver/Src/stm32f4xx_hal_uart.o
                                        0xaca (size before relaxing)
 .debug_str     0x00000000000019ff      0x2e7 STM32Cube_FW_F4_V1.9.0/Drivers/STM32F4xx_HAL_Driver/Src/stm32f4xx_hal_cortex.o
                                        0xc46 (size before relaxing)
 .debug_str     0x0000000000001ce6      0x12b STM32Cube_FW_F4_V1.9.0/Drivers/STM32F4xx_HAL_Driver/Src/stm32f4xx_hal_gpio.o
                                        0x54e (size before relaxing)
 .debug_str     0x0000000000001e11      0x29c STM32Cube_FW_F4_V1.9.0/Drivers/STM32F4xx_HAL_Driver/Src/stm32f4xx_hal_rcc.o
                                        0x729 (size before relaxing)
 .debug_str     0x00000000000020ad       0x88 STM32Cube_FW_F4_V1.9.0/Drivers/CMSIS/Device/ST/STM32F4xx/Source/Templates/system_stm32f4xx.o
                                        0x3fa (size before relaxing)

.debug_frame    0x0000000000000000     0x153c
 .debug_frame   0x0000000000000000       0x44 main.o
 .debug_frame   0x0000000000000044       0x5c canbus.o
 .debug_frame   0x00000000000000a0       0x64 uart.o
 .debug_frame   0x0000000000000104       0x38 leds.o
 .debug_frame   0x000000000000013c      0x184 STM32Cube_FW_F4_V1.9.0/Drivers/STM32F4xx_HAL_Driver/Src/stm32f4xx_hal.o
 .debug_frame   0x00000000000002c0      0x1b8 STM32Cube_FW_F4_V1.9.0/Drivers/STM32F4xx_HAL_Driver/Src/stm32f4xx_hal_can.o
 .debug_frame   0x0000000000000478      0x314 STM32Cube_FW_F4_V1.9.0/Drivers/STM32F4xx_HAL_Driver/Src/stm32f4xx_hal_uart.o
 .debug_frame   0x000000000000078c      0x134 STM32Cube_FW_F4_V1.9.0/Drivers/STM32F4xx_HAL_Driver/Src/stm32f4xx_hal_cortex.o
 .debug_frame   0x00000000000008c0       0xc4 STM32Cube_FW_F4_V1.9.0/Drivers/STM32F4xx_HAL_Driver/Src/stm32f4xx_hal_gpio.o
 .debug_frame   0x0000000000000984      0x154 STM32Cube_FW_F4_V1.9.0/Drivers/STM32F4xx_HAL_Driver/Src/stm32f4xx_hal_rcc.o
 .debug_frame   0x0000000000000ad8       0x30 STM32Cube_FW_F4_V1.9.0/Drivers/CMSIS/Device/ST/STM32F4xx/Source/Templates/system_stm32f4xx.o
 .debug_frame   0x0000000000000b08       0x2c /usr/local/gcc-arm-none-eabi-4_9-2015q3/bin/../lib/gcc/arm-none-eabi/4.9.3/../../../../arm-none-eabi/lib/armv7e-m/softfp/libc_nano.a(lib_a-init.o)
 .debug_frame   0x0000000000000b34       0x20 /usr/local/gcc-arm-none-eabi-4_9-2015q3/bin/../lib/gcc/arm-none-eabi/4.9.3/../../../../arm-none-eabi/lib/armv7e-m/softfp/libc_nano.a(lib_a-memset.o)
 .debug_frame   0x0000000000000b54       0x8c /usr/local/gcc-arm-none-eabi-4_9-2015q3/bin/../lib/gcc/arm-none-eabi/4.9.3/../../../../arm-none-eabi/lib/armv7e-m/softfp/libc_nano.a(lib_a-nano-vfprintf_float.o)
 .debug_frame   0x0000000000000be0       0x58 /usr/local/gcc-arm-none-eabi-4_9-2015q3/bin/../lib/gcc/arm-none-eabi/4.9.3/../../../../arm-none-eabi/lib/armv7e-m/softfp/libc_nano.a(lib_a-nano-vfprintf_i.o)
 .debug_frame   0x0000000000000c38       0x40 /usr/local/gcc-arm-none-eabi-4_9-2015q3/bin/../lib/gcc/arm-none-eabi/4.9.3/../../../../arm-none-eabi/lib/armv7e-m/softfp/libc_nano.a(lib_a-nano-vfscanf_float.o)
 .debug_frame   0x0000000000000c78       0x28 /usr/local/gcc-arm-none-eabi-4_9-2015q3/bin/../lib/gcc/arm-none-eabi/4.9.3/../../../../arm-none-eabi/lib/armv7e-m/softfp/libc_nano.a(lib_a-s_fpclassify.o)
 .debug_frame   0x0000000000000ca0       0x20 /usr/local/gcc-arm-none-eabi-4_9-2015q3/bin/../lib/gcc/arm-none-eabi/4.9.3/../../../../arm-none-eabi/lib/armv7e-m/softfp/libc_nano.a(lib_a-sf_nan.o)
 .debug_frame   0x0000000000000cc0       0x70 /usr/local/gcc-arm-none-eabi-4_9-2015q3/bin/../lib/gcc/arm-none-eabi/4.9.3/../../../../arm-none-eabi/lib/armv7e-m/softfp/libc_nano.a(lib_a-sprintf.o)
 .debug_frame   0x0000000000000d30       0x20 /usr/local/gcc-arm-none-eabi-4_9-2015q3/bin/../lib/gcc/arm-none-eabi/4.9.3/../../../../arm-none-eabi/lib/armv7e-m/softfp/libc_nano.a(lib_a-strlen.o)
 .debug_frame   0x0000000000000d50       0xb4 /usr/local/gcc-arm-none-eabi-4_9-2015q3/bin/../lib/gcc/arm-none-eabi/4.9.3/../../../../arm-none-eabi/lib/armv7e-m/softfp/libc_nano.a(lib_a-strtod.o)
 .debug_frame   0x0000000000000e04       0x54 /usr/local/gcc-arm-none-eabi-4_9-2015q3/bin/../lib/gcc/arm-none-eabi/4.9.3/../../../../arm-none-eabi/lib/armv7e-m/softfp/libc_nano.a(lib_a-strtol.o)
 .debug_frame   0x0000000000000e58       0x6c /usr/local/gcc-arm-none-eabi-4_9-2015q3/bin/../lib/gcc/arm-none-eabi/4.9.3/../../../../arm-none-eabi/lib/armv7e-m/softfp/libc_nano.a(lib_a-dtoa.o)
 .debug_frame   0x0000000000000ec4       0x70 /usr/local/gcc-arm-none-eabi-4_9-2015q3/bin/../lib/gcc/arm-none-eabi/4.9.3/../../../../arm-none-eabi/lib/armv7e-m/softfp/libc_nano.a(lib_a-gdtoa-gethex.o)
 .debug_frame   0x0000000000000f34       0x58 /usr/local/gcc-arm-none-eabi-4_9-2015q3/bin/../lib/gcc/arm-none-eabi/4.9.3/../../../../arm-none-eabi/lib/armv7e-m/softfp/libc_nano.a(lib_a-gdtoa-hexnan.o)
 .debug_frame   0x0000000000000f8c       0x98 /usr/local/gcc-arm-none-eabi-4_9-2015q3/bin/../lib/gcc/arm-none-eabi/4.9.3/../../../../arm-none-eabi/lib/armv7e-m/softfp/libc_nano.a(lib_a-locale.o)
 .debug_frame   0x0000000000001024       0x30 /usr/local/gcc-arm-none-eabi-4_9-2015q3/bin/../lib/gcc/arm-none-eabi/4.9.3/../../../../arm-none-eabi/lib/armv7e-m/softfp/libc_nano.a(lib_a-malloc.o)
 .debug_frame   0x0000000000001054       0x28 /usr/local/gcc-arm-none-eabi-4_9-2015q3/bin/../lib/gcc/arm-none-eabi/4.9.3/../../../../arm-none-eabi/lib/armv7e-m/softfp/libc_nano.a(lib_a-memchr.o)
 .debug_frame   0x000000000000107c       0x28 /usr/local/gcc-arm-none-eabi-4_9-2015q3/bin/../lib/gcc/arm-none-eabi/4.9.3/../../../../arm-none-eabi/lib/armv7e-m/softfp/libc_nano.a(lib_a-memcpy.o)
 .debug_frame   0x00000000000010a4      0x230 /usr/local/gcc-arm-none-eabi-4_9-2015q3/bin/../lib/gcc/arm-none-eabi/4.9.3/../../../../arm-none-eabi/lib/armv7e-m/softfp/libc_nano.a(lib_a-mprec.o)
 .debug_frame   0x00000000000012d4       0x2c /usr/local/gcc-arm-none-eabi-4_9-2015q3/bin/../lib/gcc/arm-none-eabi/4.9.3/../../../../arm-none-eabi/lib/armv7e-m/softfp/libc_nano.a(lib_a-nano-callocr.o)
 .debug_frame   0x0000000000001300       0x2c /usr/local/gcc-arm-none-eabi-4_9-2015q3/bin/../lib/gcc/arm-none-eabi/4.9.3/../../../../arm-none-eabi/lib/armv7e-m/softfp/libc_nano.a(lib_a-nano-freer.o)
 .debug_frame   0x000000000000132c       0x2c /usr/local/gcc-arm-none-eabi-4_9-2015q3/bin/../lib/gcc/arm-none-eabi/4.9.3/../../../../arm-none-eabi/lib/armv7e-m/softfp/libc_nano.a(lib_a-nano-mallocr.o)
 .debug_frame   0x0000000000001358       0x8c /usr/local/gcc-arm-none-eabi-4_9-2015q3/bin/../lib/gcc/arm-none-eabi/4.9.3/../../../../arm-none-eabi/lib/armv7e-m/softfp/libc_nano.a(lib_a-nano-svfprintf.o)
 .debug_frame   0x00000000000013e4       0x2c /usr/local/gcc-arm-none-eabi-4_9-2015q3/bin/../lib/gcc/arm-none-eabi/4.9.3/../../../../arm-none-eabi/lib/armv7e-m/softfp/libc_nano.a(lib_a-sbrkr.o)
 .debug_frame   0x0000000000001410       0x2c /usr/local/gcc-arm-none-eabi-4_9-2015q3/bin/../lib/gcc/arm-none-eabi/4.9.3/../../../../arm-none-eabi/lib/armv7e-m/softfp/libc_nano.a(lib_a-strncmp.o)
 .debug_frame   0x000000000000143c       0x28 /usr/local/gcc-arm-none-eabi-4_9-2015q3/bin/../lib/gcc/arm-none-eabi/4.9.3/../../../../arm-none-eabi/lib/armv7e-m/softfp/libc_nano.a(lib_a-memmove.o)
 .debug_frame   0x0000000000001464       0x3c /usr/local/gcc-arm-none-eabi-4_9-2015q3/bin/../lib/gcc/arm-none-eabi/4.9.3/../../../../arm-none-eabi/lib/armv7e-m/softfp/libc_nano.a(lib_a-nano-reallocr.o)
 .debug_frame   0x00000000000014a0       0x5c /usr/local/gcc-arm-none-eabi-4_9-2015q3/bin/../lib/gcc/arm-none-eabi/4.9.3/../../../../arm-none-eabi/lib/armv7e-m/softfp/libc_nano.a(lib_a-reent.o)
 .debug_frame   0x00000000000014fc       0x20 /usr/local/gcc-arm-none-eabi-4_9-2015q3/bin/../lib/gcc/arm-none-eabi/4.9.3/../../../../arm-none-eabi/lib/armv7e-m/softfp/libc_nano.a(lib_a-nano-msizer.o)
 .debug_frame   0x000000000000151c       0x20 /usr/local/gcc-arm-none-eabi-4_9-2015q3/bin/../lib/gcc/arm-none-eabi/4.9.3/../../../../arm-none-eabi/lib/armv7e-m/softfp/libnosys.a(sbrk.o)

Cross Reference Table

Symbol                                            File
ADC_IRQHandler                                    STM32Cube_FW_F4_V1.9.0/Drivers/CMSIS/Device/ST/STM32F4xx/Source/Templates/gcc/startup_stm32f407xx.o
AHBPrescTable                                     STM32Cube_FW_F4_V1.9.0/Drivers/CMSIS/Device/ST/STM32F4xx/Source/Templates/system_stm32f4xx.o
APBAHBPrescTable                                  STM32Cube_FW_F4_V1.9.0/Drivers/STM32F4xx_HAL_Driver/Src/stm32f4xx_hal_rcc.o
BusFault_Handler                                  STM32Cube_FW_F4_V1.9.0/Drivers/CMSIS/Device/ST/STM32F4xx/Source/Templates/gcc/startup_stm32f407xx.o
CAN1SendMessage                                   canbus.o
                                                  main.o
CAN1_RX0_IRQHandler                               canbus.o
CAN1_RX1_IRQHandler                               STM32Cube_FW_F4_V1.9.0/Drivers/CMSIS/Device/ST/STM32F4xx/Source/Templates/gcc/startup_stm32f407xx.o
CAN1_SCE_IRQHandler                               STM32Cube_FW_F4_V1.9.0/Drivers/CMSIS/Device/ST/STM32F4xx/Source/Templates/gcc/startup_stm32f407xx.o
CAN1_TX_IRQHandler                                STM32Cube_FW_F4_V1.9.0/Drivers/CMSIS/Device/ST/STM32F4xx/Source/Templates/gcc/startup_stm32f407xx.o
CAN1dataReceivedFlag                              canbus.o
CAN2_RX0_IRQHandler                               STM32Cube_FW_F4_V1.9.0/Drivers/CMSIS/Device/ST/STM32F4xx/Source/Templates/gcc/startup_stm32f407xx.o
CAN2_RX1_IRQHandler                               STM32Cube_FW_F4_V1.9.0/Drivers/CMSIS/Device/ST/STM32F4xx/Source/Templates/gcc/startup_stm32f407xx.o
CAN2_SCE_IRQHandler                               STM32Cube_FW_F4_V1.9.0/Drivers/CMSIS/Device/ST/STM32F4xx/Source/Templates/gcc/startup_stm32f407xx.o
CAN2_TX_IRQHandler                                STM32Cube_FW_F4_V1.9.0/Drivers/CMSIS/Device/ST/STM32F4xx/Source/Templates/gcc/startup_stm32f407xx.o
DCMI_IRQHandler                                   STM32Cube_FW_F4_V1.9.0/Drivers/CMSIS/Device/ST/STM32F4xx/Source/Templates/gcc/startup_stm32f407xx.o
DMA1_Stream0_IRQHandler                           STM32Cube_FW_F4_V1.9.0/Drivers/CMSIS/Device/ST/STM32F4xx/Source/Templates/gcc/startup_stm32f407xx.o
DMA1_Stream1_IRQHandler                           STM32Cube_FW_F4_V1.9.0/Drivers/CMSIS/Device/ST/STM32F4xx/Source/Templates/gcc/startup_stm32f407xx.o
DMA1_Stream2_IRQHandler                           STM32Cube_FW_F4_V1.9.0/Drivers/CMSIS/Device/ST/STM32F4xx/Source/Templates/gcc/startup_stm32f407xx.o
DMA1_Stream3_IRQHandler                           STM32Cube_FW_F4_V1.9.0/Drivers/CMSIS/Device/ST/STM32F4xx/Source/Templates/gcc/startup_stm32f407xx.o
DMA1_Stream4_IRQHandler                           STM32Cube_FW_F4_V1.9.0/Drivers/CMSIS/Device/ST/STM32F4xx/Source/Templates/gcc/startup_stm32f407xx.o
DMA1_Stream5_IRQHandler                           STM32Cube_FW_F4_V1.9.0/Drivers/CMSIS/Device/ST/STM32F4xx/Source/Templates/gcc/startup_stm32f407xx.o
DMA1_Stream6_IRQHandler                           STM32Cube_FW_F4_V1.9.0/Drivers/CMSIS/Device/ST/STM32F4xx/Source/Templates/gcc/startup_stm32f407xx.o
DMA1_Stream7_IRQHandler                           STM32Cube_FW_F4_V1.9.0/Drivers/CMSIS/Device/ST/STM32F4xx/Source/Templates/gcc/startup_stm32f407xx.o
DMA2_Stream0_IRQHandler                           STM32Cube_FW_F4_V1.9.0/Drivers/CMSIS/Device/ST/STM32F4xx/Source/Templates/gcc/startup_stm32f407xx.o
DMA2_Stream1_IRQHandler                           STM32Cube_FW_F4_V1.9.0/Drivers/CMSIS/Device/ST/STM32F4xx/Source/Templates/gcc/startup_stm32f407xx.o
DMA2_Stream2_IRQHandler                           STM32Cube_FW_F4_V1.9.0/Drivers/CMSIS/Device/ST/STM32F4xx/Source/Templates/gcc/startup_stm32f407xx.o
DMA2_Stream3_IRQHandler                           STM32Cube_FW_F4_V1.9.0/Drivers/CMSIS/Device/ST/STM32F4xx/Source/Templates/gcc/startup_stm32f407xx.o
DMA2_Stream4_IRQHandler                           STM32Cube_FW_F4_V1.9.0/Drivers/CMSIS/Device/ST/STM32F4xx/Source/Templates/gcc/startup_stm32f407xx.o
DMA2_Stream5_IRQHandler                           STM32Cube_FW_F4_V1.9.0/Drivers/CMSIS/Device/ST/STM32F4xx/Source/Templates/gcc/startup_stm32f407xx.o
DMA2_Stream6_IRQHandler                           STM32Cube_FW_F4_V1.9.0/Drivers/CMSIS/Device/ST/STM32F4xx/Source/Templates/gcc/startup_stm32f407xx.o
DMA2_Stream7_IRQHandler                           STM32Cube_FW_F4_V1.9.0/Drivers/CMSIS/Device/ST/STM32F4xx/Source/Templates/gcc/startup_stm32f407xx.o
DebugMon_Handler                                  STM32Cube_FW_F4_V1.9.0/Drivers/CMSIS/Device/ST/STM32F4xx/Source/Templates/gcc/startup_stm32f407xx.o
Default_Handler                                   STM32Cube_FW_F4_V1.9.0/Drivers/CMSIS/Device/ST/STM32F4xx/Source/Templates/gcc/startup_stm32f407xx.o
ETH_IRQHandler                                    STM32Cube_FW_F4_V1.9.0/Drivers/CMSIS/Device/ST/STM32F4xx/Source/Templates/gcc/startup_stm32f407xx.o
ETH_WKUP_IRQHandler                               STM32Cube_FW_F4_V1.9.0/Drivers/CMSIS/Device/ST/STM32F4xx/Source/Templates/gcc/startup_stm32f407xx.o
EXTI0_IRQHandler                                  STM32Cube_FW_F4_V1.9.0/Drivers/CMSIS/Device/ST/STM32F4xx/Source/Templates/gcc/startup_stm32f407xx.o
EXTI15_10_IRQHandler                              STM32Cube_FW_F4_V1.9.0/Drivers/CMSIS/Device/ST/STM32F4xx/Source/Templates/gcc/startup_stm32f407xx.o
EXTI1_IRQHandler                                  STM32Cube_FW_F4_V1.9.0/Drivers/CMSIS/Device/ST/STM32F4xx/Source/Templates/gcc/startup_stm32f407xx.o
EXTI2_IRQHandler                                  STM32Cube_FW_F4_V1.9.0/Drivers/CMSIS/Device/ST/STM32F4xx/Source/Templates/gcc/startup_stm32f407xx.o
EXTI3_IRQHandler                                  STM32Cube_FW_F4_V1.9.0/Drivers/CMSIS/Device/ST/STM32F4xx/Source/Templates/gcc/startup_stm32f407xx.o
EXTI4_IRQHandler                                  STM32Cube_FW_F4_V1.9.0/Drivers/CMSIS/Device/ST/STM32F4xx/Source/Templates/gcc/startup_stm32f407xx.o
EXTI9_5_IRQHandler                                STM32Cube_FW_F4_V1.9.0/Drivers/CMSIS/Device/ST/STM32F4xx/Source/Templates/gcc/startup_stm32f407xx.o
FLASH_IRQHandler                                  STM32Cube_FW_F4_V1.9.0/Drivers/CMSIS/Device/ST/STM32F4xx/Source/Templates/gcc/startup_stm32f407xx.o
FPU_IRQHandler                                    STM32Cube_FW_F4_V1.9.0/Drivers/CMSIS/Device/ST/STM32F4xx/Source/Templates/gcc/startup_stm32f407xx.o
FSMC_IRQHandler                                   STM32Cube_FW_F4_V1.9.0/Drivers/CMSIS/Device/ST/STM32F4xx/Source/Templates/gcc/startup_stm32f407xx.o
HAL_CAN_ConfigFilter                              STM32Cube_FW_F4_V1.9.0/Drivers/STM32F4xx_HAL_Driver/Src/stm32f4xx_hal_can.o
                                                  canbus.o
HAL_CAN_DeInit                                    STM32Cube_FW_F4_V1.9.0/Drivers/STM32F4xx_HAL_Driver/Src/stm32f4xx_hal_can.o
HAL_CAN_ErrorCallback                             STM32Cube_FW_F4_V1.9.0/Drivers/STM32F4xx_HAL_Driver/Src/stm32f4xx_hal_can.o
HAL_CAN_GetError                                  STM32Cube_FW_F4_V1.9.0/Drivers/STM32F4xx_HAL_Driver/Src/stm32f4xx_hal_can.o
HAL_CAN_GetState                                  STM32Cube_FW_F4_V1.9.0/Drivers/STM32F4xx_HAL_Driver/Src/stm32f4xx_hal_can.o
HAL_CAN_IRQHandler                                STM32Cube_FW_F4_V1.9.0/Drivers/STM32F4xx_HAL_Driver/Src/stm32f4xx_hal_can.o
HAL_CAN_Init                                      STM32Cube_FW_F4_V1.9.0/Drivers/STM32F4xx_HAL_Driver/Src/stm32f4xx_hal_can.o
                                                  canbus.o
HAL_CAN_MspDeInit                                 STM32Cube_FW_F4_V1.9.0/Drivers/STM32F4xx_HAL_Driver/Src/stm32f4xx_hal_can.o
HAL_CAN_MspInit                                   STM32Cube_FW_F4_V1.9.0/Drivers/STM32F4xx_HAL_Driver/Src/stm32f4xx_hal_can.o
HAL_CAN_Receive                                   STM32Cube_FW_F4_V1.9.0/Drivers/STM32F4xx_HAL_Driver/Src/stm32f4xx_hal_can.o
                                                  canbus.o
HAL_CAN_Receive_IT                                STM32Cube_FW_F4_V1.9.0/Drivers/STM32F4xx_HAL_Driver/Src/stm32f4xx_hal_can.o
HAL_CAN_RxCpltCallback                            STM32Cube_FW_F4_V1.9.0/Drivers/STM32F4xx_HAL_Driver/Src/stm32f4xx_hal_can.o
HAL_CAN_Sleep                                     STM32Cube_FW_F4_V1.9.0/Drivers/STM32F4xx_HAL_Driver/Src/stm32f4xx_hal_can.o
HAL_CAN_Transmit                                  STM32Cube_FW_F4_V1.9.0/Drivers/STM32F4xx_HAL_Driver/Src/stm32f4xx_hal_can.o
                                                  canbus.o
HAL_CAN_Transmit_IT                               STM32Cube_FW_F4_V1.9.0/Drivers/STM32F4xx_HAL_Driver/Src/stm32f4xx_hal_can.o
HAL_CAN_TxCpltCallback                            STM32Cube_FW_F4_V1.9.0/Drivers/STM32F4xx_HAL_Driver/Src/stm32f4xx_hal_can.o
HAL_CAN_WakeUp                                    STM32Cube_FW_F4_V1.9.0/Drivers/STM32F4xx_HAL_Driver/Src/stm32f4xx_hal_can.o
HAL_CRC_Accumulate                                STM32Cube_FW_F4_V1.9.0/Drivers/STM32F4xx_HAL_Driver/Src/stm32f4xx_hal_crc.o
HAL_CRC_Calculate                                 STM32Cube_FW_F4_V1.9.0/Drivers/STM32F4xx_HAL_Driver/Src/stm32f4xx_hal_crc.o
HAL_CRC_DeInit                                    STM32Cube_FW_F4_V1.9.0/Drivers/STM32F4xx_HAL_Driver/Src/stm32f4xx_hal_crc.o
HAL_CRC_GetState                                  STM32Cube_FW_F4_V1.9.0/Drivers/STM32F4xx_HAL_Driver/Src/stm32f4xx_hal_crc.o
HAL_CRC_Init                                      STM32Cube_FW_F4_V1.9.0/Drivers/STM32F4xx_HAL_Driver/Src/stm32f4xx_hal_crc.o
HAL_CRC_MspDeInit                                 STM32Cube_FW_F4_V1.9.0/Drivers/STM32F4xx_HAL_Driver/Src/stm32f4xx_hal_crc.o
HAL_CRC_MspInit                                   STM32Cube_FW_F4_V1.9.0/Drivers/STM32F4xx_HAL_Driver/Src/stm32f4xx_hal_crc.o
HAL_DBGMCU_DisableDBGSleepMode                    STM32Cube_FW_F4_V1.9.0/Drivers/STM32F4xx_HAL_Driver/Src/stm32f4xx_hal.o
HAL_DBGMCU_DisableDBGStandbyMode                  STM32Cube_FW_F4_V1.9.0/Drivers/STM32F4xx_HAL_Driver/Src/stm32f4xx_hal.o
HAL_DBGMCU_DisableDBGStopMode                     STM32Cube_FW_F4_V1.9.0/Drivers/STM32F4xx_HAL_Driver/Src/stm32f4xx_hal.o
HAL_DBGMCU_EnableDBGSleepMode                     STM32Cube_FW_F4_V1.9.0/Drivers/STM32F4xx_HAL_Driver/Src/stm32f4xx_hal.o
HAL_DBGMCU_EnableDBGStandbyMode                   STM32Cube_FW_F4_V1.9.0/Drivers/STM32F4xx_HAL_Driver/Src/stm32f4xx_hal.o
HAL_DBGMCU_EnableDBGStopMode                      STM32Cube_FW_F4_V1.9.0/Drivers/STM32F4xx_HAL_Driver/Src/stm32f4xx_hal.o
HAL_DMA_Abort                                     STM32Cube_FW_F4_V1.9.0/Drivers/STM32F4xx_HAL_Driver/Src/stm32f4xx_hal_dma.o
                                                  STM32Cube_FW_F4_V1.9.0/Drivers/STM32F4xx_HAL_Driver/Src/stm32f4xx_hal_i2s_ex.o
                                                  STM32Cube_FW_F4_V1.9.0/Drivers/STM32F4xx_HAL_Driver/Src/stm32f4xx_hal_i2s.o
                                                  STM32Cube_FW_F4_V1.9.0/Drivers/STM32F4xx_HAL_Driver/Src/stm32f4xx_hal_spi.o
                                                  STM32Cube_FW_F4_V1.9.0/Drivers/STM32F4xx_HAL_Driver/Src/stm32f4xx_hal_usart.o
                                                  STM32Cube_FW_F4_V1.9.0/Drivers/STM32F4xx_HAL_Driver/Src/stm32f4xx_hal_uart.o
HAL_DMA_DeInit                                    STM32Cube_FW_F4_V1.9.0/Drivers/STM32F4xx_HAL_Driver/Src/stm32f4xx_hal_dma.o
HAL_DMA_GetError                                  STM32Cube_FW_F4_V1.9.0/Drivers/STM32F4xx_HAL_Driver/Src/stm32f4xx_hal_dma.o
HAL_DMA_GetState                                  STM32Cube_FW_F4_V1.9.0/Drivers/STM32F4xx_HAL_Driver/Src/stm32f4xx_hal_dma.o
HAL_DMA_IRQHandler                                STM32Cube_FW_F4_V1.9.0/Drivers/STM32F4xx_HAL_Driver/Src/stm32f4xx_hal_dma.o
HAL_DMA_Init                                      STM32Cube_FW_F4_V1.9.0/Drivers/STM32F4xx_HAL_Driver/Src/stm32f4xx_hal_dma.o
HAL_DMA_PollForTransfer                           STM32Cube_FW_F4_V1.9.0/Drivers/STM32F4xx_HAL_Driver/Src/stm32f4xx_hal_dma.o
HAL_DMA_Start                                     STM32Cube_FW_F4_V1.9.0/Drivers/STM32F4xx_HAL_Driver/Src/stm32f4xx_hal_dma.o
HAL_DMA_Start_IT                                  STM32Cube_FW_F4_V1.9.0/Drivers/STM32F4xx_HAL_Driver/Src/stm32f4xx_hal_dma.o
                                                  STM32Cube_FW_F4_V1.9.0/Drivers/STM32F4xx_HAL_Driver/Src/stm32f4xx_hal_i2s_ex.o
                                                  STM32Cube_FW_F4_V1.9.0/Drivers/STM32F4xx_HAL_Driver/Src/stm32f4xx_hal_i2s.o
                                                  STM32Cube_FW_F4_V1.9.0/Drivers/STM32F4xx_HAL_Driver/Src/stm32f4xx_hal_i2c.o
                                                  STM32Cube_FW_F4_V1.9.0/Drivers/STM32F4xx_HAL_Driver/Src/stm32f4xx_hal_spi.o
                                                  STM32Cube_FW_F4_V1.9.0/Drivers/STM32F4xx_HAL_Driver/Src/stm32f4xx_hal_usart.o
                                                  STM32Cube_FW_F4_V1.9.0/Drivers/STM32F4xx_HAL_Driver/Src/stm32f4xx_hal_uart.o
HAL_DeInit                                        STM32Cube_FW_F4_V1.9.0/Drivers/STM32F4xx_HAL_Driver/Src/stm32f4xx_hal.o
HAL_Delay                                         STM32Cube_FW_F4_V1.9.0/Drivers/STM32F4xx_HAL_Driver/Src/stm32f4xx_hal.o
HAL_DisableCompensationCell                       STM32Cube_FW_F4_V1.9.0/Drivers/STM32F4xx_HAL_Driver/Src/stm32f4xx_hal.o
HAL_EnableCompensationCell                        STM32Cube_FW_F4_V1.9.0/Drivers/STM32F4xx_HAL_Driver/Src/stm32f4xx_hal.o
HAL_GPIO_DeInit                                   STM32Cube_FW_F4_V1.9.0/Drivers/STM32F4xx_HAL_Driver/Src/stm32f4xx_hal_gpio.o
HAL_GPIO_EXTI_Callback                            STM32Cube_FW_F4_V1.9.0/Drivers/STM32F4xx_HAL_Driver/Src/stm32f4xx_hal_gpio.o
HAL_GPIO_EXTI_IRQHandler                          STM32Cube_FW_F4_V1.9.0/Drivers/STM32F4xx_HAL_Driver/Src/stm32f4xx_hal_gpio.o
HAL_GPIO_Init                                     STM32Cube_FW_F4_V1.9.0/Drivers/STM32F4xx_HAL_Driver/Src/stm32f4xx_hal_gpio.o
                                                  STM32Cube_FW_F4_V1.9.0/Drivers/STM32F4xx_HAL_Driver/Src/stm32f4xx_hal_rcc.o
                                                  leds.o
                                                  uart.o
                                                  canbus.o
HAL_GPIO_LockPin                                  STM32Cube_FW_F4_V1.9.0/Drivers/STM32F4xx_HAL_Driver/Src/stm32f4xx_hal_gpio.o
HAL_GPIO_ReadPin                                  STM32Cube_FW_F4_V1.9.0/Drivers/STM32F4xx_HAL_Driver/Src/stm32f4xx_hal_gpio.o
HAL_GPIO_TogglePin                                STM32Cube_FW_F4_V1.9.0/Drivers/STM32F4xx_HAL_Driver/Src/stm32f4xx_hal_gpio.o
                                                  leds.o
HAL_GPIO_WritePin                                 STM32Cube_FW_F4_V1.9.0/Drivers/STM32F4xx_HAL_Driver/Src/stm32f4xx_hal_gpio.o
                                                  leds.o
HAL_GetDEVID                                      STM32Cube_FW_F4_V1.9.0/Drivers/STM32F4xx_HAL_Driver/Src/stm32f4xx_hal.o
HAL_GetHalVersion                                 STM32Cube_FW_F4_V1.9.0/Drivers/STM32F4xx_HAL_Driver/Src/stm32f4xx_hal.o
HAL_GetREVID                                      STM32Cube_FW_F4_V1.9.0/Drivers/STM32F4xx_HAL_Driver/Src/stm32f4xx_hal.o
HAL_GetTick                                       STM32Cube_FW_F4_V1.9.0/Drivers/STM32F4xx_HAL_Driver/Src/stm32f4xx_hal.o
                                                  STM32Cube_FW_F4_V1.9.0/Drivers/STM32F4xx_HAL_Driver/Src/stm32f4xx_hal_i2s_ex.o
                                                  STM32Cube_FW_F4_V1.9.0/Drivers/STM32F4xx_HAL_Driver/Src/stm32f4xx_hal_i2s.o
                                                  STM32Cube_FW_F4_V1.9.0/Drivers/STM32F4xx_HAL_Driver/Src/stm32f4xx_hal_i2c.o
                                                  STM32Cube_FW_F4_V1.9.0/Drivers/STM32F4xx_HAL_Driver/Src/stm32f4xx_hal_spi.o
                                                  STM32Cube_FW_F4_V1.9.0/Drivers/STM32F4xx_HAL_Driver/Src/stm32f4xx_hal_dma.o
                                                  STM32Cube_FW_F4_V1.9.0/Drivers/STM32F4xx_HAL_Driver/Src/stm32f4xx_hal_rcc.o
                                                  STM32Cube_FW_F4_V1.9.0/Drivers/STM32F4xx_HAL_Driver/Src/stm32f4xx_hal_usart.o
                                                  STM32Cube_FW_F4_V1.9.0/Drivers/STM32F4xx_HAL_Driver/Src/stm32f4xx_hal_uart.o
                                                  STM32Cube_FW_F4_V1.9.0/Drivers/STM32F4xx_HAL_Driver/Src/stm32f4xx_hal_can.o
HAL_HalfDuplex_EnableReceiver                     STM32Cube_FW_F4_V1.9.0/Drivers/STM32F4xx_HAL_Driver/Src/stm32f4xx_hal_uart.o
HAL_HalfDuplex_EnableTransmitter                  STM32Cube_FW_F4_V1.9.0/Drivers/STM32F4xx_HAL_Driver/Src/stm32f4xx_hal_uart.o
HAL_HalfDuplex_Init                               STM32Cube_FW_F4_V1.9.0/Drivers/STM32F4xx_HAL_Driver/Src/stm32f4xx_hal_uart.o
HAL_I2C_DeInit                                    STM32Cube_FW_F4_V1.9.0/Drivers/STM32F4xx_HAL_Driver/Src/stm32f4xx_hal_i2c.o
HAL_I2C_ER_IRQHandler                             STM32Cube_FW_F4_V1.9.0/Drivers/STM32F4xx_HAL_Driver/Src/stm32f4xx_hal_i2c.o
HAL_I2C_EV_IRQHandler                             STM32Cube_FW_F4_V1.9.0/Drivers/STM32F4xx_HAL_Driver/Src/stm32f4xx_hal_i2c.o
HAL_I2C_ErrorCallback                             STM32Cube_FW_F4_V1.9.0/Drivers/STM32F4xx_HAL_Driver/Src/stm32f4xx_hal_i2c.o
HAL_I2C_GetError                                  STM32Cube_FW_F4_V1.9.0/Drivers/STM32F4xx_HAL_Driver/Src/stm32f4xx_hal_i2c.o
HAL_I2C_GetState                                  STM32Cube_FW_F4_V1.9.0/Drivers/STM32F4xx_HAL_Driver/Src/stm32f4xx_hal_i2c.o
HAL_I2C_Init                                      STM32Cube_FW_F4_V1.9.0/Drivers/STM32F4xx_HAL_Driver/Src/stm32f4xx_hal_i2c.o
HAL_I2C_IsDeviceReady                             STM32Cube_FW_F4_V1.9.0/Drivers/STM32F4xx_HAL_Driver/Src/stm32f4xx_hal_i2c.o
HAL_I2C_MasterRxCpltCallback                      STM32Cube_FW_F4_V1.9.0/Drivers/STM32F4xx_HAL_Driver/Src/stm32f4xx_hal_i2c.o